Clock: clk
Sources: clk 
Generated: no
Virtual: yes
Propagated: no
Period: 10.000000

===========================================================================
report_clock_properties
============================================================================
Clock                   Period          Waveform
----------------------------------------------------
clk                  10.000000    0.000000  5.000000

===========================================================================
report_clock_latency
============================================================================
Clock clk
rise -> rise
    min     max
0.000000 0.000000 source latency
0.876477         network latency _4503_/CLK
        1.193614 network latency _4454_/CLK
---------------
0.876477 1.193614 latency
        0.317137 skew

fall -> fall
    min     max
0.000000 0.000000 source latency
0.781701         network latency _4503_/CLK
        1.090478 network latency _4454_/CLK
---------------
0.781701 1.090478 latency
        0.308777 skew



===========================================================================
report_clock_min_period
============================================================================
clk period_min = 10.67 fmax = 93.69
