
===========================================================================
 report_power
============================================================================
======================= max_ss_100C_1v60 Corner ===================================

Group                    Internal    Switching      Leakage        Total
                            Power        Power        Power        Power (Watts)
------------------------------------------------------------------------
Sequential           1.114673e-03 1.943024e-04 4.776084e-06 1.313751e-03  18.5%
Combinational        2.483713e-03 2.519422e-03 1.157282e-05 5.014707e-03  70.4%
Clock                3.956024e-04 3.934636e-04 6.677869e-07 7.897338e-04  11.1%
Macro                0.000000e+00 0.000000e+00 0.000000e+00 0.000000e+00   0.0%
Pad                  0.000000e+00 0.000000e+00 0.000000e+00 0.000000e+00   0.0%
------------------------------------------------------------------------
Total                3.993989e-03 3.107188e-03 1.701668e-05 7.118194e-03 100.0%
                            56.1%        43.7%         0.2%

