
===========================================================================
Violator List
============================================================================
[setup reg-reg] _4503_/Q -> _4307_/D : -0.673795
[setup reg-reg] _4503_/Q -> _4279_/D : -0.660110
[setup reg-reg] _4504_/Q -> _4363_/D : -0.560418
[setup reg-reg] _4504_/Q -> _4379_/D : -0.507505
[setup reg-reg] _4504_/Q -> _4323_/D : -0.468471
[setup reg-reg] _4504_/Q -> _4339_/D : -0.462925
[setup reg-reg] _4503_/Q -> _4303_/D : -0.380223
[setup reg-reg] _4503_/Q -> _4306_/D : -0.356523
[setup reg-reg] _4504_/Q -> _4361_/D : -0.342324
[setup reg-reg] _4503_/Q -> _4278_/D : -0.325241
[setup reg-reg] _4503_/Q -> _4275_/D : -0.306598
[setup reg-reg] _4504_/Q -> _4378_/D : -0.292938
[setup reg-reg] _4504_/Q -> _4362_/D : -0.291910
[setup in-reg] D_a_00[1] -> _4395_/D : -0.287518
[setup reg-reg] _4504_/Q -> _4377_/D : -0.279957
[setup reg-reg] _4503_/Q -> _4301_/D : -0.230592
[setup in-reg] D_a_00[1] -> _4419_/D : -0.193442
[setup reg-reg] _4504_/Q -> _4322_/D : -0.164871
[setup reg-reg] _4504_/Q -> _4338_/D : -0.118073
[setup in-reg] D_a_00[1] -> _4393_/D : -0.081602
[setup in-reg] D_a_00[1] -> _4417_/D : -0.045183
[setup reg-reg] _4504_/Q -> _4360_/D : -0.021491
