
===========================================================================
report_checks -unconstrained
===========================================================================
======================= nom_tt_025C_1v80 Corner ===================================

Startpoint: rst (input port clocked by clk)
Endpoint: _4264_ (recovery check against rising-edge clock clk)
Path Group: asynchronous
Path Type: max

Fanout         Cap        Slew       Delay        Time   Description
---------------------------------------------------------------------------------------------
                                  0.000000    0.000000   clock clk (rise edge)
                                  0.000000    0.000000   clock network delay (propagated)
                                  2.000000    2.000000 v input external delay
   245    1.225931    2.660693    2.011415    4.011415 v rst (in)
                                                         rst (net)
                      2.662832    0.000000    4.011415 v _2135_/A (sky130_fd_sc_hd__inv_2)
     4    0.020900    0.493668    0.716010    4.727425 ^ _2135_/Y (sky130_fd_sc_hd__inv_2)
                                                         _0000_ (net)
                      0.493668    0.000014    4.727439 ^ _4264_/RESET_B (sky130_fd_sc_hd__dfrtp_2)
                                              4.727439   data arrival time

                                 10.000000   10.000000   clock clk (rise edge)
                                  0.000000   10.000000   clock source latency
   257    0.665624    2.960538    2.050924   12.050924 ^ clk (in)
                                                         clk (net)
                      2.961110    0.000000   12.050924 ^ _4264_/CLK (sky130_fd_sc_hd__dfrtp_2)
                                 -0.250000   11.800924   clock uncertainty
                                  0.000000   11.800924   clock reconvergence pessimism
                                  0.563574   12.364498   library recovery time
                                             12.364498   data required time
---------------------------------------------------------------------------------------------
                                             12.364498   data required time
                                             -4.727439   data arrival time
---------------------------------------------------------------------------------------------
                                              7.637059   slack (MET)


Startpoint: _4504_ (rising edge-triggered flip-flop clocked by clk)
Endpoint: _4323_ (rising edge-triggered flip-flop clocked by clk)
Path Group: clk
Path Type: max

Fanout         Cap        Slew       Delay        Time   Description
---------------------------------------------------------------------------------------------
                                  0.000000    0.000000   clock clk (rise edge)
                                  0.000000    0.000000   clock source latency
   257    0.665624    2.960538    2.046491    2.046491 ^ clk (in)
                                                         clk (net)
                      2.960970    0.000000    2.046491 ^ _4504_/CLK (sky130_fd_sc_hd__dfrtp_2)
    87    0.374512    1.724177    1.924641    3.971132 ^ _4504_/Q (sky130_fd_sc_hd__dfrtp_2)
                                                         systolic_unit_0.U_01.switch (net)
                      1.724662    0.006621    3.977753 ^ _3307_/S (sky130_fd_sc_hd__mux2_1)
     3    0.008004    0.087735    0.430408    4.408162 v _3307_/X (sky130_fd_sc_hd__mux2_1)
                                                         _1228_ (net)
                      0.087735    0.000001    4.408163 v _3308_/C (sky130_fd_sc_hd__and3_2)
     2    0.006055    0.047036    0.233587    4.641750 v _3308_/X (sky130_fd_sc_hd__and3_2)
                                                         _1229_ (net)
                      0.047036    0.000010    4.641760 v _3349_/B (sky130_fd_sc_hd__or4_2)
     3    0.011720    0.139387    0.697445    5.339206 v _3349_/X (sky130_fd_sc_hd__or4_2)
                                                         _1270_ (net)
                      0.139387    0.000030    5.339235 v _3352_/A1 (sky130_fd_sc_hd__a21o_2)
     2    0.006482    0.044174    0.231953    5.571188 v _3352_/X (sky130_fd_sc_hd__a21o_2)
                                                         _1273_ (net)
                      0.044174    0.000011    5.571200 v _3353_/C (sky130_fd_sc_hd__and3_2)
     6    0.016009    0.067109    0.243765    5.814964 v _3353_/X (sky130_fd_sc_hd__and3_2)
                                                         _1274_ (net)
                      0.067109    0.000064    5.815029 v _3378_/A (sky130_fd_sc_hd__or3_2)
     3    0.007771    0.095714    0.502190    6.317219 v _3378_/X (sky130_fd_sc_hd__or3_2)
                                                         _1299_ (net)
                      0.095714    0.000019    6.317238 v _3404_/A (sky130_fd_sc_hd__and3_2)
     3    0.006249    0.045945    0.202363    6.519601 v _3404_/X (sky130_fd_sc_hd__and3_2)
                                                         _1325_ (net)
                      0.045945    0.000018    6.519619 v _3405_/B1 (sky130_fd_sc_hd__a31o_2)
     3    0.009364    0.054354    0.231860    6.751479 v _3405_/X (sky130_fd_sc_hd__a31o_2)
                                                         _1326_ (net)
                      0.054354    0.000021    6.751500 v _3407_/A3 (sky130_fd_sc_hd__a31o_2)
     2    0.012162    0.058983    0.274090    7.025590 v _3407_/X (sky130_fd_sc_hd__a31o_2)
                                                         _1328_ (net)
                      0.058983    0.000062    7.025652 v _3408_/A2 (sky130_fd_sc_hd__a21o_2)
     3    0.016721    0.065728    0.251595    7.277247 v _3408_/X (sky130_fd_sc_hd__a21o_2)
                                                         _1329_ (net)
                      0.065728    0.000157    7.277405 v _3418_/C (sky130_fd_sc_hd__and4_2)
     2    0.005677    0.047034    0.235596    7.513000 v _3418_/X (sky130_fd_sc_hd__and4_2)
                                                         _1339_ (net)
                      0.047034    0.000042    7.513042 v _3421_/A3 (sky130_fd_sc_hd__o311a_2)
     2    0.005298    0.061856    0.336676    7.849719 v _3421_/X (sky130_fd_sc_hd__o311a_2)
                                                         _1342_ (net)
                      0.061856    0.000061    7.849780 v _3423_/C (sky130_fd_sc_hd__or3_2)
     2    0.007510    0.091793    0.435987    8.285767 v _3423_/X (sky130_fd_sc_hd__or3_2)
                                                         _1344_ (net)
                      0.091793    0.000034    8.285801 v _3425_/A3 (sky130_fd_sc_hd__a31o_2)
     1    0.010389    0.056019    0.284182    8.569983 v _3425_/X (sky130_fd_sc_hd__a31o_2)
                                                         _1346_ (net)
                      0.056019    0.000083    8.570065 v _3431_/A (sky130_fd_sc_hd__xnor2_2)
     2    0.004248    0.117153    0.150242    8.720307 ^ _3431_/Y (sky130_fd_sc_hd__xnor2_2)
                                                         _1352_ (net)
                      0.117153    0.000013    8.720321 ^ _3497_/B (sky130_fd_sc_hd__or2_2)
     1    0.002593    0.065920    0.119418    8.839739 ^ _3497_/X (sky130_fd_sc_hd__or2_2)
                                                         _1402_ (net)
                      0.065920    0.000003    8.839742 ^ _3502_/C1 (sky130_fd_sc_hd__o221a_2)
     1    0.002138    0.038826    0.161932    9.001674 ^ _3502_/X (sky130_fd_sc_hd__o221a_2)
                                                         _0304_ (net)
                      0.038826    0.000000    9.001675 ^ _4323_/D (sky130_fd_sc_hd__dfrtp_2)
                                              9.001675   data arrival time

                                 10.000000   10.000000   clock clk (rise edge)
                                  0.000000   10.000000   clock source latency
   257    0.665624    2.960538    2.039699   12.039700 ^ clk (in)
                                                         clk (net)
                      2.960795    0.000000   12.039700 ^ _4323_/CLK (sky130_fd_sc_hd__dfrtp_2)
                                 -0.250000   11.789700   clock uncertainty
                                  0.000000   11.789700   clock reconvergence pessimism
                                  0.090173   11.879872   library setup time
                                             11.879872   data required time
---------------------------------------------------------------------------------------------
                                             11.879872   data required time
                                             -9.001675   data arrival time
---------------------------------------------------------------------------------------------
                                              2.878198   slack (MET)




===========================================================================
report_checks --slack_max -0.01
============================================================================
======================= nom_tt_025C_1v80 Corner ===================================

No paths found.


===========================================================================
 report_check_types -max_slew -max_cap -max_fanout -violators
============================================================================
======================= nom_tt_025C_1v80 Corner ===================================

max slew

Pin                                        Limit        Slew       Slack
------------------------------------------------------------------------
_4171_/A                                0.750000    5.844171   -5.094171 (VIOLATED)
_4172_/A                                0.750000    5.844172   -5.094172 (VIOLATED)
_4174_/A                                0.750000    5.844172   -5.094172 (VIOLATED)
_4178_/A                                0.750000    5.844176   -5.094176 (VIOLATED)
_4180_/A                                0.750000    5.844175   -5.094174 (VIOLATED)
_4185_/A                                0.750000    5.844176   -5.094176 (VIOLATED)
_4182_/A                                0.750000    5.844169   -5.094169 (VIOLATED)
_4183_/A                                0.750000    5.844171   -5.094171 (VIOLATED)
_4186_/A                                0.750000    5.844173   -5.094173 (VIOLATED)
_4031_/A                                0.750000    5.844160   -5.094160 (VIOLATED)
_4047_/A                                0.750000    5.844161   -5.094161 (VIOLATED)
_4103_/A                                0.750000    5.844157   -5.094157 (VIOLATED)
_4029_/A                                0.750000    5.844147   -5.094147 (VIOLATED)
_4030_/A                                0.750000    5.844149   -5.094149 (VIOLATED)
_4033_/A                                0.750000    5.844146   -5.094146 (VIOLATED)
_4045_/A                                0.750000    5.844149   -5.094149 (VIOLATED)
_4046_/A                                0.750000    5.844150   -5.094150 (VIOLATED)
_4049_/A                                0.750000    5.844146   -5.094146 (VIOLATED)
_4101_/A                                0.750000    5.844151   -5.094151 (VIOLATED)
_4104_/A                                0.750000    5.844155   -5.094155 (VIOLATED)
_4117_/A                                0.750000    5.844155   -5.094154 (VIOLATED)
_4119_/A                                0.750000    5.844157   -5.094157 (VIOLATED)
_4120_/A                                0.750000    5.844155   -5.094155 (VIOLATED)
_4175_/A                                0.750000    5.844152   -5.094152 (VIOLATED)
_4177_/A                                0.750000    5.844152   -5.094152 (VIOLATED)
_4179_/A                                0.750000    5.844153   -5.094153 (VIOLATED)
_4181_/A                                0.750000    5.844154   -5.094154 (VIOLATED)
_4105_/A                                0.750000    5.844143   -5.094143 (VIOLATED)
_4121_/A                                0.750000    5.844144   -5.094144 (VIOLATED)
_4032_/A                                0.750000    5.844136   -5.094135 (VIOLATED)
_4044_/A                                0.750000    5.844137   -5.094137 (VIOLATED)
_4048_/A                                0.750000    5.844138   -5.094138 (VIOLATED)
_4102_/A                                0.750000    5.844136   -5.094135 (VIOLATED)
_4106_/A                                0.750000    5.844138   -5.094138 (VIOLATED)
_4118_/A                                0.750000    5.844136   -5.094136 (VIOLATED)
_4122_/A                                0.750000    5.844138   -5.094138 (VIOLATED)
_4184_/A                                0.750000    5.844142   -5.094142 (VIOLATED)
_4028_/A                                0.750000    5.844128   -5.094128 (VIOLATED)
_4034_/A                                0.750000    5.844122   -5.094122 (VIOLATED)
_4050_/A                                0.750000    5.844124   -5.094124 (VIOLATED)
_4141_/A                                0.750000    5.844110   -5.094110 (VIOLATED)
_4142_/A                                0.750000    5.844108   -5.094108 (VIOLATED)
_2135_/A                                0.750000    5.844100   -5.094100 (VIOLATED)
_4025_/A                                0.750000    5.844104   -5.094104 (VIOLATED)
_4027_/A                                0.750000    5.844108   -5.094108 (VIOLATED)
_4041_/A                                0.750000    5.844105   -5.094105 (VIOLATED)
_4043_/A                                0.750000    5.844107   -5.094107 (VIOLATED)
_4026_/A                                0.750000    5.844099   -5.094099 (VIOLATED)
_4035_/A                                0.750000    5.844101   -5.094101 (VIOLATED)
_4042_/A                                0.750000    5.844101   -5.094101 (VIOLATED)
_4099_/A                                0.750000    5.844082   -5.094082 (VIOLATED)
_4115_/A                                0.750000    5.844082   -5.094082 (VIOLATED)
_4091_/A                                0.750000    5.844077   -5.094077 (VIOLATED)
_4100_/A                                0.750000    5.844080   -5.094080 (VIOLATED)
_4107_/A                                0.750000    5.844077   -5.094077 (VIOLATED)
_4116_/A                                0.750000    5.844080   -5.094080 (VIOLATED)
_4140_/A                                0.750000    5.844082   -5.094082 (VIOLATED)
_4139_/A                                0.750000    5.844073   -5.094073 (VIOLATED)
_4036_/A                                0.750000    5.844066   -5.094066 (VIOLATED)
_4020_/A                                0.750000    5.844058   -5.094058 (VIOLATED)
_4024_/A                                0.750000    5.843997   -5.093997 (VIOLATED)
_4040_/A                                0.750000    5.843997   -5.093997 (VIOLATED)
_4092_/A                                0.750000    5.844001   -5.094001 (VIOLATED)
_4108_/A                                0.750000    5.844001   -5.094001 (VIOLATED)
_4176_/A                                0.750000    5.843999   -5.093999 (VIOLATED)
_4021_/A                                0.750000    5.843917   -5.093917 (VIOLATED)
_4037_/A                                0.750000    5.843916   -5.093916 (VIOLATED)
_4097_/A                                0.750000    5.843862   -5.093862 (VIOLATED)
_4098_/A                                0.750000    5.843864   -5.093864 (VIOLATED)
_4113_/A                                0.750000    5.843863   -5.093863 (VIOLATED)
_4114_/A                                0.750000    5.843864   -5.093864 (VIOLATED)
_4143_/A                                0.750000    5.843865   -5.093865 (VIOLATED)
_4144_/A                                0.750000    5.843866   -5.093866 (VIOLATED)
_4145_/A                                0.750000    5.843867   -5.093867 (VIOLATED)
_4146_/A                                0.750000    5.843864   -5.093863 (VIOLATED)
_4096_/A                                0.750000    5.843856   -5.093856 (VIOLATED)
_4112_/A                                0.750000    5.843857   -5.093857 (VIOLATED)
_4095_/A                                0.750000    5.843845   -5.093845 (VIOLATED)
_4111_/A                                0.750000    5.843847   -5.093847 (VIOLATED)
_4022_/A                                0.750000    5.843840   -5.093840 (VIOLATED)
_4023_/A                                0.750000    5.843842   -5.093842 (VIOLATED)
_4038_/A                                0.750000    5.843841   -5.093841 (VIOLATED)
_4039_/A                                0.750000    5.843842   -5.093842 (VIOLATED)
_4094_/A                                0.750000    5.843835   -5.093835 (VIOLATED)
_4110_/A                                0.750000    5.843835   -5.093835 (VIOLATED)
_4245_/A                                0.750000    5.843839   -5.093839 (VIOLATED)
_4173_/A                                0.750000    5.843828   -5.093828 (VIOLATED)
_4244_/A                                0.750000    5.843823   -5.093823 (VIOLATED)
_4093_/A                                0.750000    5.843814   -5.093814 (VIOLATED)
_4109_/A                                0.750000    5.843812   -5.093812 (VIOLATED)
_4210_/A                                0.750000    5.843810   -5.093810 (VIOLATED)
_4247_/A                                0.750000    5.843811   -5.093811 (VIOLATED)
_4125_/A                                0.750000    5.843789   -5.093789 (VIOLATED)
_4149_/A                                0.750000    5.843790   -5.093790 (VIOLATED)
_4126_/A                                0.750000    5.843762   -5.093762 (VIOLATED)
_4150_/A                                0.750000    5.843762   -5.093762 (VIOLATED)
_4148_/A                                0.750000    5.843748   -5.093748 (VIOLATED)
_4124_/A                                0.750000    5.843717   -5.093717 (VIOLATED)
_4253_/A                                0.750000    5.843706   -5.093706 (VIOLATED)
_4254_/A                                0.750000    5.843708   -5.093708 (VIOLATED)
_4255_/A                                0.750000    5.843705   -5.093705 (VIOLATED)
_4250_/A                                0.750000    5.843699   -5.093699 (VIOLATED)
_4251_/A                                0.750000    5.843698   -5.093698 (VIOLATED)
_4252_/A                                0.750000    5.843699   -5.093699 (VIOLATED)
_4199_/A                                0.750000    5.843692   -5.093692 (VIOLATED)
_4200_/A                                0.750000    5.843692   -5.093692 (VIOLATED)
_4256_/A                                0.750000    5.843694   -5.093694 (VIOLATED)
_4257_/A                                0.750000    5.843695   -5.093695 (VIOLATED)
_4258_/A                                0.750000    5.843697   -5.093696 (VIOLATED)
_4170_/A                                0.750000    5.843691   -5.093691 (VIOLATED)
_4259_/A                                0.750000    5.843696   -5.093696 (VIOLATED)
_4260_/A                                0.750000    5.843696   -5.093695 (VIOLATED)
_4195_/A                                0.750000    5.843687   -5.093687 (VIOLATED)
_4196_/A                                0.750000    5.843686   -5.093686 (VIOLATED)
_4198_/A                                0.750000    5.843686   -5.093686 (VIOLATED)
_4216_/A                                0.750000    5.843690   -5.093689 (VIOLATED)
_4232_/A                                0.750000    5.843690   -5.093689 (VIOLATED)
_4261_/A                                0.750000    5.843690   -5.093690 (VIOLATED)
_4262_/A                                0.750000    5.843693   -5.093693 (VIOLATED)
_4215_/A                                0.750000    5.843681   -5.093681 (VIOLATED)
_4231_/A                                0.750000    5.843681   -5.093681 (VIOLATED)
_4248_/A                                0.750000    5.843683   -5.093683 (VIOLATED)
_4249_/A                                0.750000    5.843682   -5.093682 (VIOLATED)
_4168_/A                                0.750000    5.843672   -5.093672 (VIOLATED)
_4085_/A                                0.750000    5.843666   -5.093666 (VIOLATED)
_4166_/A                                0.750000    5.843667   -5.093667 (VIOLATED)
_4167_/A                                0.750000    5.843670   -5.093670 (VIOLATED)
_4169_/A                                0.750000    5.843671   -5.093671 (VIOLATED)
_4197_/A                                0.750000    5.843671   -5.093671 (VIOLATED)
_4211_/A                                0.750000    5.843672   -5.093672 (VIOLATED)
_4214_/A                                0.750000    5.843669   -5.093669 (VIOLATED)
_4230_/A                                0.750000    5.843669   -5.093669 (VIOLATED)
_4070_/A                                0.750000    5.843649   -5.093649 (VIOLATED)
_4165_/A                                0.750000    5.843649   -5.093649 (VIOLATED)
_4246_/A                                0.750000    5.843649   -5.093649 (VIOLATED)
_4069_/A                                0.750000    5.843642   -5.093642 (VIOLATED)
_4083_/A                                0.750000    5.843643   -5.093643 (VIOLATED)
_4084_/A                                0.750000    5.843643   -5.093643 (VIOLATED)
_4088_/A                                0.750000    5.843641   -5.093641 (VIOLATED)
_4089_/A                                0.750000    5.843641   -5.093641 (VIOLATED)
_4127_/A                                0.750000    5.843640   -5.093640 (VIOLATED)
_4151_/A                                0.750000    5.843642   -5.093642 (VIOLATED)
_4086_/A                                0.750000    5.843633   -5.093633 (VIOLATED)
_4163_/A                                0.750000    5.843638   -5.093637 (VIOLATED)
_4164_/A                                0.750000    5.843637   -5.093637 (VIOLATED)
_4194_/A                                0.750000    5.843625   -5.093625 (VIOLATED)
_4087_/A                                0.750000    5.843620   -5.093620 (VIOLATED)
_4090_/A                                0.750000    5.843610   -5.093610 (VIOLATED)
_4053_/A                                0.750000    5.843599   -5.093599 (VIOLATED)
_4054_/A                                0.750000    5.843598   -5.093598 (VIOLATED)
_4213_/A                                0.750000    5.843567   -5.093566 (VIOLATED)
_4229_/A                                0.750000    5.843567   -5.093567 (VIOLATED)
_4152_/A                                0.750000    5.843556   -5.093556 (VIOLATED)
_4052_/A                                0.750000    5.843546   -5.093546 (VIOLATED)
_4068_/A                                0.750000    5.843549   -5.093549 (VIOLATED)
_4128_/A                                0.750000    5.843536   -5.093536 (VIOLATED)
_4056_/A                                0.750000    5.843526   -5.093526 (VIOLATED)
_4055_/A                                0.750000    5.843518   -5.093518 (VIOLATED)
_4071_/A                                0.750000    5.843523   -5.093523 (VIOLATED)
_4072_/A                                0.750000    5.843526   -5.093526 (VIOLATED)
_4217_/A                                0.750000    5.843526   -5.093526 (VIOLATED)
_4233_/A                                0.750000    5.843526   -5.093526 (VIOLATED)
_4187_/A                                0.750000    5.843480   -5.093480 (VIOLATED)
_4189_/A                                0.750000    5.843480   -5.093480 (VIOLATED)
_4193_/A                                0.750000    5.843447   -5.093447 (VIOLATED)
_4066_/A                                0.750000    5.843441   -5.093441 (VIOLATED)
_4051_/A                                0.750000    5.843433   -5.093433 (VIOLATED)
_4067_/A                                0.750000    5.843435   -5.093435 (VIOLATED)
_4192_/A                                0.750000    5.843434   -5.093434 (VIOLATED)
_4212_/A                                0.750000    5.843436   -5.093436 (VIOLATED)
_4190_/A                                0.750000    5.843428   -5.093428 (VIOLATED)
_4191_/A                                0.750000    5.843428   -5.093428 (VIOLATED)
_4227_/A                                0.750000    5.843431   -5.093431 (VIOLATED)
_4228_/A                                0.750000    5.843436   -5.093436 (VIOLATED)
_4243_/A                                0.750000    5.843430   -5.093430 (VIOLATED)
_4082_/A                                0.750000    5.843412   -5.093412 (VIOLATED)
_4242_/A                                0.750000    5.843383   -5.093383 (VIOLATED)
_4226_/A                                0.750000    5.843376   -5.093376 (VIOLATED)
_4065_/A                                0.750000    5.843360   -5.093360 (VIOLATED)
_4160_/A                                0.750000    5.843359   -5.093359 (VIOLATED)
_4081_/A                                0.750000    5.843352   -5.093352 (VIOLATED)
_4136_/A                                0.750000    5.843353   -5.093353 (VIOLATED)
_4064_/A                                0.750000    5.843326   -5.093326 (VIOLATED)
_4123_/A                                0.750000    5.843309   -5.093309 (VIOLATED)
_4137_/A                                0.750000    5.843305   -5.093305 (VIOLATED)
_4138_/A                                0.750000    5.843308   -5.093308 (VIOLATED)
_4147_/A                                0.750000    5.843309   -5.093309 (VIOLATED)
_4161_/A                                0.750000    5.843306   -5.093306 (VIOLATED)
_4162_/A                                0.750000    5.843308   -5.093308 (VIOLATED)
_4225_/A                                0.750000    5.843301   -5.093301 (VIOLATED)
_4241_/A                                0.750000    5.843302   -5.093302 (VIOLATED)
_4080_/A                                0.750000    5.843291   -5.093291 (VIOLATED)
_4063_/A                                0.750000    5.843272   -5.093272 (VIOLATED)
_4079_/A                                0.750000    5.843274   -5.093274 (VIOLATED)
_4135_/A                                0.750000    5.843277   -5.093277 (VIOLATED)
_4159_/A                                0.750000    5.843280   -5.093280 (VIOLATED)
_4224_/A                                0.750000    5.843273   -5.093273 (VIOLATED)
_4240_/A                                0.750000    5.843274   -5.093274 (VIOLATED)
_4158_/A                                0.750000    5.843257   -5.093257 (VIOLATED)
_4134_/A                                0.750000    5.843250   -5.093250 (VIOLATED)
_4133_/A                                0.750000    5.843213   -5.093213 (VIOLATED)
_4157_/A                                0.750000    5.843217   -5.093217 (VIOLATED)
_4132_/A                                0.750000    5.843206   -5.093206 (VIOLATED)
_4156_/A                                0.750000    5.843211   -5.093210 (VIOLATED)
_4155_/A                                0.750000    5.843138   -5.093138 (VIOLATED)
_4058_/A                                0.750000    5.843125   -5.093125 (VIOLATED)
_4059_/A                                0.750000    5.843127   -5.093126 (VIOLATED)
_4060_/A                                0.750000    5.843120   -5.093120 (VIOLATED)
_4074_/A                                0.750000    5.843125   -5.093125 (VIOLATED)
_4075_/A                                0.750000    5.843128   -5.093128 (VIOLATED)
_4202_/A                                0.750000    5.843126   -5.093126 (VIOLATED)
_4203_/A                                0.750000    5.843126   -5.093126 (VIOLATED)
_4219_/A                                0.750000    5.843130   -5.093130 (VIOLATED)
_4220_/A                                0.750000    5.843130   -5.093130 (VIOLATED)
_4235_/A                                0.750000    5.843130   -5.093130 (VIOLATED)
_4236_/A                                0.750000    5.843130   -5.093130 (VIOLATED)
_4076_/A                                0.750000    5.843120   -5.093120 (VIOLATED)
_4188_/A                                0.750000    5.843121   -5.093120 (VIOLATED)
_4204_/A                                0.750000    5.843116   -5.093116 (VIOLATED)
_4221_/A                                0.750000    5.843119   -5.093119 (VIOLATED)
_4237_/A                                0.750000    5.843119   -5.093119 (VIOLATED)
_4057_/A                                0.750000    5.843109   -5.093109 (VIOLATED)
_4061_/A                                0.750000    5.843110   -5.093110 (VIOLATED)
_4073_/A                                0.750000    5.843109   -5.093109 (VIOLATED)
_4077_/A                                0.750000    5.843110   -5.093110 (VIOLATED)
_4205_/A                                0.750000    5.843110   -5.093110 (VIOLATED)
_4201_/A                                0.750000    5.843104   -5.093104 (VIOLATED)
_4218_/A                                0.750000    5.843108   -5.093107 (VIOLATED)
_4222_/A                                0.750000    5.843111   -5.093111 (VIOLATED)
_4234_/A                                0.750000    5.843108   -5.093107 (VIOLATED)
_4238_/A                                0.750000    5.843111   -5.093111 (VIOLATED)
_4263_/A                                0.750000    5.843111   -5.093111 (VIOLATED)
_4062_/A                                0.750000    5.843091   -5.093091 (VIOLATED)
_4078_/A                                0.750000    5.843091   -5.093091 (VIOLATED)
_4206_/A                                0.750000    5.843095   -5.093094 (VIOLATED)
_4207_/A                                0.750000    5.843091   -5.093091 (VIOLATED)
_4223_/A                                0.750000    5.843091   -5.093091 (VIOLATED)
_4239_/A                                0.750000    5.843091   -5.093091 (VIOLATED)
_4154_/A                                0.750000    5.843083   -5.093083 (VIOLATED)
_4209_/A                                0.750000    5.843084   -5.093084 (VIOLATED)
_4129_/A                                0.750000    5.843075   -5.093075 (VIOLATED)
_4153_/A                                0.750000    5.843075   -5.093075 (VIOLATED)
_4208_/A                                0.750000    5.843069   -5.093069 (VIOLATED)
_4131_/A                                0.750000    5.843058   -5.093058 (VIOLATED)
_4130_/A                                0.750000    5.843047   -5.093047 (VIOLATED)
rst                                     0.750000    5.842948   -5.092948 (VIOLATED)
_4436_/CLK                              0.750000    2.961142   -2.211142 (VIOLATED)
_4438_/CLK                              0.750000    2.961142   -2.211142 (VIOLATED)
_4431_/CLK                              0.750000    2.961139   -2.211139 (VIOLATED)
_4432_/CLK                              0.750000    2.961140   -2.211140 (VIOLATED)
_4434_/CLK                              0.750000    2.961141   -2.211141 (VIOLATED)
_4274_/CLK                              0.750000    2.961137   -2.211137 (VIOLATED)
_4302_/CLK                              0.750000    2.961137   -2.211137 (VIOLATED)
_4441_/CLK                              0.750000    2.961138   -2.211138 (VIOLATED)
_4443_/CLK                              0.750000    2.961139   -2.211139 (VIOLATED)
_4277_/CLK                              0.750000    2.961133   -2.211133 (VIOLATED)
_4305_/CLK                              0.750000    2.961134   -2.211133 (VIOLATED)
_4428_/CLK                              0.750000    2.961133   -2.211133 (VIOLATED)
_4429_/CLK                              0.750000    2.961134   -2.211134 (VIOLATED)
_4435_/CLK                              0.750000    2.961136   -2.211136 (VIOLATED)
_4437_/CLK                              0.750000    2.961134   -2.211134 (VIOLATED)
_4439_/CLK                              0.750000    2.961133   -2.211133 (VIOLATED)
_4440_/CLK                              0.750000    2.961134   -2.211134 (VIOLATED)
_4442_/CLK                              0.750000    2.961135   -2.211135 (VIOLATED)
_4276_/CLK                              0.750000    2.961130   -2.211130 (VIOLATED)
_4304_/CLK                              0.750000    2.961130   -2.211130 (VIOLATED)
_4360_/CLK                              0.750000    2.961131   -2.211131 (VIOLATED)
_4358_/CLK                              0.750000    2.961128   -2.211128 (VIOLATED)
_4361_/CLK                              0.750000    2.961130   -2.211130 (VIOLATED)
_4374_/CLK                              0.750000    2.961130   -2.211130 (VIOLATED)
_4376_/CLK                              0.750000    2.961131   -2.211131 (VIOLATED)
_4377_/CLK                              0.750000    2.961130   -2.211130 (VIOLATED)
_4275_/CLK                              0.750000    2.961126   -2.211126 (VIOLATED)
_4278_/CLK                              0.750000    2.961126   -2.211126 (VIOLATED)
_4279_/CLK                              0.750000    2.961125   -2.211125 (VIOLATED)
_4303_/CLK                              0.750000    2.961126   -2.211126 (VIOLATED)
_4306_/CLK                              0.750000    2.961126   -2.211126 (VIOLATED)
_4307_/CLK                              0.750000    2.961126   -2.211126 (VIOLATED)
_4362_/CLK                              0.750000    2.961125   -2.211125 (VIOLATED)
_4378_/CLK                              0.750000    2.961125   -2.211125 (VIOLATED)
_4272_/CLK                              0.750000    2.961122   -2.211122 (VIOLATED)
_4300_/CLK                              0.750000    2.961122   -2.211122 (VIOLATED)
_4301_/CLK                              0.750000    2.961121   -2.211121 (VIOLATED)
_4359_/CLK                              0.750000    2.961121   -2.211121 (VIOLATED)
_4363_/CLK                              0.750000    2.961122   -2.211123 (VIOLATED)
_4375_/CLK                              0.750000    2.961122   -2.211122 (VIOLATED)
_4379_/CLK                              0.750000    2.961122   -2.211123 (VIOLATED)
_4399_/CLK                              0.750000    2.961123   -2.211123 (VIOLATED)
_4273_/CLK                              0.750000    2.961117   -2.211117 (VIOLATED)
_4398_/CLK                              0.750000    2.961117   -2.211117 (VIOLATED)
_4264_/CLK                              0.750000    2.961110   -2.211110 (VIOLATED)
_4270_/CLK                              0.750000    2.961111   -2.211110 (VIOLATED)
_4292_/CLK                              0.750000    2.961112   -2.211111 (VIOLATED)
_4298_/CLK                              0.750000    2.961111   -2.211110 (VIOLATED)
_4271_/CLK                              0.750000    2.961105   -2.211105 (VIOLATED)
_4299_/CLK                              0.750000    2.961106   -2.211106 (VIOLATED)
_4397_/CLK                              0.750000    2.961100   -2.211100 (VIOLATED)
_4356_/CLK                              0.750000    2.961098   -2.211098 (VIOLATED)
_4372_/CLK                              0.750000    2.961098   -2.211098 (VIOLATED)
_4348_/CLK                              0.750000    2.961095   -2.211095 (VIOLATED)
_4357_/CLK                              0.750000    2.961097   -2.211097 (VIOLATED)
_4364_/CLK                              0.750000    2.961096   -2.211095 (VIOLATED)
_4373_/CLK                              0.750000    2.961097   -2.211097 (VIOLATED)
_4396_/CLK                              0.750000    2.961094   -2.211094 (VIOLATED)
_4293_/CLK                              0.750000    2.961090   -2.211090 (VIOLATED)
_4265_/CLK                              0.750000    2.961088   -2.211088 (VIOLATED)
_4269_/CLK                              0.750000    2.961058   -2.211058 (VIOLATED)
_4297_/CLK                              0.750000    2.961058   -2.211059 (VIOLATED)
_4349_/CLK                              0.750000    2.961060   -2.211060 (VIOLATED)
_4365_/CLK                              0.750000    2.961060   -2.211060 (VIOLATED)
_4433_/CLK                              0.750000    2.961060   -2.211059 (VIOLATED)
_4266_/CLK                              0.750000    2.961021   -2.211022 (VIOLATED)
_4294_/CLK                              0.750000    2.961021   -2.211021 (VIOLATED)
_4401_/CLK                              0.750000    2.960996   -2.210996 (VIOLATED)
_4402_/CLK                              0.750000    2.960996   -2.210996 (VIOLATED)
_4354_/CLK                              0.750000    2.960994   -2.210994 (VIOLATED)
_4355_/CLK                              0.750000    2.960995   -2.210995 (VIOLATED)
_4370_/CLK                              0.750000    2.960994   -2.210994 (VIOLATED)
_4371_/CLK                              0.750000    2.960995   -2.210995 (VIOLATED)
_4400_/CLK                              0.750000    2.960995   -2.210995 (VIOLATED)
_4403_/CLK                              0.750000    2.960995   -2.210994 (VIOLATED)
_4353_/CLK                              0.750000    2.960991   -2.210991 (VIOLATED)
_4369_/CLK                              0.750000    2.960991   -2.210991 (VIOLATED)
_4267_/CLK                              0.750000    2.960985   -2.210985 (VIOLATED)
_4268_/CLK                              0.750000    2.960985   -2.210985 (VIOLATED)
_4295_/CLK                              0.750000    2.960985   -2.210985 (VIOLATED)
_4296_/CLK                              0.750000    2.960985   -2.210986 (VIOLATED)
_4352_/CLK                              0.750000    2.960986   -2.210986 (VIOLATED)
_4368_/CLK                              0.750000    2.960987   -2.210987 (VIOLATED)
_4502_/CLK                              0.750000    2.960984   -2.210984 (VIOLATED)
_4351_/CLK                              0.750000    2.960981   -2.210981 (VIOLATED)
_4367_/CLK                              0.750000    2.960981   -2.210981 (VIOLATED)
_4430_/CLK                              0.750000    2.960978   -2.210978 (VIOLATED)
_4501_/CLK                              0.750000    2.960976   -2.210976 (VIOLATED)
_4350_/CLK                              0.750000    2.960972   -2.210971 (VIOLATED)
_4366_/CLK                              0.750000    2.960970   -2.210970 (VIOLATED)
_4467_/CLK                              0.750000    2.960969   -2.210969 (VIOLATED)
_4504_/CLK                              0.750000    2.960970   -2.210970 (VIOLATED)
_4382_/CLK                              0.750000    2.960959   -2.210959 (VIOLATED)
_4406_/CLK                              0.750000    2.960960   -2.210960 (VIOLATED)
_4280_/CLK                              0.750000    2.960950   -2.210950 (VIOLATED)
_4281_/CLK                              0.750000    2.960950   -2.210950 (VIOLATED)
_4282_/CLK                              0.750000    2.960950   -2.210951 (VIOLATED)
_4283_/CLK                              0.750000    2.960951   -2.210951 (VIOLATED)
_4284_/CLK                              0.750000    2.960951   -2.210952 (VIOLATED)
_4285_/CLK                              0.750000    2.960952   -2.210952 (VIOLATED)
_4286_/CLK                              0.750000    2.960951   -2.210952 (VIOLATED)
_4287_/CLK                              0.750000    2.960951   -2.210952 (VIOLATED)
_4288_/CLK                              0.750000    2.960952   -2.210952 (VIOLATED)
_4383_/CLK                              0.750000    2.960948   -2.210948 (VIOLATED)
_4407_/CLK                              0.750000    2.960948   -2.210948 (VIOLATED)
_4513_/CLK                              0.750000    2.960950   -2.210950 (VIOLATED)
_4514_/CLK                              0.750000    2.960950   -2.210950 (VIOLATED)
_4515_/CLK                              0.750000    2.960951   -2.210951 (VIOLATED)
_4516_/CLK                              0.750000    2.960951   -2.210951 (VIOLATED)
_4517_/CLK                              0.750000    2.960951   -2.210951 (VIOLATED)
_4519_/CLK                              0.750000    2.960950   -2.210950 (VIOLATED)
_4518_/CLK                              0.750000    2.960947   -2.210948 (VIOLATED)
_4452_/CLK                              0.750000    2.960943   -2.210943 (VIOLATED)
_4457_/CLK                              0.750000    2.960945   -2.210945 (VIOLATED)
_4453_/CLK                              0.750000    2.960943   -2.210943 (VIOLATED)
_4455_/CLK                              0.750000    2.960944   -2.210944 (VIOLATED)
_4456_/CLK                              0.750000    2.960945   -2.210945 (VIOLATED)
_4473_/CLK                              0.750000    2.960944   -2.210944 (VIOLATED)
_4489_/CLK                              0.750000    2.960944   -2.210944 (VIOLATED)
_4289_/CLK                              0.750000    2.960937   -2.210937 (VIOLATED)
_4290_/CLK                              0.750000    2.960938   -2.210938 (VIOLATED)
_4291_/CLK                              0.750000    2.960938   -2.210938 (VIOLATED)
_4405_/CLK                              0.750000    2.960939   -2.210939 (VIOLATED)
_4472_/CLK                              0.750000    2.960940   -2.210940 (VIOLATED)
_4488_/CLK                              0.750000    2.960940   -2.210940 (VIOLATED)
_4454_/CLK                              0.750000    2.960936   -2.210936 (VIOLATED)
_4468_/CLK                              0.750000    2.960937   -2.210937 (VIOLATED)
_4342_/CLK                              0.750000    2.960931   -2.210931 (VIOLATED)
_4471_/CLK                              0.750000    2.960933   -2.210933 (VIOLATED)
_4487_/CLK                              0.750000    2.960933   -2.210933 (VIOLATED)
_4381_/CLK                              0.750000    2.960925   -2.210925 (VIOLATED)
_4327_/CLK                              0.750000    2.960919   -2.210919 (VIOLATED)
_4503_/CLK                              0.750000    2.960919   -2.210920 (VIOLATED)
_4510_/CLK                              0.750000    2.960920   -2.210920 (VIOLATED)
_4511_/CLK                              0.750000    2.960921   -2.210921 (VIOLATED)
_4512_/CLK                              0.750000    2.960920   -2.210920 (VIOLATED)
_4507_/CLK                              0.750000    2.960917   -2.210917 (VIOLATED)
_4326_/CLK                              0.750000    2.960915   -2.210915 (VIOLATED)
_4340_/CLK                              0.750000    2.960915   -2.210915 (VIOLATED)
_4341_/CLK                              0.750000    2.960915   -2.210915 (VIOLATED)
_4345_/CLK                              0.750000    2.960914   -2.210914 (VIOLATED)
_4346_/CLK                              0.750000    2.960914   -2.210914 (VIOLATED)
_4508_/CLK                              0.750000    2.960916   -2.210916 (VIOLATED)
_4509_/CLK                              0.750000    2.960917   -2.210917 (VIOLATED)
_4427_/CLK                              0.750000    2.960912   -2.210912 (VIOLATED)
_4343_/CLK                              0.750000    2.960910   -2.210910 (VIOLATED)
_4505_/CLK                              0.750000    2.960908   -2.210908 (VIOLATED)
_4506_/CLK                              0.750000    2.960908   -2.210908 (VIOLATED)
_4425_/CLK                              0.750000    2.960903   -2.210903 (VIOLATED)
_4344_/CLK                              0.750000    2.960901   -2.210900 (VIOLATED)
_4423_/CLK                              0.750000    2.960900   -2.210900 (VIOLATED)
_4424_/CLK                              0.750000    2.960902   -2.210902 (VIOLATED)
_4426_/CLK                              0.750000    2.960902   -2.210902 (VIOLATED)
_4347_/CLK                              0.750000    2.960895   -2.210895 (VIOLATED)
_4422_/CLK                              0.750000    2.960891   -2.210891 (VIOLATED)
_4310_/CLK                              0.750000    2.960888   -2.210888 (VIOLATED)
_4311_/CLK                              0.750000    2.960887   -2.210887 (VIOLATED)
_4384_/CLK                              0.750000    2.960885   -2.210885 (VIOLATED)
_4408_/CLK                              0.750000    2.960886   -2.210887 (VIOLATED)
_4420_/CLK                              0.750000    2.960885   -2.210885 (VIOLATED)
_4421_/CLK                              0.750000    2.960885   -2.210884 (VIOLATED)
_4451_/CLK                              0.750000    2.960878   -2.210878 (VIOLATED)
_4470_/CLK                              0.750000    2.960868   -2.210868 (VIOLATED)
_4486_/CLK                              0.750000    2.960868   -2.210868 (VIOLATED)
_4325_/CLK                              0.750000    2.960858   -2.210858 (VIOLATED)
_4309_/CLK                              0.750000    2.960856   -2.210855 (VIOLATED)
_4313_/CLK                              0.750000    2.960844   -2.210844 (VIOLATED)
_4409_/CLK                              0.750000    2.960845   -2.210845 (VIOLATED)
_4328_/CLK                              0.750000    2.960842   -2.210842 (VIOLATED)
_4329_/CLK                              0.750000    2.960844   -2.210844 (VIOLATED)
_4474_/CLK                              0.750000    2.960844   -2.210844 (VIOLATED)
_4490_/CLK                              0.750000    2.960844   -2.210844 (VIOLATED)
_4312_/CLK                              0.750000    2.960840   -2.210840 (VIOLATED)
_4385_/CLK                              0.750000    2.960835   -2.210835 (VIOLATED)
_4444_/CLK                              0.750000    2.960817   -2.210817 (VIOLATED)
_4446_/CLK                              0.750000    2.960817   -2.210817 (VIOLATED)
_4323_/CLK                              0.750000    2.960795   -2.210795 (VIOLATED)
_4308_/CLK                              0.750000    2.960791   -2.210791 (VIOLATED)
_4324_/CLK                              0.750000    2.960792   -2.210792 (VIOLATED)
_4469_/CLK                              0.750000    2.960792   -2.210792 (VIOLATED)
_4485_/CLK                              0.750000    2.960792   -2.210792 (VIOLATED)
_4450_/CLK                              0.750000    2.960789   -2.210789 (VIOLATED)
_4484_/CLK                              0.750000    2.960790   -2.210790 (VIOLATED)
_4500_/CLK                              0.750000    2.960789   -2.210789 (VIOLATED)
_4339_/CLK                              0.750000    2.960780   -2.210780 (VIOLATED)
_4449_/CLK                              0.750000    2.960782   -2.210781 (VIOLATED)
_4447_/CLK                              0.750000    2.960779   -2.210779 (VIOLATED)
_4448_/CLK                              0.750000    2.960779   -2.210779 (VIOLATED)
_4499_/CLK                              0.750000    2.960763   -2.210763 (VIOLATED)
_4483_/CLK                              0.750000    2.960759   -2.210759 (VIOLATED)
_4322_/CLK                              0.750000    2.960751   -2.210751 (VIOLATED)
_4338_/CLK                              0.750000    2.960747   -2.210747 (VIOLATED)
_4417_/CLK                              0.750000    2.960743   -2.210744 (VIOLATED)
_4393_/CLK                              0.750000    2.960741   -2.210741 (VIOLATED)
_4321_/CLK                              0.750000    2.960732   -2.210732 (VIOLATED)
_4380_/CLK                              0.750000    2.960722   -2.210722 (VIOLATED)
_4404_/CLK                              0.750000    2.960722   -2.210722 (VIOLATED)
_4394_/CLK                              0.750000    2.960720   -2.210720 (VIOLATED)
_4395_/CLK                              0.750000    2.960721   -2.210721 (VIOLATED)
_4418_/CLK                              0.750000    2.960720   -2.210721 (VIOLATED)
_4419_/CLK                              0.750000    2.960721   -2.210721 (VIOLATED)
_4482_/CLK                              0.750000    2.960718   -2.210718 (VIOLATED)
_4498_/CLK                              0.750000    2.960719   -2.210719 (VIOLATED)
_4337_/CLK                              0.750000    2.960714   -2.210713 (VIOLATED)
_4320_/CLK                              0.750000    2.960703   -2.210703 (VIOLATED)
_4336_/CLK                              0.750000    2.960704   -2.210704 (VIOLATED)
_4392_/CLK                              0.750000    2.960703   -2.210703 (VIOLATED)
_4416_/CLK                              0.750000    2.960705   -2.210705 (VIOLATED)
_4481_/CLK                              0.750000    2.960704   -2.210704 (VIOLATED)
_4497_/CLK                              0.750000    2.960704   -2.210704 (VIOLATED)
_4415_/CLK                              0.750000    2.960695   -2.210694 (VIOLATED)
_4391_/CLK                              0.750000    2.960691   -2.210691 (VIOLATED)
_4390_/CLK                              0.750000    2.960671   -2.210671 (VIOLATED)
_4414_/CLK                              0.750000    2.960673   -2.210673 (VIOLATED)
_4413_/CLK                              0.750000    2.960670   -2.210670 (VIOLATED)
_4389_/CLK                              0.750000    2.960668   -2.210668 (VIOLATED)
_4412_/CLK                              0.750000    2.960633   -2.210633 (VIOLATED)
_4476_/CLK                              0.750000    2.960628   -2.210628 (VIOLATED)
_4315_/CLK                              0.750000    2.960626   -2.210626 (VIOLATED)
_4316_/CLK                              0.750000    2.960627   -2.210626 (VIOLATED)
_4477_/CLK                              0.750000    2.960628   -2.210628 (VIOLATED)
_4492_/CLK                              0.750000    2.960628   -2.210628 (VIOLATED)
_4493_/CLK                              0.750000    2.960628   -2.210628 (VIOLATED)
_4317_/CLK                              0.750000    2.960625   -2.210625 (VIOLATED)
_4331_/CLK                              0.750000    2.960626   -2.210626 (VIOLATED)
_4332_/CLK                              0.750000    2.960627   -2.210627 (VIOLATED)
_4333_/CLK                              0.750000    2.960625   -2.210625 (VIOLATED)
_4445_/CLK                              0.750000    2.960625   -2.210625 (VIOLATED)
_4459_/CLK                              0.750000    2.960624   -2.210625 (VIOLATED)
_4460_/CLK                              0.750000    2.960624   -2.210625 (VIOLATED)
_4461_/CLK                              0.750000    2.960623   -2.210623 (VIOLATED)
_4478_/CLK                              0.750000    2.960624   -2.210624 (VIOLATED)
_4494_/CLK                              0.750000    2.960624   -2.210624 (VIOLATED)
_4314_/CLK                              0.750000    2.960618   -2.210618 (VIOLATED)
_4318_/CLK                              0.750000    2.960618   -2.210618 (VIOLATED)
_4330_/CLK                              0.750000    2.960618   -2.210618 (VIOLATED)
_4334_/CLK                              0.750000    2.960618   -2.210618 (VIOLATED)
_4462_/CLK                              0.750000    2.960619   -2.210619 (VIOLATED)
_4520_/CLK                              0.750000    2.960619   -2.210619 (VIOLATED)
_4458_/CLK                              0.750000    2.960617   -2.210617 (VIOLATED)
_4475_/CLK                              0.750000    2.960617   -2.210618 (VIOLATED)
_4479_/CLK                              0.750000    2.960619   -2.210619 (VIOLATED)
_4491_/CLK                              0.750000    2.960617   -2.210618 (VIOLATED)
_4495_/CLK                              0.750000    2.960619   -2.210619 (VIOLATED)
_4319_/CLK                              0.750000    2.960611   -2.210611 (VIOLATED)
_4335_/CLK                              0.750000    2.960611   -2.210611 (VIOLATED)
_4463_/CLK                              0.750000    2.960612   -2.210612 (VIOLATED)
_4464_/CLK                              0.750000    2.960611   -2.210611 (VIOLATED)
_4480_/CLK                              0.750000    2.960610   -2.210610 (VIOLATED)
_4496_/CLK                              0.750000    2.960610   -2.210610 (VIOLATED)
_4411_/CLK                              0.750000    2.960606   -2.210606 (VIOLATED)
_4466_/CLK                              0.750000    2.960607   -2.210607 (VIOLATED)
_4386_/CLK                              0.750000    2.960603   -2.210603 (VIOLATED)
_4410_/CLK                              0.750000    2.960603   -2.210603 (VIOLATED)
_4465_/CLK                              0.750000    2.960600   -2.210600 (VIOLATED)
_4388_/CLK                              0.750000    2.960594   -2.210594 (VIOLATED)
_4387_/CLK                              0.750000    2.960590   -2.210590 (VIOLATED)
clk                                     0.750000    2.960538   -2.210538 (VIOLATED)
_3176_/S                                0.750000    1.724709   -0.974709 (VIOLATED)
_3222_/S                                0.750000    1.724710   -0.974710 (VIOLATED)
_3461_/A                                0.750000    1.724709   -0.974709 (VIOLATED)
_3467_/S                                0.750000    1.724707   -0.974707 (VIOLATED)
_3515_/A                                0.750000    1.724708   -0.974708 (VIOLATED)
_3175_/S                                0.750000    1.724704   -0.974704 (VIOLATED)
_3459_/S                                0.750000    1.724704   -0.974704 (VIOLATED)
_3258_/S                                0.750000    1.724699   -0.974699 (VIOLATED)
_3469_/A                                0.750000    1.724699   -0.974700 (VIOLATED)
_3519_/A                                0.750000    1.724700   -0.974700 (VIOLATED)
_3453_/A                                0.750000    1.724697   -0.974697 (VIOLATED)
_3511_/A                                0.750000    1.724698   -0.974698 (VIOLATED)
_3161_/S                                0.750000    1.724696   -0.974696 (VIOLATED)
_3128_/S                                0.750000    1.724691   -0.974691 (VIOLATED)
_3450_/S                                0.750000    1.724691   -0.974691 (VIOLATED)
_3470_/B1                               0.750000    1.724692   -0.974692 (VIOLATED)
_3507_/A                                0.750000    1.724690   -0.974690 (VIOLATED)
_3443_/A                                0.750000    1.724689   -0.974689 (VIOLATED)
_3103_/S                                0.750000    1.724685   -0.974685 (VIOLATED)
_3444_/B1                               0.750000    1.724679   -0.974679 (VIOLATED)
_3454_/B1                               0.750000    1.724680   -0.974680 (VIOLATED)
_3462_/B1                               0.750000    1.724680   -0.974680 (VIOLATED)
_3083_/S                                0.750000    1.724677   -0.974677 (VIOLATED)
_3441_/S                                0.750000    1.724678   -0.974678 (VIOLATED)
_3434_/A                                0.750000    1.724677   -0.974677 (VIOLATED)
_3503_/A                                0.750000    1.724676   -0.974676 (VIOLATED)
_3435_/B1                               0.750000    1.724673   -0.974673 (VIOLATED)
_3071_/S                                0.750000    1.724670   -0.974670 (VIOLATED)
_3432_/S                                0.750000    1.724663   -0.974663 (VIOLATED)
_4503_/D                                0.750000    1.724663   -0.974663 (VIOLATED)
_3307_/S                                0.750000    1.724662   -0.974662 (VIOLATED)
_3344_/S                                0.750000    1.724661   -0.974661 (VIOLATED)
_3368_/S                                0.750000    1.724661   -0.974661 (VIOLATED)
_3497_/A                                0.750000    1.724661   -0.974661 (VIOLATED)
_3427_/S                                0.750000    1.724659   -0.974659 (VIOLATED)
_3481_/A                                0.750000    1.724659   -0.974659 (VIOLATED)
_3486_/A                                0.750000    1.724180   -0.974180 (VIOLATED)
_3283_/S                                0.750000    1.724178   -0.974178 (VIOLATED)
_3477_/A                                0.750000    1.724178   -0.974178 (VIOLATED)
_3525_/A                                0.750000    1.724179   -0.974179 (VIOLATED)
_2136_/A                                0.750000    1.724177   -0.974177 (VIOLATED)
_2638_/B                                0.750000    1.724177   -0.974177 (VIOLATED)
_2649_/S                                0.750000    1.724177   -0.974177 (VIOLATED)
_2654_/S                                0.750000    1.724177   -0.974177 (VIOLATED)
_2661_/S                                0.750000    1.724177   -0.974177 (VIOLATED)
_2663_/S                                0.750000    1.724177   -0.974177 (VIOLATED)
_2689_/S                                0.750000    1.724177   -0.974177 (VIOLATED)
_2715_/S                                0.750000    1.724177   -0.974177 (VIOLATED)
_2717_/S                                0.750000    1.724177   -0.974177 (VIOLATED)
_2751_/S                                0.750000    1.724177   -0.974177 (VIOLATED)
_2790_/S                                0.750000    1.724177   -0.974177 (VIOLATED)
_2828_/S                                0.750000    1.724177   -0.974177 (VIOLATED)
_2872_/S                                0.750000    1.724177   -0.974177 (VIOLATED)
_2893_/S                                0.750000    1.724177   -0.974177 (VIOLATED)
_2921_/S                                0.750000    1.724177   -0.974177 (VIOLATED)
_2941_/S                                0.750000    1.724177   -0.974177 (VIOLATED)
_2959_/S                                0.750000    1.724177   -0.974177 (VIOLATED)
_2994_/S                                0.750000    1.724177   -0.974177 (VIOLATED)
_2999_/B2                               0.750000    1.724177   -0.974177 (VIOLATED)
_3002_/B2                               0.750000    1.724177   -0.974177 (VIOLATED)
_3005_/B2                               0.750000    1.724177   -0.974177 (VIOLATED)
_3007_/B2                               0.750000    1.724177   -0.974177 (VIOLATED)
_3012_/B2                               0.750000    1.724177   -0.974177 (VIOLATED)
_3014_/B2                               0.750000    1.724177   -0.974177 (VIOLATED)
_3017_/B2                               0.750000    1.724177   -0.974177 (VIOLATED)
_3019_/B2                               0.750000    1.724177   -0.974177 (VIOLATED)
_3021_/B2                               0.750000    1.724177   -0.974177 (VIOLATED)
_3023_/B2                               0.750000    1.724177   -0.974177 (VIOLATED)
_3025_/B2                               0.750000    1.724177   -0.974177 (VIOLATED)
_3028_/B2                               0.750000    1.724177   -0.974177 (VIOLATED)
_3031_/B2                               0.750000    1.724177   -0.974177 (VIOLATED)
_3033_/B2                               0.750000    1.724177   -0.974177 (VIOLATED)
_3036_/B2                               0.750000    1.724177   -0.974177 (VIOLATED)
_3038_/A1                               0.750000    1.724177   -0.974177 (VIOLATED)
_3386_/S                                0.750000    1.724177   -0.974177 (VIOLATED)
_3399_/S                                0.750000    1.724177   -0.974177 (VIOLATED)
_3436_/B                                0.750000    1.724177   -0.974177 (VIOLATED)
_3478_/B1                               0.750000    1.724178   -0.974178 (VIOLATED)
_3482_/B1                               0.750000    1.724177   -0.974177 (VIOLATED)
_3487_/B1                               0.750000    1.724177   -0.974177 (VIOLATED)
_3492_/S                                0.750000    1.724177   -0.974177 (VIOLATED)
_3495_/B1                               0.750000    1.724177   -0.974177 (VIOLATED)
_3500_/B                                0.750000    1.724177   -0.974177 (VIOLATED)
_3501_/B                                0.750000    1.724177   -0.974177 (VIOLATED)
_3523_/A                                0.750000    1.724178   -0.974178 (VIOLATED)
_3527_/A                                0.750000    1.724179   -0.974179 (VIOLATED)
_3531_/B1                               0.750000    1.724177   -0.974177 (VIOLATED)
_4504_/Q                                0.750000    1.724177   -0.974177 (VIOLATED)
_2196_/S                                0.750000    1.388264   -0.638264 (VIOLATED)
_3817_/S                                0.750000    1.388264   -0.638264 (VIOLATED)
_3898_/A                                0.750000    1.388264   -0.638264 (VIOLATED)
_3947_/A1                               0.750000    1.388264   -0.638264 (VIOLATED)
_2190_/S                                0.750000    1.388263   -0.638263 (VIOLATED)
_3726_/S                                0.750000    1.388263   -0.638263 (VIOLATED)
_3936_/A1                               0.750000    1.388263   -0.638263 (VIOLATED)
_3949_/A                                0.750000    1.388259   -0.638259 (VIOLATED)
_3834_/S                                0.750000    1.387821   -0.637821 (VIOLATED)
_2198_/S                                0.750000    1.387820   -0.637820 (VIOLATED)
_2192_/S                                0.750000    1.387819   -0.637819 (VIOLATED)
_3769_/S                                0.750000    1.387819   -0.637819 (VIOLATED)
_3940_/A1                               0.750000    1.387819   -0.637819 (VIOLATED)
_3650_/S                                0.750000    1.387817   -0.637817 (VIOLATED)
_3784_/S                                0.750000    1.387817   -0.637817 (VIOLATED)
_3929_/B2                               0.750000    1.387818   -0.637818 (VIOLATED)
_2194_/S                                0.750000    1.387816   -0.637816 (VIOLATED)
_3944_/A1                               0.750000    1.387817   -0.637817 (VIOLATED)
_3957_/B                                0.750000    1.387817   -0.637817 (VIOLATED)
_3974_/B                                0.750000    1.387818   -0.637818 (VIOLATED)
_3899_/A                                0.750000    1.387813   -0.637813 (VIOLATED)
_3988_/B1                               0.750000    1.387812   -0.637812 (VIOLATED)
_3856_/S                                0.750000    1.387810   -0.637810 (VIOLATED)
_2200_/S                                0.750000    1.387806   -0.637806 (VIOLATED)
_3958_/B                                0.750000    1.387801   -0.637801 (VIOLATED)
_3959_/A1                               0.750000    1.387795   -0.637795 (VIOLATED)
_3890_/S                                0.750000    1.387793   -0.637793 (VIOLATED)
_2170_/S                                0.750000    1.387790   -0.637790 (VIOLATED)
_2182_/S                                0.750000    1.387788   -0.637788 (VIOLATED)
_2186_/S                                0.750000    1.387789   -0.637789 (VIOLATED)
_3615_/S                                0.750000    1.387788   -0.637788 (VIOLATED)
_3966_/B                                0.750000    1.387787   -0.637787 (VIOLATED)
_2172_/S                                0.750000    1.387786   -0.637786 (VIOLATED)
_2178_/S                                0.750000    1.387786   -0.637786 (VIOLATED)
_3544_/S                                0.750000    1.387786   -0.637786 (VIOLATED)
_3557_/S                                0.750000    1.387786   -0.637786 (VIOLATED)
_3903_/A1                               0.750000    1.387786   -0.637786 (VIOLATED)
_2176_/S                                0.750000    1.387785   -0.637785 (VIOLATED)
_3559_/S                                0.750000    1.387784   -0.637784 (VIOLATED)
_3911_/A1                               0.750000    1.387785   -0.637785 (VIOLATED)
_2134_/A                                0.750000    1.387784   -0.637784 (VIOLATED)
_3549_/S                                0.750000    1.387782   -0.637782 (VIOLATED)
_3907_/A1                               0.750000    1.387779   -0.637779 (VIOLATED)
_2174_/S                                0.750000    1.387777   -0.637777 (VIOLATED)
_3918_/A1                               0.750000    1.387761   -0.637761 (VIOLATED)
_2152_/S                                0.750000    1.387756   -0.637756 (VIOLATED)
_2154_/S                                0.750000    1.387756   -0.637756 (VIOLATED)
_2180_/S                                0.750000    1.387756   -0.637756 (VIOLATED)
_2150_/S                                0.750000    1.387755   -0.637755 (VIOLATED)
_3585_/S                                0.750000    1.387754   -0.637754 (VIOLATED)
_2188_/S                                0.750000    1.387754   -0.637754 (VIOLATED)
_3689_/S                                0.750000    1.387754   -0.637754 (VIOLATED)
_2156_/S                                0.750000    1.387753   -0.637753 (VIOLATED)
_2184_/S                                0.750000    1.387752   -0.637752 (VIOLATED)
_3613_/S                                0.750000    1.387753   -0.637753 (VIOLATED)
_3925_/A1                               0.750000    1.387753   -0.637753 (VIOLATED)
_3933_/A1                               0.750000    1.387754   -0.637754 (VIOLATED)
_2146_/S                                0.750000    1.387751   -0.637751 (VIOLATED)
_2148_/S                                0.750000    1.387750   -0.637750 (VIOLATED)
_2144_/S                                0.750000    1.387748   -0.637748 (VIOLATED)
_2142_/S                                0.750000    1.387746   -0.637746 (VIOLATED)
_2140_/S                                0.750000    1.387744   -0.637744 (VIOLATED)
_2138_/S                                0.750000    1.387739   -0.637739 (VIOLATED)
_2168_/S                                0.750000    1.387734   -0.637734 (VIOLATED)
_2158_/S                                0.750000    1.387732   -0.637732 (VIOLATED)
_2160_/S                                0.750000    1.387732   -0.637732 (VIOLATED)
_2162_/S                                0.750000    1.387732   -0.637732 (VIOLATED)
_2164_/S                                0.750000    1.387732   -0.637732 (VIOLATED)
_2166_/S                                0.750000    1.387732   -0.637732 (VIOLATED)
_4503_/Q                                0.750000    1.387732   -0.637732 (VIOLATED)
_2155_/S                                0.750000    0.858595   -0.108596 (VIOLATED)
_2153_/S                                0.750000    0.858595   -0.108595 (VIOLATED)
_2151_/S                                0.750000    0.858593   -0.108593 (VIOLATED)
_2149_/S                                0.750000    0.858592   -0.108592 (VIOLATED)
_2157_/S                                0.750000    0.858591   -0.108591 (VIOLATED)
_2147_/S                                0.750000    0.858590   -0.108590 (VIOLATED)
_2145_/S                                0.750000    0.858589   -0.108589 (VIOLATED)
_2141_/S                                0.750000    0.858588   -0.108588 (VIOLATED)
_2143_/S                                0.750000    0.858586   -0.108586 (VIOLATED)
_2159_/S                                0.750000    0.858583   -0.108583 (VIOLATED)
_2161_/S                                0.750000    0.858583   -0.108583 (VIOLATED)
_2167_/S                                0.750000    0.858583   -0.108583 (VIOLATED)
_2169_/S                                0.750000    0.858582   -0.108582 (VIOLATED)
_2181_/S                                0.750000    0.858582   -0.108582 (VIOLATED)
_2185_/S                                0.750000    0.858582   -0.108582 (VIOLATED)
_2189_/S                                0.750000    0.858582   -0.108582 (VIOLATED)
_2163_/S                                0.750000    0.858582   -0.108582 (VIOLATED)
_2193_/S                                0.750000    0.858582   -0.108582 (VIOLATED)
_4468_/D                                0.750000    0.858581   -0.108581 (VIOLATED)
_2171_/S                                0.750000    0.858581   -0.108581 (VIOLATED)
_2165_/S                                0.750000    0.858580   -0.108580 (VIOLATED)
_2195_/S                                0.750000    0.858580   -0.108580 (VIOLATED)
_2175_/S                                0.750000    0.858580   -0.108580 (VIOLATED)
_2173_/S                                0.750000    0.858580   -0.108580 (VIOLATED)
_2187_/S                                0.750000    0.858580   -0.108580 (VIOLATED)
_2201_/S                                0.750000    0.858580   -0.108580 (VIOLATED)
_2177_/S                                0.750000    0.858579   -0.108579 (VIOLATED)
_2183_/S                                0.750000    0.858579   -0.108579 (VIOLATED)
_2199_/S                                0.750000    0.858579   -0.108579 (VIOLATED)
_2179_/S                                0.750000    0.858579   -0.108579 (VIOLATED)
_2137_/X                                0.750000    0.858572   -0.108572 (VIOLATED)
_2139_/S                                0.750000    0.858572   -0.108572 (VIOLATED)
_2191_/S                                0.750000    0.858572   -0.108572 (VIOLATED)
_2197_/S                                0.750000    0.858572   -0.108572 (VIOLATED)
_2135_/Y                                0.750000    0.752881   -0.002881 (VIOLATED)
_3990_/C                                0.750000    0.752881   -0.002881 (VIOLATED)
_3998_/A                                0.750000    0.752881   -0.002881 (VIOLATED)
_4013_/C1                               0.750000    0.752881   -0.002881 (VIOLATED)
_4264_/RESET_B                          0.750000    0.752881   -0.002881 (VIOLATED)

max fanout

Pin                                   Limit Fanout  Slack
---------------------------------------------------------
clk                                      10    257   -247 (VIOLATED)
rst                                      10    245   -235 (VIOLATED)
_4504_/Q                                 10     87    -77 (VIOLATED)
_4503_/Q                                 10     69    -59 (VIOLATED)
_4281_/Q                                 10     36    -26 (VIOLATED)
_2137_/X                                 10     33    -23 (VIOLATED)
_2136_/Y                                 10     27    -17 (VIOLATED)
_2134_/Y                                 10     22    -12 (VIOLATED)
_4284_/Q                                 10     19     -9 (VIOLATED)
D_a_00[0]                                10     18     -8 (VIOLATED)
D_b_00[0]                                10     18     -8 (VIOLATED)
D_b_00[1]                                10     18     -8 (VIOLATED)
D_b_00[7]                                10     18     -8 (VIOLATED)
_2133_/Y                                 10     18     -8 (VIOLATED)
_4514_/Q                                 10     18     -8 (VIOLATED)
D_a_00[3]                                10     17     -7 (VIOLATED)
D_a_00[5]                                10     17     -7 (VIOLATED)
D_a_00[7]                                10     17     -7 (VIOLATED)
D_b_00[3]                                10     17     -7 (VIOLATED)
D_b_00[4]                                10     17     -7 (VIOLATED)
D_b_00[5]                                10     17     -7 (VIOLATED)
_4345_/Q                                 10     17     -7 (VIOLATED)
_4398_/Q                                 10     17     -7 (VIOLATED)
_4444_/Q                                 10     17     -7 (VIOLATED)
_4445_/Q                                 10     17     -7 (VIOLATED)
_4505_/Q                                 10     17     -7 (VIOLATED)
_4507_/Q                                 10     17     -7 (VIOLATED)
_4512_/Q                                 10     17     -7 (VIOLATED)
_4517_/Q                                 10     17     -7 (VIOLATED)
_4518_/Q                                 10     17     -7 (VIOLATED)
D_a_00[1]                                10     16     -6 (VIOLATED)
D_a_00[2]                                10     16     -6 (VIOLATED)
D_a_00[4]                                10     16     -6 (VIOLATED)
D_a_00[6]                                10     16     -6 (VIOLATED)
_2202_/Y                                 10     16     -6 (VIOLATED)
_2621_/Y                                 10     16     -6 (VIOLATED)
_2638_/Y                                 10     16     -6 (VIOLATED)
_3039_/Y                                 10     16     -6 (VIOLATED)
_4341_/Q                                 10     16     -6 (VIOLATED)
_4342_/Q                                 10     16     -6 (VIOLATED)
_4396_/Q                                 10     16     -6 (VIOLATED)
_4397_/Q                                 10     16     -6 (VIOLATED)
_4403_/Q                                 10     16     -6 (VIOLATED)
_4421_/Q                                 10     16     -6 (VIOLATED)
_4422_/Q                                 10     16     -6 (VIOLATED)
_4424_/Q                                 10     16     -6 (VIOLATED)
_4425_/Q                                 10     16     -6 (VIOLATED)
_4427_/Q                                 10     16     -6 (VIOLATED)
_4447_/Q                                 10     16     -6 (VIOLATED)
_4448_/Q                                 10     16     -6 (VIOLATED)
_4506_/Q                                 10     16     -6 (VIOLATED)
_4510_/Q                                 10     16     -6 (VIOLATED)
_4513_/Q                                 10     16     -6 (VIOLATED)
_4515_/Q                                 10     16     -6 (VIOLATED)
_4520_/Q                                 10     16     -6 (VIOLATED)
_4343_/Q                                 10     15     -5 (VIOLATED)
_4344_/Q                                 10     15     -5 (VIOLATED)
_4347_/Q                                 10     15     -5 (VIOLATED)
_4399_/Q                                 10     15     -5 (VIOLATED)
_4423_/Q                                 10     15     -5 (VIOLATED)
_4451_/Q                                 10     15     -5 (VIOLATED)
_4509_/Q                                 10     15     -5 (VIOLATED)
_4516_/Q                                 10     15     -5 (VIOLATED)
_4519_/Q                                 10     15     -5 (VIOLATED)
D_b_00[2]                                10     14     -4 (VIOLATED)
D_b_00[6]                                10     14     -4 (VIOLATED)
_3498_/Y                                 10     14     -4 (VIOLATED)
_3500_/X                                 10     14     -4 (VIOLATED)
_3957_/X                                 10     14     -4 (VIOLATED)
_4340_/Q                                 10     14     -4 (VIOLATED)
_4400_/Q                                 10     14     -4 (VIOLATED)
_4402_/Q                                 10     14     -4 (VIOLATED)
_4446_/Q                                 10     14     -4 (VIOLATED)
_4450_/Q                                 10     14     -4 (VIOLATED)
_4508_/Q                                 10     14     -4 (VIOLATED)
_4511_/Q                                 10     14     -4 (VIOLATED)
_3954_/Y                                 10     13     -3 (VIOLATED)
_4346_/Q                                 10     13     -3 (VIOLATED)
_4401_/Q                                 10     13     -3 (VIOLATED)
_4420_/Q                                 10     13     -3 (VIOLATED)
_4449_/Q                                 10     13     -3 (VIOLATED)
_3895_/X                                 10     12     -2 (VIOLATED)
_3898_/Y                                 10     11        (VIOLATED)

max capacitance

Pin                                        Limit         Cap       Slack
------------------------------------------------------------------------
rst                                     0.200000    1.315601   -1.115601 (VIOLATED)
clk                                     0.200000    0.665624   -0.465624 (VIOLATED)
_4504_/Q                                0.200000    0.374512   -0.174512 (VIOLATED)
_4503_/Q                                0.200000    0.300664   -0.100664 (VIOLATED)



===========================================================================
report_parasitic_annotation -report_unannotated
============================================================================
Found 0 unannotated drivers.
Found 0 partially unannotated drivers.

===========================================================================
max slew violation count 701
Writing metric design__max_slew_violation__count__corner:nom_tt_025C_1v80: 701
max fanout violation count 83
Writing metric design__max_fanout_violation__count__corner:nom_tt_025C_1v80: 83
max cap violation count 4
Writing metric design__max_cap_violation__count__corner:nom_tt_025C_1v80: 4
============================================================================

===========================================================================
check_setup -verbose -unconstrained_endpoints -multiple_clock -no_clock -no_input_delay -loops -generated_clocks
===========================================================================
