Clock: clk
Sources: clk 
Generated: no
Virtual: yes
Propagated: no
Period: 10.000000

===========================================================================
report_clock_properties
============================================================================
Clock                   Period          Waveform
----------------------------------------------------
clk                  10.000000    0.000000  5.000000

===========================================================================
report_clock_latency
============================================================================
Clock clk
rise -> rise
    min     max
0.000000 0.000000 source latency
2.027028         network latency _4387_/CLK
        2.051865 network latency _4438_/CLK
---------------
2.027028 2.051865 latency
        0.024836 skew

fall -> fall
    min     max
0.000000 0.000000 source latency
1.005150         network latency _4387_/CLK
        1.028482 network latency _4438_/CLK
---------------
1.005150 1.028482 latency
        0.023332 skew



===========================================================================
report_clock_min_period
============================================================================
clk period_min = 7.12 fmax = 140.41
