
===========================================================================
 report_power
============================================================================
======================= nom_tt_025C_1v80 Corner ===================================

Group                    Internal    Switching      Leakage        Total
                            Power        Power        Power        Power (Watts)
------------------------------------------------------------------------
Sequential           1.594044e-03 2.752032e-04 2.795189e-09 1.869250e-03  20.3%
Combinational        4.145845e-03 3.197921e-03 8.824845e-09 7.343775e-03  79.7%
Clock                0.000000e+00 0.000000e+00 6.091268e-10 6.091268e-10   0.0%
Macro                0.000000e+00 0.000000e+00 0.000000e+00 0.000000e+00   0.0%
Pad                  0.000000e+00 0.000000e+00 0.000000e+00 0.000000e+00   0.0%
------------------------------------------------------------------------
Total                5.739890e-03 3.473124e-03 1.222916e-08 9.213026e-03 100.0%
                            62.3%        37.7%         0.0%
Writing metric power__internal__total: 0.005739890038967133
Writing metric power__switching__total: 0.0034731237683445215
Writing metric power__leakage__total: 1.2229159018772862e-8
Writing metric power__total: 0.00921302568167448

