
===========================================================================
Violator List
============================================================================
[hold in-reg] D_a_10[4] -> _4517_/D : -0.559838
[hold in-reg] D_a_10[1] -> _4514_/D : -0.559651
[hold in-reg] D_a_10[0] -> _4513_/D : -0.559535
[hold in-reg] D_a_10[2] -> _4515_/D : -0.559485
[hold in-reg] D_a_10[3] -> _4516_/D : -0.559380
[hold in-reg] D_b_01[6] -> _4511_/D : -0.559077
[hold in-reg] D_b_01[5] -> _4510_/D : -0.558925
[hold in-reg] D_a_10[6] -> _4519_/D : -0.558578
[hold in-reg] D_b_01[2] -> _4507_/D : -0.558527
[hold in-reg] D_b_01[4] -> _4509_/D : -0.558006
[hold in-reg] D_b_01[3] -> _4508_/D : -0.557834
[hold in-reg] D_b_01[7] -> _4512_/D : -0.557780
[hold in-reg] D_a_10[5] -> _4518_/D : -0.557169
[hold in-reg] D_b_01[0] -> _4505_/D : -0.553921
[hold in-reg] D_b_01[1] -> _4506_/D : -0.553658
[hold in-reg] D_a_10[7] -> _4520_/D : -0.545555
[hold in-reg] D_b_00[2] -> _4446_/D : -0.435236
[hold in-reg] D_a_00[2] -> _4422_/D : -0.425962
[hold in-reg] D_a_00[5] -> _4425_/D : -0.415870
[hold in-reg] D_b_00[6] -> _4450_/D : -0.412417
[hold in-reg] D_a_00[7] -> _4427_/D : -0.407792
[hold in-reg] D_b_00[7] -> _4451_/D : -0.407575
[hold in-reg] D_a_00[1] -> _4421_/D : -0.405637
[hold in-reg] D_a_00[4] -> _4424_/D : -0.405131
[hold in-reg] D_a_00[0] -> _4420_/D : -0.403648
[hold in-reg] D_a_00[6] -> _4426_/D : -0.402816
[hold in-reg] D_b_00[5] -> _4449_/D : -0.401858
[hold in-reg] D_b_00[4] -> _4448_/D : -0.401637
[hold in-reg] D_a_00[3] -> _4423_/D : -0.401528
[hold in-reg] D_b_00[3] -> _4447_/D : -0.400618
[hold in-reg] D_b_00[0] -> _4444_/D : -0.394307
[hold in-reg] D_b_00[1] -> _4445_/D : -0.371010
[hold in-reg] b_ready -> _4288_/D : -0.254995
[hold in-reg] b_ready -> _4283_/D : -0.142436
[hold in-reg] b_ready -> _4282_/D : -0.141872
[hold in-reg] b_ready -> _4281_/D : -0.141653
[hold in-reg] b_ready -> _4284_/D : -0.141567
[hold in-reg] b_ready -> _4280_/D : -0.141470
Writing metric timing__hold_vio__count__corner:nom_tt_025C_1v80: 38
Writing metric timing__hold_r2r__ws__corner:nom_tt_025C_1v80: 0.218954
Writing metric timing__hold_r2r_vio__count__corner:nom_tt_025C_1v80: 0
Writing metric timing__setup_vio__count__corner:nom_tt_025C_1v80: 0
Writing metric timing__setup_r2r__ws__corner:nom_tt_025C_1v80: 2.878198
Writing metric timing__setup_r2r_vio__count__corner:nom_tt_025C_1v80: 0
