Reading OpenROAD database at '/home/vraj/Hardware/TPU/runs/RUN_2026-09-14_15-30-22/41-openroad-repairantennas/1-openroad-diodeinsertion/control_systolic.odb'…
Reading library file at '/home/vraj/.ciel/ciel/sky130/versions/0fe599b2afb6708d281543108caf8310912f54af/sky130A/libs.ref/sky130_fd_sc_hd/lib/sky130_fd_sc_hd__tt_025C_1v80.lib'…
Reading design constraints file at '/nix/store/41c5n1rfapbw2k2daig2yag6mbsifckg-python3-3.11.9-env/lib/python3.11/site-packages/librelane/scripts/base.sdc'…
[INFO] Using clock clk…
[INFO] Setting output delay to: 2
[INFO] Setting input delay to: 2
[INFO] Setting load to: 0.033442
[INFO] Setting clock uncertainty to: 0.25
[INFO] Setting clock transition to: 0.1499999999999999944488848768742172978818416595458984375
[INFO] Setting timing derate to: 5%
[INFO ORD-0030] Using 12 thread(s).
[INFO DRT-0149] Reading tech and libs.
[WARNING DRT-0349] LEF58_ENCLOSURE with no CUTCLASS is not supported. Skipping for layer mcon
[WARNING DRT-0349] LEF58_ENCLOSURE with no CUTCLASS is not supported. Skipping for layer mcon
[WARNING DRT-0349] LEF58_ENCLOSURE with no CUTCLASS is not supported. Skipping for layer via
[WARNING DRT-0349] LEF58_ENCLOSURE with no CUTCLASS is not supported. Skipping for layer via
[WARNING DRT-0349] LEF58_ENCLOSURE with no CUTCLASS is not supported. Skipping for layer via2
[WARNING DRT-0349] LEF58_ENCLOSURE with no CUTCLASS is not supported. Skipping for layer via2
[WARNING DRT-0349] LEF58_ENCLOSURE with no CUTCLASS is not supported. Skipping for layer via3
[WARNING DRT-0349] LEF58_ENCLOSURE with no CUTCLASS is not supported. Skipping for layer via3
[WARNING DRT-0349] LEF58_ENCLOSURE with no CUTCLASS is not supported. Skipping for layer via4
[WARNING DRT-0349] LEF58_ENCLOSURE with no CUTCLASS is not supported. Skipping for layer via4

Units:                1000
Number of layers:     13
Number of macros:     441
Number of vias:       29
Number of viarulegen: 25

[INFO DRT-0150] Reading design.

Design:                   control_systolic
Die area:                 ( 0 0 ) ( 267575 278295 )
Number of track patterns: 12
Number of DEF vias:       0
Number of components:     3979
Number of terminals:      75
Number of snets:          2
Number of nets:           2882

[INFO DRT-0167] List of default vias:
  Layer via
    default via: M1M2_PR
  Layer via2
    default via: M2M3_PR
  Layer via3
    default via: M3M4_PR
  Layer via4
    default via: M4M5_PR
[INFO DRT-0162] Library cell analysis.
[INFO DRT-0163] Instance analysis.
[INFO DRT-0164] Number of unique instances = 289.
[INFO DRT-0168] Init region query.
[INFO DRT-0024]   Complete FR_MASTERSLICE.
[INFO DRT-0024]   Complete licon.
[INFO DRT-0024]   Complete li1.
[INFO DRT-0024]   Complete mcon.
[INFO DRT-0024]   Complete met1.
[INFO DRT-0024]   Complete via.
[INFO DRT-0024]   Complete met2.
[INFO DRT-0024]   Complete via2.
[INFO DRT-0024]   Complete met3.
[INFO DRT-0024]   Complete via3.
[INFO DRT-0024]   Complete met4.
[INFO DRT-0024]   Complete via4.
[INFO DRT-0024]   Complete met5.
[INFO DRT-0033] FR_MASTERSLICE shape region query size = 0.
[INFO DRT-0033] licon shape region query size = 0.
[INFO DRT-0033] li1 shape region query size = 94380.
[INFO DRT-0033] mcon shape region query size = 0.
[INFO DRT-0033] met1 shape region query size = 11898.
[INFO DRT-0033] via shape region query size = 950.
[INFO DRT-0033] met2 shape region query size = 602.
[INFO DRT-0033] via2 shape region query size = 760.
[INFO DRT-0033] met3 shape region query size = 611.
[INFO DRT-0033] via3 shape region query size = 760.
[INFO DRT-0033] met4 shape region query size = 206.
[INFO DRT-0033] via4 shape region query size = 8.
[INFO DRT-0033] met5 shape region query size = 16.
[INFO DRT-0165] Start pin access.
[INFO DRT-0076]   Complete 1000 pins.
[INFO DRT-0078]   Complete 1031 pins.
[INFO DRT-0079]   Complete 100 unique inst patterns.
[INFO DRT-0079]   Complete 200 unique inst patterns.
[INFO DRT-0081]   Complete 283 unique inst patterns.
[INFO DRT-0084]   Complete 1684 groups.
#scanned instances     = 3979
#unique  instances     = 289
#stdCellGenAp          = 7931
#stdCellValidPlanarAp  = 68
#stdCellValidViaAp     = 6109
#stdCellPinNoAp        = 0
#stdCellPinCnt         = 9600
#instTermValidViaApCnt = 0
#macroGenAp            = 0
#macroValidPlanarAp    = 0
#macroValidViaAp       = 0
#macroNoAp             = 0
[INFO DRT-0166] Complete pin access.
[INFO DRT-0267] cpu time = 00:00:37, elapsed time = 00:00:03, memory = 159.52 (MB), peak = 158.57 (MB)

[INFO DRT-0157] Number of guides:     18814

[INFO DRT-0169] Post process guides.
[INFO DRT-0176] GCELLGRID X 0 DO 38 STEP 6900 ;
[INFO DRT-0177] GCELLGRID Y 0 DO 40 STEP 6900 ;
[INFO DRT-0028]   Complete FR_MASTERSLICE.
[INFO DRT-0028]   Complete licon.
[INFO DRT-0028]   Complete li1.
[INFO DRT-0028]   Complete mcon.
[INFO DRT-0028]   Complete met1.
[INFO DRT-0028]   Complete via.
[INFO DRT-0028]   Complete met2.
[INFO DRT-0028]   Complete via2.
[INFO DRT-0028]   Complete met3.
[INFO DRT-0028]   Complete via3.
[INFO DRT-0028]   Complete met4.
[INFO DRT-0028]   Complete via4.
[INFO DRT-0028]   Complete met5.
[INFO DRT-0178] Init guide query.
[INFO DRT-0035]   Complete FR_MASTERSLICE (guide).
[INFO DRT-0035]   Complete licon (guide).
[INFO DRT-0035]   Complete li1 (guide).
[INFO DRT-0035]   Complete mcon (guide).
[INFO DRT-0035]   Complete met1 (guide).
[INFO DRT-0035]   Complete via (guide).
[INFO DRT-0035]   Complete met2 (guide).
[INFO DRT-0035]   Complete via2 (guide).
[INFO DRT-0035]   Complete met3 (guide).
[INFO DRT-0035]   Complete via3 (guide).
[INFO DRT-0035]   Complete met4 (guide).
[INFO DRT-0035]   Complete via4 (guide).
[INFO DRT-0035]   Complete met5 (guide).
[INFO DRT-0036] FR_MASTERSLICE guide region query size = 0.
[INFO DRT-0036] licon guide region query size = 0.
[INFO DRT-0036] li1 guide region query size = 6970.
[INFO DRT-0036] mcon guide region query size = 0.
[INFO DRT-0036] met1 guide region query size = 5290.
[INFO DRT-0036] via guide region query size = 0.
[INFO DRT-0036] met2 guide region query size = 2576.
[INFO DRT-0036] via2 guide region query size = 0.
[INFO DRT-0036] met3 guide region query size = 110.
[INFO DRT-0036] via3 guide region query size = 0.
[INFO DRT-0036] met4 guide region query size = 20.
[INFO DRT-0036] via4 guide region query size = 0.
[INFO DRT-0036] met5 guide region query size = 0.
[INFO DRT-0179] Init gr pin query.
[INFO DRT-0245] skipped writing guide updates to database.
[INFO DRT-0185] Post process initialize RPin region query.
[INFO DRT-0181] Start track assignment.
[INFO DRT-0184] Done with 9566 vertical wires in 1 frboxes and 5400 horizontal wires in 1 frboxes.
[INFO DRT-0186] Done with 803 vertical wires in 1 frboxes and 1547 horizontal wires in 1 frboxes.
[INFO DRT-0182] Complete track assignment.
[INFO DRT-0267] cpu time = 00:00:00, elapsed time = 00:00:00, memory = 187.94 (MB), peak = 186.86 (MB)
[INFO DRT-0187] Start routing data preparation.
[INFO DRT-0267] cpu time = 00:00:00, elapsed time = 00:00:00, memory = 187.94 (MB), peak = 186.86 (MB)
[INFO DRT-0194] Start detail routing.
[INFO DRT-0195] Start 0th optimization iteration.
    Completing 10% with 0 violations.
    elapsed time = 00:00:00, memory = 358.27 (MB).
    Completing 20% with 0 violations.
    elapsed time = 00:00:01, memory = 294.97 (MB).
    Completing 30% with 214 violations.
    elapsed time = 00:00:02, memory = 420.76 (MB).
    Completing 40% with 214 violations.
    elapsed time = 00:00:02, memory = 417.32 (MB).
    Completing 50% with 214 violations.
    elapsed time = 00:00:02, memory = 389.50 (MB).
    Completing 60% with 397 violations.
    elapsed time = 00:00:03, memory = 485.63 (MB).
    Completing 70% with 397 violations.
    elapsed time = 00:00:04, memory = 501.66 (MB).
    Completing 80% with 585 violations.
    elapsed time = 00:00:04, memory = 542.49 (MB).
    Completing 90% with 585 violations.
    elapsed time = 00:00:05, memory = 560.08 (MB).
    Completing 100% with 842 violations.
    elapsed time = 00:00:06, memory = 560.09 (MB).
[INFO DRT-0199]   Number of violations = 963.
Viol/Layer         li1   met1    via   met2   met3
Metal Spacing       15    209      0     25     15
Min Hole             0      2      0      0      0
Recheck              0     92      0     29      0
Short                0    523      1     52      0
[INFO DRT-0267] cpu time = 00:00:23, elapsed time = 00:00:06, memory = 880.43 (MB), peak = 879.33 (MB)
Total wire length = 67932 um.
Total wire length on LAYER li1 = 0 um.
Total wire length on LAYER met1 = 31757 um.
Total wire length on LAYER met2 = 32831 um.
Total wire length on LAYER met3 = 2052 um.
Total wire length on LAYER met4 = 1291 um.
Total wire length on LAYER met5 = 0 um.
Total number of vias = 18784.
Up-via summary (total 18784):

------------------------
 FR_MASTERSLICE        0
            li1     9356
           met1     9226
           met2      164
           met3       38
           met4        0
------------------------
                   18784


[INFO DRT-0195] Start 1st optimization iteration.
    Completing 10% with 963 violations.
    elapsed time = 00:00:00, memory = 882.99 (MB).
    Completing 20% with 963 violations.
    elapsed time = 00:00:01, memory = 884.09 (MB).
    Completing 30% with 805 violations.
    elapsed time = 00:00:02, memory = 945.57 (MB).
    Completing 40% with 805 violations.
    elapsed time = 00:00:02, memory = 954.85 (MB).
    Completing 50% with 805 violations.
    elapsed time = 00:00:03, memory = 922.54 (MB).
    Completing 60% with 626 violations.
    elapsed time = 00:00:03, memory = 990.18 (MB).
    Completing 70% with 626 violations.
    elapsed time = 00:00:04, memory = 992.61 (MB).
    Completing 80% with 528 violations.
    elapsed time = 00:00:05, memory = 985.17 (MB).
    Completing 90% with 528 violations.
    elapsed time = 00:00:05, memory = 985.17 (MB).
    Completing 100% with 371 violations.
    elapsed time = 00:00:06, memory = 985.17 (MB).
[INFO DRT-0199]   Number of violations = 371.
Viol/Layer        met1   met2   met3
Metal Spacing       60     17     14
Short              275      5      0
[INFO DRT-0267] cpu time = 00:00:22, elapsed time = 00:00:06, memory = 988.17 (MB), peak = 991.61 (MB)
Total wire length = 67536 um.
Total wire length on LAYER li1 = 0 um.
Total wire length on LAYER met1 = 31336 um.
Total wire length on LAYER met2 = 32824 um.
Total wire length on LAYER met3 = 2078 um.
Total wire length on LAYER met4 = 1296 um.
Total wire length on LAYER met5 = 0 um.
Total number of vias = 18758.
Up-via summary (total 18758):

------------------------
 FR_MASTERSLICE        0
            li1     9351
           met1     9203
           met2      166
           met3       38
           met4        0
------------------------
                   18758


[INFO DRT-0195] Start 2nd optimization iteration.
    Completing 10% with 371 violations.
    elapsed time = 00:00:00, memory = 988.17 (MB).
    Completing 20% with 371 violations.
    elapsed time = 00:00:00, memory = 1022.19 (MB).
    Completing 30% with 371 violations.
    elapsed time = 00:00:01, memory = 997.70 (MB).
    Completing 40% with 396 violations.
    elapsed time = 00:00:01, memory = 997.70 (MB).
    Completing 50% with 396 violations.
    elapsed time = 00:00:01, memory = 1072.88 (MB).
    Completing 60% with 432 violations.
    elapsed time = 00:00:03, memory = 1041.51 (MB).
    Completing 70% with 432 violations.
    elapsed time = 00:00:04, memory = 1054.75 (MB).
    Completing 80% with 432 violations.
    elapsed time = 00:00:05, memory = 1054.92 (MB).
    Completing 90% with 414 violations.
    elapsed time = 00:00:05, memory = 1054.92 (MB).
    Completing 100% with 425 violations.
    elapsed time = 00:00:06, memory = 1054.92 (MB).
[INFO DRT-0199]   Number of violations = 425.
Viol/Layer        met1   met2   met3
Metal Spacing       93     14      8
Short              306      4      0
[INFO DRT-0267] cpu time = 00:00:22, elapsed time = 00:00:06, memory = 1054.92 (MB), peak = 1072.04 (MB)
Total wire length = 67395 um.
Total wire length on LAYER li1 = 0 um.
Total wire length on LAYER met1 = 31369 um.
Total wire length on LAYER met2 = 32693 um.
Total wire length on LAYER met3 = 2060 um.
Total wire length on LAYER met4 = 1270 um.
Total wire length on LAYER met5 = 0 um.
Total number of vias = 18615.
Up-via summary (total 18615):

------------------------
 FR_MASTERSLICE        0
            li1     9351
           met1     9067
           met2      161
           met3       36
           met4        0
------------------------
                   18615


[INFO DRT-0195] Start 3rd optimization iteration.
    Completing 10% with 425 violations.
    elapsed time = 00:00:00, memory = 1056.88 (MB).
    Completing 20% with 425 violations.
    elapsed time = 00:00:00, memory = 1056.88 (MB).
    Completing 30% with 304 violations.
    elapsed time = 00:00:01, memory = 1056.88 (MB).
    Completing 40% with 304 violations.
    elapsed time = 00:00:01, memory = 1082.71 (MB).
    Completing 50% with 304 violations.
    elapsed time = 00:00:01, memory = 1082.71 (MB).
    Completing 60% with 234 violations.
    elapsed time = 00:00:01, memory = 1097.84 (MB).
    Completing 70% with 234 violations.
    elapsed time = 00:00:02, memory = 1097.84 (MB).
    Completing 80% with 133 violations.
    elapsed time = 00:00:03, memory = 1097.84 (MB).
    Completing 90% with 133 violations.
    elapsed time = 00:00:03, memory = 1103.33 (MB).
    Completing 100% with 33 violations.
    elapsed time = 00:00:06, memory = 1105.75 (MB).
[INFO DRT-0199]   Number of violations = 33.
Viol/Layer        met1   met2
Metal Spacing        4     11
Min Hole             1      0
Short               15      2
[INFO DRT-0267] cpu time = 00:00:15, elapsed time = 00:00:06, memory = 1106.70 (MB), peak = 1112.86 (MB)
Total wire length = 67263 um.
Total wire length on LAYER li1 = 0 um.
Total wire length on LAYER met1 = 30330 um.
Total wire length on LAYER met2 = 32671 um.
Total wire length on LAYER met3 = 2988 um.
Total wire length on LAYER met4 = 1271 um.
Total wire length on LAYER met5 = 0 um.
Total number of vias = 18878.
Up-via summary (total 18878):

------------------------
 FR_MASTERSLICE        0
            li1     9351
           met1     9154
           met2      335
           met3       38
           met4        0
------------------------
                   18878


[INFO DRT-0195] Start 4th optimization iteration.
    Completing 10% with 33 violations.
    elapsed time = 00:00:00, memory = 1106.70 (MB).
    Completing 20% with 33 violations.
    elapsed time = 00:00:00, memory = 1106.70 (MB).
    Completing 30% with 33 violations.
    elapsed time = 00:00:00, memory = 1106.70 (MB).
    Completing 40% with 33 violations.
    elapsed time = 00:00:00, memory = 1106.70 (MB).
    Completing 50% with 33 violations.
    elapsed time = 00:00:00, memory = 1107.86 (MB).
    Completing 60% with 25 violations.
    elapsed time = 00:00:00, memory = 1107.86 (MB).
    Completing 70% with 25 violations.
    elapsed time = 00:00:00, memory = 1107.86 (MB).
    Completing 80% with 22 violations.
    elapsed time = 00:00:00, memory = 1107.86 (MB).
    Completing 90% with 22 violations.
    elapsed time = 00:00:00, memory = 1107.86 (MB).
    Completing 100% with 0 violations.
    elapsed time = 00:00:00, memory = 1107.86 (MB).
[INFO DRT-0199]   Number of violations = 0.
[INFO DRT-0267] cpu time = 00:00:01, elapsed time = 00:00:01, memory = 1107.86 (MB), peak = 1112.86 (MB)
Total wire length = 67263 um.
Total wire length on LAYER li1 = 0 um.
Total wire length on LAYER met1 = 30302 um.
Total wire length on LAYER met2 = 32702 um.
Total wire length on LAYER met3 = 2987 um.
Total wire length on LAYER met4 = 1271 um.
Total wire length on LAYER met5 = 0 um.
Total number of vias = 18881.
Up-via summary (total 18881):

------------------------
 FR_MASTERSLICE        0
            li1     9351
           met1     9159
           met2      333
           met3       38
           met4        0
------------------------
                   18881


[INFO DRT-0198] Complete detail routing.
Total wire length = 67263 um.
Total wire length on LAYER li1 = 0 um.
Total wire length on LAYER met1 = 30302 um.
Total wire length on LAYER met2 = 32702 um.
Total wire length on LAYER met3 = 2987 um.
Total wire length on LAYER met4 = 1271 um.
Total wire length on LAYER met5 = 0 um.
Total number of vias = 18881.
Up-via summary (total 18881):

------------------------
 FR_MASTERSLICE        0
            li1     9351
           met1     9159
           met2      333
           met3       38
           met4        0
------------------------
                   18881


[INFO DRT-0267] cpu time = 00:01:25, elapsed time = 00:00:26, memory = 1107.86 (MB), peak = 1112.86 (MB)

[INFO DRT-0180] Post processing.
Setting global connections for newly added cells…
[INFO] Setting global connections...
Updating metrics…
Cell type report:                       Count       Area
  Fill cell                               188     705.68
  Tap cell                                912    1141.09
  Antenna cell                              5      12.51
  Clock buffer                             43     616.84
  Timing Repair Buffer                    416    2960.34
  Inverter                                268    1005.96
  Clock inverter                           25     251.49
  Sequential cell                         257    6396.13
  Multi-Input combinational cell         1865   14040.97
  Total                                  3979   27131.02
Writing OpenROAD database to '/home/vraj/Hardware/TPU/runs/RUN_2026-09-14_15-30-22/43-openroad-detailedrouting/control_systolic.odb'…
Writing netlist to '/home/vraj/Hardware/TPU/runs/RUN_2026-09-14_15-30-22/43-openroad-detailedrouting/control_systolic.nl.v'…
Writing powered netlist to '/home/vraj/Hardware/TPU/runs/RUN_2026-09-14_15-30-22/43-openroad-detailedrouting/control_systolic.pnl.v'…
Writing layout to '/home/vraj/Hardware/TPU/runs/RUN_2026-09-14_15-30-22/43-openroad-detailedrouting/control_systolic.def'…
Writing timing constraints to '/home/vraj/Hardware/TPU/runs/RUN_2026-09-14_15-30-22/43-openroad-detailedrouting/control_systolic.sdc'…
