┏━━━━━━━━━━━━━━━━━━━━━━┳━━━━━━━━━━┳━━━━━━━━━━┳━━━━━━━━━━┳━━━━━━━━━━┳━━━━━━━━━━━┳━━━━━━━━━━┳━━━━━━━━━━━┳━━━━━━━━━━┳━━━━━━━━━━━┳━━━━━━━━━━┳━━━━━━━━━━━┳━━━━━━━━━━┓
┃                      ┃ Hold     ┃ Reg to   ┃          ┃          ┃ of which  ┃ Setup    ┃           ┃          ┃           ┃ of which ┃           ┃          ┃
┃                      ┃ Worst    ┃ Reg      ┃          ┃ Hold Vio ┃ reg to    ┃ Worst    ┃ Reg to    ┃ Setup    ┃ Setup Vio ┃ reg to   ┃ Max Cap   ┃ Max Slew ┃
┃ Corner/Group         ┃ Slack    ┃ Paths    ┃ Hold TNS ┃ Count    ┃ reg       ┃ Slack    ┃ Reg Paths ┃ TNS      ┃ Count     ┃ reg      ┃ Violatio… ┃ Violati… ┃
┡━━━━━━━━━━━━━━━━━━━━━━╇━━━━━━━━━━╇━━━━━━━━━━╇━━━━━━━━━━╇━━━━━━━━━━╇━━━━━━━━━━━╇━━━━━━━━━━╇━━━━━━━━━━━╇━━━━━━━━━━╇━━━━━━━━━━━╇━━━━━━━━━━╇━━━━━━━━━━━╇━━━━━━━━━━┩
│ Overall              │ 0.0126   │ 0.0126   │ 0.0000   │ 0        │ 0         │ -3.6982  │ -3.6982   │ -66.1015 │ 71        │ 44       │ 3         │ 497      │
│ nom_tt_025C_1v80     │ 0.1501   │ 0.1501   │ 0.0000   │ 0        │ 0         │ 3.1967   │ 3.3197    │ 0.0000   │ 0         │ 0        │ 3         │ 404      │
│ nom_ss_100C_1v60     │ 0.5330   │ 0.5330   │ 0.0000   │ 0        │ 0         │ -3.6982  │ -3.6982   │ -66.1015 │ 71        │ 44       │ 3         │ 497      │
│ nom_ff_n40C_1v95     │ 0.0126   │ 0.0126   │ 0.0000   │ 0        │ 0         │ 4.9392   │ 5.8185    │ 0.0000   │ 0         │ 0        │ 3         │ 404      │
└──────────────────────┴──────────┴──────────┴──────────┴──────────┴───────────┴──────────┴───────────┴──────────┴───────────┴──────────┴───────────┴──────────┘
