
===========================================================================
report_checks -unconstrained
===========================================================================
======================= nom_ff_n40C_1v95 Corner ===================================

Startpoint: rst (input port clocked by clk)
Endpoint: _4403_ (recovery check against rising-edge clock clk)
Path Group: asynchronous
Path Type: max

Fanout         Cap        Slew       Delay        Time   Description
---------------------------------------------------------------------------------------------
                                  0.000000    0.000000   clock clk (rise edge)
                                  0.000000    0.000000   clock network delay (propagated)
                                  2.000000    2.000000 v input external delay
     1    0.002724    0.004610    0.002209    2.002209 v rst (in)
                                                         rst (net)
                      0.004610    0.000000    2.002209 v input38/A (sky130_fd_sc_hd__clkbuf_1)
     1    0.004972    0.025920    0.053611    2.055820 v input38/X (sky130_fd_sc_hd__clkbuf_1)
                                                         net38 (net)
                      0.025921    0.000214    2.056034 v fanout253/A (sky130_fd_sc_hd__buf_2)
     6    0.054735    0.091789    0.138966    2.195000 v fanout253/X (sky130_fd_sc_hd__buf_2)
                                                         net253 (net)
                      0.091976    0.003117    2.198117 v fanout252/A (sky130_fd_sc_hd__clkbuf_2)
     5    0.037606    0.099916    0.156865    2.354981 v fanout252/X (sky130_fd_sc_hd__clkbuf_2)
                                                         net252 (net)
                      0.099916    0.000374    2.355356 v fanout247/A (sky130_fd_sc_hd__buf_4)
     9    0.062720    0.067569    0.158059    2.513414 v fanout247/X (sky130_fd_sc_hd__buf_4)
                                                         net247 (net)
                      0.067884    0.003628    2.517042 v fanout246/A (sky130_fd_sc_hd__clkbuf_4)
     7    0.044915    0.069663    0.148977    2.666019 v fanout246/X (sky130_fd_sc_hd__clkbuf_4)
                                                         net246 (net)
                      0.069673    0.000869    2.666888 v fanout245/A (sky130_fd_sc_hd__buf_4)
    10    0.055105    0.059758    0.142540    2.809428 v fanout245/X (sky130_fd_sc_hd__buf_4)
                                                         net245 (net)
                      0.059814    0.001625    2.811053 v _4146_/A (sky130_fd_sc_hd__inv_2)
     1    0.005305    0.028788    0.044871    2.855924 ^ _4146_/Y (sky130_fd_sc_hd__inv_2)
                                                         _0127_ (net)
                      0.028788    0.000132    2.856056 ^ _4403_/RESET_B (sky130_fd_sc_hd__dfrtp_1)
                                              2.856056   data arrival time

                                 10.000000   10.000000   clock clk (rise edge)
                                  0.000000   10.000000   clock source latency
     1    0.031709    0.110670    0.076662   10.076662 ^ clk (in)
                                                         clk (net)
                      0.110710    0.000000   10.076662 ^ clkbuf_0_clk/A (sky130_fd_sc_hd__clkbuf_16)
     4    0.075523    0.071389    0.137244   10.213906 ^ clkbuf_0_clk/X (sky130_fd_sc_hd__clkbuf_16)
                                                         clknet_0_clk (net)
                      0.071563    0.002431   10.216337 ^ clkbuf_2_2__f_clk/A (sky130_fd_sc_hd__clkbuf_16)
     9    0.073407    0.069471    0.126008   10.342345 ^ clkbuf_2_2__f_clk/X (sky130_fd_sc_hd__clkbuf_16)
                                                         clknet_2_2__leaf_clk (net)
                      0.069560    0.001483   10.343828 ^ clkbuf_leaf_12_clk/A (sky130_fd_sc_hd__clkbuf_8)
    11    0.034966    0.055283    0.112566   10.456394 ^ clkbuf_leaf_12_clk/X (sky130_fd_sc_hd__clkbuf_8)
                                                         clknet_leaf_12_clk (net)
                      0.055292    0.000724   10.457118 ^ _4403_/CLK (sky130_fd_sc_hd__dfrtp_1)
                                 -0.250000   10.207118   clock uncertainty
                                  0.000000   10.207118   clock reconvergence pessimism
                                  0.147703   10.354820   library recovery time
                                             10.354820   data required time
---------------------------------------------------------------------------------------------
                                             10.354820   data required time
                                             -2.856056   data arrival time
---------------------------------------------------------------------------------------------
                                              7.498765   slack (MET)


Startpoint: D_a_00[0] (input port clocked by clk)
Endpoint: _4395_ (rising edge-triggered flip-flop clocked by clk)
Path Group: clk
Path Type: max

Fanout         Cap        Slew       Delay        Time   Description
---------------------------------------------------------------------------------------------
                                  0.000000    0.000000   clock clk (rise edge)
                                  0.000000    0.000000   clock network delay (propagated)
                                  2.000000    2.000000 ^ input external delay
     1    0.003478    0.016351    0.009025    2.009025 ^ D_a_00[0] (in)
                                                         D_a_00[0] (net)
                      0.016351    0.000000    2.009025 ^ input1/A (sky130_fd_sc_hd__clkbuf_1)
     1    0.003790    0.040261    0.054233    2.063258 ^ input1/X (sky130_fd_sc_hd__clkbuf_1)
                                                         net1 (net)
                      0.040261    0.000128    2.063386 ^ fanout275/A (sky130_fd_sc_hd__buf_2)
     9    0.042050    0.156048    0.158483    2.221870 ^ fanout275/X (sky130_fd_sc_hd__buf_2)
                                                         net275 (net)
                      0.156093    0.002191    2.224061 ^ fanout274/A (sky130_fd_sc_hd__buf_2)
    10    0.042042    0.155674    0.181661    2.405723 ^ fanout274/X (sky130_fd_sc_hd__buf_2)
                                                         net274 (net)
                      0.155680    0.000836    2.406559 ^ _2419_/A (sky130_fd_sc_hd__nand4_1)
     3    0.008396    0.085086    0.085637    2.492196 v _2419_/Y (sky130_fd_sc_hd__nand4_1)
                                                         _2118_ (net)
                      0.085086    0.000127    2.492323 v _2435_/A1 (sky130_fd_sc_hd__a21o_1)
     2    0.005578    0.032079    0.124133    2.616456 v _2435_/X (sky130_fd_sc_hd__a21o_1)
                                                         _0420_ (net)
                      0.032079    0.000143    2.616599 v _2441_/A2 (sky130_fd_sc_hd__a21o_1)
     3    0.008536    0.040980    0.129030    2.745629 v _2441_/X (sky130_fd_sc_hd__a21o_1)
                                                         _0426_ (net)
                      0.040981    0.000210    2.745840 v _2443_/A2 (sky130_fd_sc_hd__a21bo_1)
     2    0.004627    0.030783    0.128356    2.874196 v _2443_/X (sky130_fd_sc_hd__a21bo_1)
                                                         _0428_ (net)
                      0.030783    0.000075    2.874271 v _2444_/C (sky130_fd_sc_hd__and3_1)
     4    0.015712    0.063913    0.150128    3.024398 v _2444_/X (sky130_fd_sc_hd__and3_1)
                                                         _0429_ (net)
                      0.063915    0.000399    3.024798 v _2465_/A1 (sky130_fd_sc_hd__o21a_1)
     2    0.006582    0.036566    0.138024    3.162822 v _2465_/X (sky130_fd_sc_hd__o21a_1)
                                                         _0450_ (net)
                      0.036566    0.000203    3.163025 v _2478_/A2 (sky130_fd_sc_hd__o211a_1)
     2    0.004200    0.032704    0.132994    3.296019 v _2478_/X (sky130_fd_sc_hd__o211a_1)
                                                         _0463_ (net)
                      0.032704    0.000089    3.296108 v _2479_/C (sky130_fd_sc_hd__or3_1)
     3    0.006715    0.057566    0.190337    3.486444 v _2479_/X (sky130_fd_sc_hd__or3_1)
                                                         _0464_ (net)
                      0.057566    0.000127    3.486571 v _2480_/B (sky130_fd_sc_hd__and2b_1)
     2    0.014932    0.059050    0.141031    3.627602 v _2480_/X (sky130_fd_sc_hd__and2b_1)
                                                         _0465_ (net)
                      0.059058    0.000710    3.628312 v _2483_/B (sky130_fd_sc_hd__xnor2_2)
     3    0.009723    0.131374    0.127513    3.755824 ^ _2483_/Y (sky130_fd_sc_hd__xnor2_2)
                                                         _0468_ (net)
                      0.131374    0.000191    3.756015 ^ _2538_/D_N (sky130_fd_sc_hd__or4b_4)
     2    0.006245    0.060695    0.281464    4.037478 v _2538_/X (sky130_fd_sc_hd__or4b_4)
                                                         _0523_ (net)
                      0.060696    0.000163    4.037642 v _2549_/A2 (sky130_fd_sc_hd__a21o_1)
     2    0.008297    0.040308    0.138724    4.176366 v _2549_/X (sky130_fd_sc_hd__a21o_1)
                                                         _0534_ (net)
                      0.040310    0.000304    4.176670 v _2553_/A3 (sky130_fd_sc_hd__a41o_2)
     3    0.021652    0.059629    0.207737    4.384407 v _2553_/X (sky130_fd_sc_hd__a41o_2)
                                                         _0538_ (net)
                      0.059659    0.001246    4.385653 v _2569_/B2 (sky130_fd_sc_hd__o221ai_4)
     2    0.015567    0.153358    0.134460    4.520113 ^ _2569_/Y (sky130_fd_sc_hd__o221ai_4)
                                                         _0554_ (net)
                      0.153358    0.000412    4.520525 ^ _2572_/A1 (sky130_fd_sc_hd__a21o_1)
     1    0.006107    0.047754    0.091433    4.611957 ^ _2572_/X (sky130_fd_sc_hd__a21o_1)
                                                         _0557_ (net)
                      0.047755    0.000211    4.612169 ^ _2578_/A (sky130_fd_sc_hd__xnor2_1)
     2    0.014182    0.077377    0.080642    4.692811 v _2578_/Y (sky130_fd_sc_hd__xnor2_1)
                                                         _0563_ (net)
                      0.077386    0.000902    4.693712 v _2622_/A2 (sky130_fd_sc_hd__a22o_1)
     1    0.002504    0.025010    0.130929    4.824641 v _2622_/X (sky130_fd_sc_hd__a22o_1)
                                                         _0368_ (net)
                      0.025010    0.000071    4.824712 v _4395_/D (sky130_fd_sc_hd__dfrtp_1)
                                              4.824712   data arrival time

                                 10.000000   10.000000   clock clk (rise edge)
                                  0.000000   10.000000   clock source latency
     1    0.031709    0.110670    0.076662   10.076662 ^ clk (in)
                                                         clk (net)
                      0.110710    0.000000   10.076662 ^ clkbuf_0_clk/A (sky130_fd_sc_hd__clkbuf_16)
     4    0.075523    0.071389    0.137244   10.213906 ^ clkbuf_0_clk/X (sky130_fd_sc_hd__clkbuf_16)
                                                         clknet_0_clk (net)
                      0.071621    0.002916   10.216823 ^ clkbuf_2_0__f_clk/A (sky130_fd_sc_hd__clkbuf_16)
     9    0.071226    0.067888    0.124599   10.341421 ^ clkbuf_2_0__f_clk/X (sky130_fd_sc_hd__clkbuf_16)
                                                         clknet_2_0__leaf_clk (net)
                      0.068027    0.002044   10.343465 ^ clkbuf_leaf_3_clk/A (sky130_fd_sc_hd__clkbuf_8)
    13    0.044498    0.066821    0.120733   10.464198 ^ clkbuf_leaf_3_clk/X (sky130_fd_sc_hd__clkbuf_8)
                                                         clknet_leaf_3_clk (net)
                      0.066832    0.000855   10.465054 ^ _4395_/CLK (sky130_fd_sc_hd__dfrtp_1)
                                 -0.250000   10.215054   clock uncertainty
                                  0.000000   10.215054   clock reconvergence pessimism
                                 -0.066600   10.148453   library setup time
                                             10.148453   data required time
---------------------------------------------------------------------------------------------
                                             10.148453   data required time
                                             -4.824712   data arrival time
---------------------------------------------------------------------------------------------
                                              5.323741   slack (MET)




===========================================================================
report_checks --slack_max -0.01
============================================================================
======================= nom_ff_n40C_1v95 Corner ===================================

No paths found.


===========================================================================
 report_check_types -max_slew -max_cap -max_fanout -violators
============================================================================
======================= nom_ff_n40C_1v95 Corner ===================================

max fanout

Pin                                   Limit Fanout  Slack
---------------------------------------------------------
clkbuf_leaf_16_clk/X                     10     15     -5 (VIOLATED)
clkbuf_leaf_1_clk/X                      10     14     -4 (VIOLATED)
clkbuf_leaf_25_clk/X                     10     14     -4 (VIOLATED)
clkbuf_leaf_32_clk/X                     10     14     -4 (VIOLATED)
clkbuf_leaf_3_clk/X                      10     13     -3 (VIOLATED)
clkbuf_leaf_11_clk/X                     10     12     -2 (VIOLATED)
clkbuf_leaf_26_clk/X                     10     12     -2 (VIOLATED)
clkbuf_leaf_5_clk/X                      10     12     -2 (VIOLATED)
clkbuf_leaf_12_clk/X                     10     11        (VIOLATED)
clkbuf_leaf_15_clk/X                     10     11        (VIOLATED)
clkbuf_leaf_18_clk/X                     10     11        (VIOLATED)
clkbuf_leaf_31_clk/X                     10     11        (VIOLATED)



===========================================================================
report_parasitic_annotation -report_unannotated
============================================================================
Found 31 unannotated drivers.
 clkload0/X
 clkload1/X
 clkload10/Y
 clkload11/Y
 clkload12/Y
 clkload13/Y
 clkload14/Y
 clkload15/Y
 clkload16/Y
 clkload17/Y
 clkload18/Y
 clkload19/Y
 clkload2/X
 clkload20/Y
 clkload21/X
 clkload22/Y
 clkload23/Y
 clkload24/Y
 clkload25/Y
 clkload26/Y
 clkload27/Y
 clkload28/Y
 clkload29/Y
 clkload3/Y
 clkload30/Y
 clkload4/Y
 clkload5/X
 clkload6/Y
 clkload7/Y
 clkload8/Y
 clkload9/X
Found 0 partially unannotated drivers.

===========================================================================
max slew violation count 0
max fanout violation count 12
max cap violation count 0
============================================================================

===========================================================================
check_setup -verbose -unconstrained_endpoints -multiple_clock -no_clock -no_input_delay -loops -generated_clocks
===========================================================================
