Clock: clk
Sources: clk 
Generated: no
Virtual: yes
Propagated: no
Period: 10.000000

===========================================================================
report_clock_properties
============================================================================
Clock                   Period          Waveform
----------------------------------------------------
clk                  10.000000    0.000000  5.000000

===========================================================================
report_clock_latency
============================================================================
Clock clk
rise -> rise
    min     max
0.000000 0.000000 source latency
0.348620         network latency _4503_/CLK
        0.468895 network latency _4454_/CLK
---------------
0.348620 0.468895 latency
        0.120275 skew

fall -> fall
    min     max
0.000000 0.000000 source latency
0.295844         network latency _4503_/CLK
        0.414281 network latency _4454_/CLK
---------------
0.295844 0.414281 latency
        0.118437 skew



===========================================================================
report_clock_min_period
============================================================================
clk period_min = 3.57 fmax = 280.36
