
===========================================================================
 report_power
============================================================================
======================= nom_ff_n40C_1v95 Corner ===================================

Group                    Internal    Switching      Leakage        Total
                            Power        Power        Power        Power (Watts)
------------------------------------------------------------------------
Sequential           1.670504e-03 2.838261e-04 3.827620e-09 1.954334e-03  19.3%
Combinational        3.351307e-03 3.689527e-03 1.789631e-08 7.040851e-03  69.5%
Clock                5.484135e-04 5.838624e-04 8.461986e-09 1.132284e-03  11.2%
Macro                0.000000e+00 0.000000e+00 0.000000e+00 0.000000e+00   0.0%
Pad                  0.000000e+00 0.000000e+00 0.000000e+00 0.000000e+00   0.0%
------------------------------------------------------------------------
Total                5.570224e-03 4.557217e-03 3.018571e-08 1.012747e-02 100.0%
                            55.0%        45.0%         0.0%

