Clock: clk
Sources: clk 
Generated: no
Virtual: yes
Propagated: no
Period: 10.000000

===========================================================================
report_clock_properties
============================================================================
Clock                   Period          Waveform
----------------------------------------------------
clk                  10.000000    0.000000  5.000000

===========================================================================
report_clock_latency
============================================================================
Clock clk
rise -> rise
    min     max
0.000000 0.000000 source latency
0.361188         network latency _4503_/CLK
        0.484360 network latency _4454_/CLK
---------------
0.361188 0.484360 latency
        0.123171 skew

fall -> fall
    min     max
0.000000 0.000000 source latency
0.305230         network latency _4503_/CLK
        0.426448 network latency _4454_/CLK
---------------
0.305230 0.426448 latency
        0.121218 skew



===========================================================================
report_clock_min_period
============================================================================
clk period_min = 3.61 fmax = 276.97
