Clock: clk
Sources: clk 
Generated: no
Virtual: yes
Propagated: no
Period: 10.000000

===========================================================================
report_clock_properties
============================================================================
Clock                   Period          Waveform
----------------------------------------------------
clk                  10.000000    0.000000  5.000000

===========================================================================
report_clock_latency
============================================================================
Clock clk
rise -> rise
    min     max
0.000000 0.000000 source latency
0.408876         network latency _4503_/CLK
        0.570292 network latency _4454_/CLK
---------------
0.408876 0.570292 latency
        0.161415 skew

fall -> fall
    min     max
0.000000 0.000000 source latency
0.371278         network latency _4503_/CLK
        0.532147 network latency _4454_/CLK
---------------
0.371278 0.532147 latency
        0.160869 skew



===========================================================================
report_clock_min_period
============================================================================
clk period_min = 5.22 fmax = 191.68
