Reading OpenROAD database at '/home/vraj/Hardware/TPU/runs/RUN_2026-09-14_15-30-22/47-odb-reportdisconnectedpins/control_systolic.odb'…
Reading library file at '/home/vraj/.ciel/ciel/sky130/versions/0fe599b2afb6708d281543108caf8310912f54af/sky130A/libs.ref/sky130_fd_sc_hd/lib/sky130_fd_sc_hd__tt_025C_1v80.lib'…
Reading design constraints file at '/nix/store/41c5n1rfapbw2k2daig2yag6mbsifckg-python3-3.11.9-env/lib/python3.11/site-packages/librelane/scripts/base.sdc'…
[INFO] Using clock clk…
[INFO] Setting output delay to: 2
[INFO] Setting input delay to: 2
[INFO] Setting load to: 0.033442
[INFO] Setting clock uncertainty to: 0.25
[INFO] Setting clock transition to: 0.1499999999999999944488848768742172978818416595458984375
[INFO] Setting timing derate to: 5%
sky130_ef_sc_hd__decap_12 sky130_fd_sc_hd__decap_8 sky130_fd_sc_hd__decap_6 sky130_fd_sc_hd__decap_4 sky130_fd_sc_hd__decap_3 sky130_fd_sc_hd__fill*
[INFO DPL-0001] Placed 4514 filler instances.
Setting global connections for newly added cells…
[INFO] Setting global connections...
Updating metrics…
Cell type report:                       Count       Area
  Fill cell                              4702   39084.99
  Tap cell                                912    1141.09
  Antenna cell                              5      12.51
  Clock buffer                             43     616.84
  Timing Repair Buffer                    416    2960.34
  Inverter                                268    1005.96
  Clock inverter                           25     251.49
  Sequential cell                         257    6396.13
  Multi-Input combinational cell         1865   14040.97
  Total                                  8493   65510.33
Writing OpenROAD database to '/home/vraj/Hardware/TPU/runs/RUN_2026-09-14_15-30-22/51-openroad-fillinsertion/control_systolic.odb'…
Writing netlist to '/home/vraj/Hardware/TPU/runs/RUN_2026-09-14_15-30-22/51-openroad-fillinsertion/control_systolic.nl.v'…
Writing powered netlist to '/home/vraj/Hardware/TPU/runs/RUN_2026-09-14_15-30-22/51-openroad-fillinsertion/control_systolic.pnl.v'…
Writing layout to '/home/vraj/Hardware/TPU/runs/RUN_2026-09-14_15-30-22/51-openroad-fillinsertion/control_systolic.def'…
Writing timing constraints to '/home/vraj/Hardware/TPU/runs/RUN_2026-09-14_15-30-22/51-openroad-fillinsertion/control_systolic.sdc'…
