Clock: clk
Sources: clk 
Generated: no
Virtual: yes
Propagated: no
Period: 10.000000

===========================================================================
report_clock_properties
============================================================================
Clock                   Period          Waveform
----------------------------------------------------
clk                  10.000000    0.000000  5.000000

===========================================================================
report_clock_latency
============================================================================
Clock clk
rise -> rise
    min     max
0.000000 0.000000 source latency
0.823404         network latency _4503_/CLK
        1.129182 network latency _4454_/CLK
---------------
0.823404 1.129182 latency
        0.305778 skew

fall -> fall
    min     max
0.000000 0.000000 source latency
0.743531         network latency _4503_/CLK
        1.043887 network latency _4454_/CLK
---------------
0.743531 1.043887 latency
        0.300356 skew



===========================================================================
report_clock_min_period
============================================================================
clk period_min = 10.43 fmax = 95.86
