
===========================================================================
 report_power
============================================================================
======================= min_ss_100C_1v60 Corner ===================================

Group                    Internal    Switching      Leakage        Total
                            Power        Power        Power        Power (Watts)
------------------------------------------------------------------------
Sequential           1.114916e-03 1.747316e-04 4.776084e-06 1.294424e-03  18.7%
Combinational        2.482280e-03 2.358631e-03 1.157282e-05 4.852484e-03  70.2%
Clock                3.955349e-04 3.663082e-04 6.677869e-07 7.625109e-04  11.0%
Macro                0.000000e+00 0.000000e+00 0.000000e+00 0.000000e+00   0.0%
Pad                  0.000000e+00 0.000000e+00 0.000000e+00 0.000000e+00   0.0%
------------------------------------------------------------------------
Total                3.992731e-03 2.899671e-03 1.701668e-05 6.909419e-03 100.0%
                            57.8%        42.0%         0.2%

