
===========================================================================
Violator List
============================================================================
[setup reg-reg] _4503_/Q -> _4307_/D : -0.432379
[setup reg-reg] _4503_/Q -> _4279_/D : -0.422151
[setup reg-reg] _4504_/Q -> _4363_/D : -0.344135
[setup reg-reg] _4504_/Q -> _4323_/D : -0.315328
[setup reg-reg] _4504_/Q -> _4339_/D : -0.307161
[setup reg-reg] _4504_/Q -> _4379_/D : -0.287835
[setup reg-reg] _4503_/Q -> _4303_/D : -0.149835
[setup in-reg] D_a_00[1] -> _4395_/D : -0.142447
[setup reg-reg] _4504_/Q -> _4361_/D : -0.129978
[setup reg-reg] _4503_/Q -> _4306_/D : -0.104341
[setup reg-reg] _4503_/Q -> _4275_/D : -0.081560
[setup reg-reg] _4503_/Q -> _4278_/D : -0.076392
[setup reg-reg] _4504_/Q -> _4377_/D : -0.064302
[setup in-reg] D_a_00[1] -> _4419_/D : -0.050336
[setup reg-reg] _4504_/Q -> _4362_/D : -0.048980
[setup reg-reg] _4504_/Q -> _4378_/D : -0.044442
[setup reg-reg] _4504_/Q -> _4322_/D : -0.015136
