Reading timing models for corner nom_tt_025C_1v80…
Reading timing library for the 'nom_tt_025C_1v80' corner at '/home/vraj/.ciel/ciel/sky130/versions/0fe599b2afb6708d281543108caf8310912f54af/sky130A/libs.ref/sky130_fd_sc_hd/lib/sky130_fd_sc_hd__tt_025C_1v80.lib'…
Reading timing models for corner nom_ff_n40C_1v95…
Reading timing library for the 'nom_ff_n40C_1v95' corner at '/home/vraj/.ciel/ciel/sky130/versions/0fe599b2afb6708d281543108caf8310912f54af/sky130A/libs.ref/sky130_fd_sc_hd/lib/sky130_fd_sc_hd__ff_n40C_1v95.lib'…
Reading timing models for corner nom_ss_100C_1v60…
Reading timing library for the 'nom_ss_100C_1v60' corner at '/home/vraj/.ciel/ciel/sky130/versions/0fe599b2afb6708d281543108caf8310912f54af/sky130A/libs.ref/sky130_fd_sc_hd/lib/sky130_fd_sc_hd__ss_100C_1v60.lib'…
Reading OpenROAD database at '/home/vraj/Hardware/TPU/runs/RUN_2026-09-14_15-30-22/33-openroad-detailedplacement/control_systolic.odb'…
Reading design constraints file at '/nix/store/41c5n1rfapbw2k2daig2yag6mbsifckg-python3-3.11.9-env/lib/python3.11/site-packages/librelane/scripts/base.sdc'…
[INFO] Using clock clk…
[INFO] Setting output delay to: 2
[INFO] Setting input delay to: 2
[INFO] Setting load to: 0.033442
[INFO] Setting clock uncertainty to: 0.25
[INFO] Setting clock transition to: 0.1499999999999999944488848768742172978818416595458984375
[INFO] Setting timing derate to: 5%
[INFO] Setting RC values…
[INFO] Configuring cts characterization…
[INFO] Performing clock tree synthesis…
[INFO] Looking for the following net(s): clk
[INFO] Running Clock Tree Synthesis…
[INFO CTS-0050] Root buffer is sky130_fd_sc_hd__clkbuf_16.
[INFO CTS-0051] Sink buffer is sky130_fd_sc_hd__clkbuf_8.
[INFO CTS-0052] The following clock buffers will be used for CTS:
                    sky130_fd_sc_hd__clkbuf_2
                    sky130_fd_sc_hd__clkbuf_4
                    sky130_fd_sc_hd__clkbuf_8
[INFO CTS-0049] Characterization buffer is sky130_fd_sc_hd__clkbuf_8.
[INFO CTS-0007] Net "clk" found for clock "clk".
[INFO CTS-0010]  Clock net "clk" has 257 sinks.
[INFO CTS-0008] TritonCTS found 1 clock nets.
[INFO CTS-0097] Characterization used 3 buffer(s) types.
[INFO CTS-0200] 0 placement blockages have been identified.
[INFO CTS-0201] 0 placed hard macros will be treated like blockages.
[INFO CTS-0027] Generating H-Tree topology for net clk.
[INFO CTS-0028]  Total number of sinks: 257.
[INFO CTS-0029]  Sinks will be clustered in groups of up to 25 and with maximum cluster diameter of 50.0 um.
[INFO CTS-0030]  Number of static layers: 0.
[INFO CTS-0020]  Wire segment unit: 13600  dbu (13 um).
[INFO CTS-0204] A clustering solution was found from clustering size of 25 and clustering diameter of 50.
[INFO CTS-0205] Better solution may be possible if either -sink_clustering_size, -sink_clustering_max_diameter, or both options are omitted to enable automatic clustering.
[INFO CTS-0019]  Total number of sinks after clustering: 33.
[INFO CTS-0024]  Normalized sink region: [(1.11949, 1.98088), (17.9248, 19.0348)].
[INFO CTS-0025]     Width:  16.8053.
[INFO CTS-0026]     Height: 17.0539.
 Level 1
    Direction: Vertical
    Sinks per sub-region: 17
    Sub-region size: 16.8053 X 8.5270
[INFO CTS-0034]     Segment length (rounded): 4.
 Level 2
    Direction: Horizontal
    Sinks per sub-region: 9
    Sub-region size: 8.4027 X 8.5270
[INFO CTS-0034]     Segment length (rounded): 4.
[INFO CTS-0032]  Stop criterion found. Max number of sinks is 15.
[INFO CTS-0035]  Number of sinks covered: 33.
[INFO CTS-0018]     Created 37 clock buffers.
[INFO CTS-0012]     Minimum number of buffers in the clock path: 2.
[INFO CTS-0013]     Maximum number of buffers in the clock path: 3.
[INFO CTS-0015]     Created 37 clock nets.
[INFO CTS-0016]     Fanout distribution for the current clock = 2:1, 3:3, 4:4, 5:2, 6:1, 7:4, 8:5, 9:4, 10:3, 11:4, 12:1, 13:1, 14:2, 15:1..
[INFO CTS-0017]     Max level of the clock tree: 2.
[INFO CTS-0098] Clock net "clk"
[INFO CTS-0099]  Sinks 288
[INFO CTS-0100]  Leaf buffers 32
[INFO CTS-0101]  Average sink wire length 303.90 um
[INFO CTS-0102]  Path depth 2 - 3
[INFO CTS-0207]  Leaf load cells 31
[INFO] Repairing long wires on clock nets…
[INFO RSZ-0058] Using max wire length 6335um.
Setting global connections for newly added cells…
[INFO] Setting global connections...
Updating metrics…
Cell type report:                       Count       Area
  Fill cell                               188     705.68
  Tap cell                                912    1141.09
  Clock buffer                             43     616.84
  Timing Repair Buffer                    275    1521.46
  Inverter                                268    1005.96
  Clock inverter                           25     251.49
  Sequential cell                         257    6396.13
  Multi-Input combinational cell         1865   13893.32
  Total                                  3833   25531.99
Writing OpenROAD database to '/home/vraj/Hardware/TPU/runs/RUN_2026-09-14_15-30-22/34-openroad-cts/control_systolic.odb'…
Writing netlist to '/home/vraj/Hardware/TPU/runs/RUN_2026-09-14_15-30-22/34-openroad-cts/control_systolic.nl.v'…
Writing powered netlist to '/home/vraj/Hardware/TPU/runs/RUN_2026-09-14_15-30-22/34-openroad-cts/control_systolic.pnl.v'…
Writing layout to '/home/vraj/Hardware/TPU/runs/RUN_2026-09-14_15-30-22/34-openroad-cts/control_systolic.def'…
Writing timing constraints to '/home/vraj/Hardware/TPU/runs/RUN_2026-09-14_15-30-22/34-openroad-cts/control_systolic.sdc'…
[INFO] Legalizing…
Placement Analysis
---------------------------------
total displacement        341.8 u
average displacement        0.1 u
max displacement            9.9 u
original HPWL           58359.7 u
legalized HPWL          60170.0 u
delta HPWL                    3 %

[INFO DPL-0020] Mirrored 1135 instances
[INFO DPL-0021] HPWL before           60170.0 u
[INFO DPL-0022] HPWL after            58435.7 u
[INFO DPL-0023] HPWL delta               -2.9 %
Setting global connections for newly added cells…
[INFO] Setting global connections...
Updating metrics…
Cell type report:                       Count       Area
  Fill cell                               188     705.68
  Tap cell                                912    1141.09
  Clock buffer                             43     616.84
  Timing Repair Buffer                    275    1521.46
  Inverter                                268    1005.96
  Clock inverter                           25     251.49
  Sequential cell                         257    6396.13
  Multi-Input combinational cell         1865   13893.32
  Total                                  3833   25531.99
Writing OpenROAD database to '/home/vraj/Hardware/TPU/runs/RUN_2026-09-14_15-30-22/34-openroad-cts/control_systolic.odb'…
Writing netlist to '/home/vraj/Hardware/TPU/runs/RUN_2026-09-14_15-30-22/34-openroad-cts/control_systolic.nl.v'…
Writing powered netlist to '/home/vraj/Hardware/TPU/runs/RUN_2026-09-14_15-30-22/34-openroad-cts/control_systolic.pnl.v'…
Writing layout to '/home/vraj/Hardware/TPU/runs/RUN_2026-09-14_15-30-22/34-openroad-cts/control_systolic.def'…
Writing timing constraints to '/home/vraj/Hardware/TPU/runs/RUN_2026-09-14_15-30-22/34-openroad-cts/control_systolic.sdc'…
%OL_CREATE_REPORT cts.rpt
[INFO CTS-0003] Total number of Clock Roots: 1.
[INFO CTS-0004] Total number of Buffers Inserted: 37.
[INFO CTS-0005] Total number of Clock Subnets: 37.
[INFO CTS-0006] Total number of Sinks: 257.
%OL_END_REPORT
