
===========================================================================
report_checks -unconstrained
===========================================================================
======================= nom_ss_100C_1v60 Corner ===================================

Startpoint: rst (input port clocked by clk)
Endpoint: _4264_ (recovery check against rising-edge clock clk)
Path Group: asynchronous
Path Type: max

Fanout         Cap        Slew       Delay        Time   Description
---------------------------------------------------------------------------------------------
                      0.150000    0.000000    0.000000   clock clk (rise edge)
                                  0.000000    0.000000   clock network delay (ideal)
                                  2.000000    2.000000 v input external delay
   245    1.053498    4.302594    3.161301    5.161301 v rst (in)
                                                         rst (net)
                      4.302594    0.000000    5.161301 v _2135_/A (sky130_fd_sc_hd__inv_2)
     4    0.008625    0.617402    0.697741    5.859041 ^ _2135_/Y (sky130_fd_sc_hd__inv_2)
                                                         _0000_ (net)
                      0.617402    0.000000    5.859041 ^ _4264_/RESET_B (sky130_fd_sc_hd__dfrtp_2)
                                              5.859041   data arrival time

                      0.150000   10.000000   10.000000   clock clk (rise edge)
                                  0.000000   10.000000   clock network delay (ideal)
                                 -0.250000    9.750000   clock uncertainty
                                  0.000000    9.750000   clock reconvergence pessimism
                                              9.750000 ^ _4264_/CLK (sky130_fd_sc_hd__dfrtp_2)
                                  0.238644    9.988644   library recovery time
                                              9.988644   data required time
---------------------------------------------------------------------------------------------
                                              9.988644   data required time
                                             -5.859041   data arrival time
---------------------------------------------------------------------------------------------
                                              4.129602   slack (MET)


Startpoint: _4504_ (rising edge-triggered flip-flop clocked by clk)
Endpoint: _4323_ (rising edge-triggered flip-flop clocked by clk)
Path Group: clk
Path Type: max

Fanout         Cap        Slew       Delay        Time   Description
---------------------------------------------------------------------------------------------
                      0.150000    0.000000    0.000000   clock clk (rise edge)
                                  0.000000    0.000000   clock network delay (ideal)
                      0.150000    0.000000    0.000000 ^ _4504_/CLK (sky130_fd_sc_hd__dfrtp_2)
    87    0.289163    2.118090    2.219279    2.219279 ^ _4504_/Q (sky130_fd_sc_hd__dfrtp_2)
                                                         systolic_unit_0.U_01.switch (net)
                      2.118090    0.000000    2.219279 ^ _3307_/S (sky130_fd_sc_hd__mux2_1)
     3    0.007885    0.165870    1.150146    3.369426 v _3307_/X (sky130_fd_sc_hd__mux2_1)
                                                         _1228_ (net)
                      0.165870    0.000000    3.369426 v _3308_/C (sky130_fd_sc_hd__and3_2)
     2    0.005724    0.088981    0.499985    3.869411 v _3308_/X (sky130_fd_sc_hd__and3_2)
                                                         _1229_ (net)
                      0.088981    0.000000    3.869411 v _3349_/B (sky130_fd_sc_hd__or4_2)
     3    0.011021    0.284784    1.637074    5.506485 v _3349_/X (sky130_fd_sc_hd__or4_2)
                                                         _1270_ (net)
                      0.284784    0.000000    5.506485 v _3352_/A1 (sky130_fd_sc_hd__a21o_2)
     2    0.006074    0.075730    0.455055    5.961541 v _3352_/X (sky130_fd_sc_hd__a21o_2)
                                                         _1273_ (net)
                      0.075730    0.000000    5.961541 v _3353_/C (sky130_fd_sc_hd__and3_2)
     6    0.014109    0.125491    0.503040    6.464581 v _3353_/X (sky130_fd_sc_hd__and3_2)
                                                         _1274_ (net)
                      0.125491    0.000000    6.464581 v _3378_/A (sky130_fd_sc_hd__or3_2)
     3    0.007046    0.196856    1.169693    7.634274 v _3378_/X (sky130_fd_sc_hd__or3_2)
                                                         _1299_ (net)
                      0.196856    0.000000    7.634274 v _3404_/A (sky130_fd_sc_hd__and3_2)
     3    0.005314    0.087775    0.437864    8.072138 v _3404_/X (sky130_fd_sc_hd__and3_2)
                                                         _1325_ (net)
                      0.087775    0.000000    8.072138 v _3405_/B1 (sky130_fd_sc_hd__a31o_2)
     3    0.008091    0.090087    0.427540    8.499678 v _3405_/X (sky130_fd_sc_hd__a31o_2)
                                                         _1326_ (net)
                      0.090087    0.000000    8.499678 v _3407_/A3 (sky130_fd_sc_hd__a31o_2)
     2    0.010960    0.102756    0.495997    8.995675 v _3407_/X (sky130_fd_sc_hd__a31o_2)
                                                         _1328_ (net)
                      0.102756    0.000000    8.995675 v _3408_/A2 (sky130_fd_sc_hd__a21o_2)
     3    0.014198    0.110285    0.452089    9.447763 v _3408_/X (sky130_fd_sc_hd__a21o_2)
                                                         _1329_ (net)
                      0.110285    0.000000    9.447763 v _3418_/C (sky130_fd_sc_hd__and4_2)
     2    0.004383    0.085268    0.487301    9.935064 v _3418_/X (sky130_fd_sc_hd__and4_2)
                                                         _1339_ (net)
                      0.085268    0.000000    9.935064 v _3421_/A3 (sky130_fd_sc_hd__o311a_2)
     2    0.002528    0.092945    0.628510   10.563575 v _3421_/X (sky130_fd_sc_hd__o311a_2)
                                                         _1342_ (net)
                      0.092945    0.000000   10.563575 v _3423_/C (sky130_fd_sc_hd__or3_2)
     2    0.006524    0.193955    1.021183   11.584758 v _3423_/X (sky130_fd_sc_hd__or3_2)
                                                         _1344_ (net)
                      0.193955    0.000000   11.584758 v _3425_/A3 (sky130_fd_sc_hd__a31o_2)
     1    0.008431    0.091762    0.529555   12.114312 v _3425_/X (sky130_fd_sc_hd__a31o_2)
                                                         _1346_ (net)
                      0.091762    0.000000   12.114312 v _3431_/A (sky130_fd_sc_hd__xnor2_2)
     2    0.003043    0.085708    0.231861   12.346173 v _3431_/Y (sky130_fd_sc_hd__xnor2_2)
                                                         _1352_ (net)
                      0.085708    0.000000   12.346173 v _3497_/B (sky130_fd_sc_hd__or2_2)
     1    0.002288    0.114301    0.612488   12.958661 v _3497_/X (sky130_fd_sc_hd__or2_2)
                                                         _1402_ (net)
                      0.114301    0.000000   12.958661 v _3502_/C1 (sky130_fd_sc_hd__o221a_2)
     1    0.001838    0.073693    0.232727   13.191388 v _3502_/X (sky130_fd_sc_hd__o221a_2)
                                                         _0304_ (net)
                      0.073693    0.000000   13.191388 v _4323_/D (sky130_fd_sc_hd__dfrtp_2)
                                             13.191388   data arrival time

                      0.150000   10.000000   10.000000   clock clk (rise edge)
                                  0.000000   10.000000   clock network delay (ideal)
                                 -0.250000    9.750000   clock uncertainty
                                  0.000000    9.750000   clock reconvergence pessimism
                                              9.750000 ^ _4323_/CLK (sky130_fd_sc_hd__dfrtp_2)
                                 -0.256830    9.493171   library setup time
                                              9.493171   data required time
---------------------------------------------------------------------------------------------
                                              9.493171   data required time
                                            -13.191388   data arrival time
---------------------------------------------------------------------------------------------
                                             -3.698217   slack (VIOLATED)




===========================================================================
report_checks --slack_max -0.01
============================================================================
======================= nom_ss_100C_1v60 Corner ===================================

Startpoint: _4504_ (rising edge-triggered flip-flop clocked by clk)
Endpoint: _4323_ (rising edge-triggered flip-flop clocked by clk)
Path Group: clk
Path Type: max

Fanout         Cap        Slew       Delay        Time   Description
---------------------------------------------------------------------------------------------
                      0.150000    0.000000    0.000000   clock clk (rise edge)
                                  0.000000    0.000000   clock network delay (ideal)
                      0.150000    0.000000    0.000000 ^ _4504_/CLK (sky130_fd_sc_hd__dfrtp_2)
    87    0.289163    2.118090    2.219279    2.219279 ^ _4504_/Q (sky130_fd_sc_hd__dfrtp_2)
                                                         systolic_unit_0.U_01.switch (net)
                      2.118090    0.000000    2.219279 ^ _3307_/S (sky130_fd_sc_hd__mux2_1)
     3    0.007885    0.165870    1.150146    3.369426 v _3307_/X (sky130_fd_sc_hd__mux2_1)
                                                         _1228_ (net)
                      0.165870    0.000000    3.369426 v _3308_/C (sky130_fd_sc_hd__and3_2)
     2    0.005724    0.088981    0.499985    3.869411 v _3308_/X (sky130_fd_sc_hd__and3_2)
                                                         _1229_ (net)
                      0.088981    0.000000    3.869411 v _3349_/B (sky130_fd_sc_hd__or4_2)
     3    0.011021    0.284784    1.637074    5.506485 v _3349_/X (sky130_fd_sc_hd__or4_2)
                                                         _1270_ (net)
                      0.284784    0.000000    5.506485 v _3352_/A1 (sky130_fd_sc_hd__a21o_2)
     2    0.006074    0.075730    0.455055    5.961541 v _3352_/X (sky130_fd_sc_hd__a21o_2)
                                                         _1273_ (net)
                      0.075730    0.000000    5.961541 v _3353_/C (sky130_fd_sc_hd__and3_2)
     6    0.014109    0.125491    0.503040    6.464581 v _3353_/X (sky130_fd_sc_hd__and3_2)
                                                         _1274_ (net)
                      0.125491    0.000000    6.464581 v _3378_/A (sky130_fd_sc_hd__or3_2)
     3    0.007046    0.196856    1.169693    7.634274 v _3378_/X (sky130_fd_sc_hd__or3_2)
                                                         _1299_ (net)
                      0.196856    0.000000    7.634274 v _3404_/A (sky130_fd_sc_hd__and3_2)
     3    0.005314    0.087775    0.437864    8.072138 v _3404_/X (sky130_fd_sc_hd__and3_2)
                                                         _1325_ (net)
                      0.087775    0.000000    8.072138 v _3405_/B1 (sky130_fd_sc_hd__a31o_2)
     3    0.008091    0.090087    0.427540    8.499678 v _3405_/X (sky130_fd_sc_hd__a31o_2)
                                                         _1326_ (net)
                      0.090087    0.000000    8.499678 v _3407_/A3 (sky130_fd_sc_hd__a31o_2)
     2    0.010960    0.102756    0.495997    8.995675 v _3407_/X (sky130_fd_sc_hd__a31o_2)
                                                         _1328_ (net)
                      0.102756    0.000000    8.995675 v _3408_/A2 (sky130_fd_sc_hd__a21o_2)
     3    0.014198    0.110285    0.452089    9.447763 v _3408_/X (sky130_fd_sc_hd__a21o_2)
                                                         _1329_ (net)
                      0.110285    0.000000    9.447763 v _3418_/C (sky130_fd_sc_hd__and4_2)
     2    0.004383    0.085268    0.487301    9.935064 v _3418_/X (sky130_fd_sc_hd__and4_2)
                                                         _1339_ (net)
                      0.085268    0.000000    9.935064 v _3421_/A3 (sky130_fd_sc_hd__o311a_2)
     2    0.002528    0.092945    0.628510   10.563575 v _3421_/X (sky130_fd_sc_hd__o311a_2)
                                                         _1342_ (net)
                      0.092945    0.000000   10.563575 v _3423_/C (sky130_fd_sc_hd__or3_2)
     2    0.006524    0.193955    1.021183   11.584758 v _3423_/X (sky130_fd_sc_hd__or3_2)
                                                         _1344_ (net)
                      0.193955    0.000000   11.584758 v _3425_/A3 (sky130_fd_sc_hd__a31o_2)
     1    0.008431    0.091762    0.529555   12.114312 v _3425_/X (sky130_fd_sc_hd__a31o_2)
                                                         _1346_ (net)
                      0.091762    0.000000   12.114312 v _3431_/A (sky130_fd_sc_hd__xnor2_2)
     2    0.003043    0.085708    0.231861   12.346173 v _3431_/Y (sky130_fd_sc_hd__xnor2_2)
                                                         _1352_ (net)
                      0.085708    0.000000   12.346173 v _3497_/B (sky130_fd_sc_hd__or2_2)
     1    0.002288    0.114301    0.612488   12.958661 v _3497_/X (sky130_fd_sc_hd__or2_2)
                                                         _1402_ (net)
                      0.114301    0.000000   12.958661 v _3502_/C1 (sky130_fd_sc_hd__o221a_2)
     1    0.001838    0.073693    0.232727   13.191388 v _3502_/X (sky130_fd_sc_hd__o221a_2)
                                                         _0304_ (net)
                      0.073693    0.000000   13.191388 v _4323_/D (sky130_fd_sc_hd__dfrtp_2)
                                             13.191388   data arrival time

                      0.150000   10.000000   10.000000   clock clk (rise edge)
                                  0.000000   10.000000   clock network delay (ideal)
                                 -0.250000    9.750000   clock uncertainty
                                  0.000000    9.750000   clock reconvergence pessimism
                                              9.750000 ^ _4323_/CLK (sky130_fd_sc_hd__dfrtp_2)
                                 -0.256830    9.493171   library setup time
                                              9.493171   data required time
---------------------------------------------------------------------------------------------
                                              9.493171   data required time
                                            -13.191388   data arrival time
---------------------------------------------------------------------------------------------
                                             -3.698217   slack (VIOLATED)




===========================================================================
 report_check_types -max_slew -max_cap -max_fanout -violators
============================================================================
======================= nom_ss_100C_1v60 Corner ===================================

max slew

Pin                                        Limit        Slew       Slack
------------------------------------------------------------------------
rst                                     0.750000    7.921567   -7.171567 (VIOLATED)
_2135_/A                                0.750000    7.921567   -7.171567 (VIOLATED)
_4020_/A                                0.750000    7.921567   -7.171567 (VIOLATED)
_4021_/A                                0.750000    7.921567   -7.171567 (VIOLATED)
_4022_/A                                0.750000    7.921567   -7.171567 (VIOLATED)
_4023_/A                                0.750000    7.921567   -7.171567 (VIOLATED)
_4024_/A                                0.750000    7.921567   -7.171567 (VIOLATED)
_4025_/A                                0.750000    7.921567   -7.171567 (VIOLATED)
_4026_/A                                0.750000    7.921567   -7.171567 (VIOLATED)
_4027_/A                                0.750000    7.921567   -7.171567 (VIOLATED)
_4028_/A                                0.750000    7.921567   -7.171567 (VIOLATED)
_4029_/A                                0.750000    7.921567   -7.171567 (VIOLATED)
_4030_/A                                0.750000    7.921567   -7.171567 (VIOLATED)
_4031_/A                                0.750000    7.921567   -7.171567 (VIOLATED)
_4032_/A                                0.750000    7.921567   -7.171567 (VIOLATED)
_4033_/A                                0.750000    7.921567   -7.171567 (VIOLATED)
_4034_/A                                0.750000    7.921567   -7.171567 (VIOLATED)
_4035_/A                                0.750000    7.921567   -7.171567 (VIOLATED)
_4036_/A                                0.750000    7.921567   -7.171567 (VIOLATED)
_4037_/A                                0.750000    7.921567   -7.171567 (VIOLATED)
_4038_/A                                0.750000    7.921567   -7.171567 (VIOLATED)
_4039_/A                                0.750000    7.921567   -7.171567 (VIOLATED)
_4040_/A                                0.750000    7.921567   -7.171567 (VIOLATED)
_4041_/A                                0.750000    7.921567   -7.171567 (VIOLATED)
_4042_/A                                0.750000    7.921567   -7.171567 (VIOLATED)
_4043_/A                                0.750000    7.921567   -7.171567 (VIOLATED)
_4044_/A                                0.750000    7.921567   -7.171567 (VIOLATED)
_4045_/A                                0.750000    7.921567   -7.171567 (VIOLATED)
_4046_/A                                0.750000    7.921567   -7.171567 (VIOLATED)
_4047_/A                                0.750000    7.921567   -7.171567 (VIOLATED)
_4048_/A                                0.750000    7.921567   -7.171567 (VIOLATED)
_4049_/A                                0.750000    7.921567   -7.171567 (VIOLATED)
_4050_/A                                0.750000    7.921567   -7.171567 (VIOLATED)
_4051_/A                                0.750000    7.921567   -7.171567 (VIOLATED)
_4052_/A                                0.750000    7.921567   -7.171567 (VIOLATED)
_4053_/A                                0.750000    7.921567   -7.171567 (VIOLATED)
_4054_/A                                0.750000    7.921567   -7.171567 (VIOLATED)
_4055_/A                                0.750000    7.921567   -7.171567 (VIOLATED)
_4056_/A                                0.750000    7.921567   -7.171567 (VIOLATED)
_4057_/A                                0.750000    7.921567   -7.171567 (VIOLATED)
_4058_/A                                0.750000    7.921567   -7.171567 (VIOLATED)
_4059_/A                                0.750000    7.921567   -7.171567 (VIOLATED)
_4060_/A                                0.750000    7.921567   -7.171567 (VIOLATED)
_4061_/A                                0.750000    7.921567   -7.171567 (VIOLATED)
_4062_/A                                0.750000    7.921567   -7.171567 (VIOLATED)
_4063_/A                                0.750000    7.921567   -7.171567 (VIOLATED)
_4064_/A                                0.750000    7.921567   -7.171567 (VIOLATED)
_4065_/A                                0.750000    7.921567   -7.171567 (VIOLATED)
_4066_/A                                0.750000    7.921567   -7.171567 (VIOLATED)
_4067_/A                                0.750000    7.921567   -7.171567 (VIOLATED)
_4068_/A                                0.750000    7.921567   -7.171567 (VIOLATED)
_4069_/A                                0.750000    7.921567   -7.171567 (VIOLATED)
_4070_/A                                0.750000    7.921567   -7.171567 (VIOLATED)
_4071_/A                                0.750000    7.921567   -7.171567 (VIOLATED)
_4072_/A                                0.750000    7.921567   -7.171567 (VIOLATED)
_4073_/A                                0.750000    7.921567   -7.171567 (VIOLATED)
_4074_/A                                0.750000    7.921567   -7.171567 (VIOLATED)
_4075_/A                                0.750000    7.921567   -7.171567 (VIOLATED)
_4076_/A                                0.750000    7.921567   -7.171567 (VIOLATED)
_4077_/A                                0.750000    7.921567   -7.171567 (VIOLATED)
_4078_/A                                0.750000    7.921567   -7.171567 (VIOLATED)
_4079_/A                                0.750000    7.921567   -7.171567 (VIOLATED)
_4080_/A                                0.750000    7.921567   -7.171567 (VIOLATED)
_4081_/A                                0.750000    7.921567   -7.171567 (VIOLATED)
_4082_/A                                0.750000    7.921567   -7.171567 (VIOLATED)
_4083_/A                                0.750000    7.921567   -7.171567 (VIOLATED)
_4084_/A                                0.750000    7.921567   -7.171567 (VIOLATED)
_4085_/A                                0.750000    7.921567   -7.171567 (VIOLATED)
_4086_/A                                0.750000    7.921567   -7.171567 (VIOLATED)
_4087_/A                                0.750000    7.921567   -7.171567 (VIOLATED)
_4088_/A                                0.750000    7.921567   -7.171567 (VIOLATED)
_4089_/A                                0.750000    7.921567   -7.171567 (VIOLATED)
_4090_/A                                0.750000    7.921567   -7.171567 (VIOLATED)
_4091_/A                                0.750000    7.921567   -7.171567 (VIOLATED)
_4092_/A                                0.750000    7.921567   -7.171567 (VIOLATED)
_4093_/A                                0.750000    7.921567   -7.171567 (VIOLATED)
_4094_/A                                0.750000    7.921567   -7.171567 (VIOLATED)
_4095_/A                                0.750000    7.921567   -7.171567 (VIOLATED)
_4096_/A                                0.750000    7.921567   -7.171567 (VIOLATED)
_4097_/A                                0.750000    7.921567   -7.171567 (VIOLATED)
_4098_/A                                0.750000    7.921567   -7.171567 (VIOLATED)
_4099_/A                                0.750000    7.921567   -7.171567 (VIOLATED)
_4100_/A                                0.750000    7.921567   -7.171567 (VIOLATED)
_4101_/A                                0.750000    7.921567   -7.171567 (VIOLATED)
_4102_/A                                0.750000    7.921567   -7.171567 (VIOLATED)
_4103_/A                                0.750000    7.921567   -7.171567 (VIOLATED)
_4104_/A                                0.750000    7.921567   -7.171567 (VIOLATED)
_4105_/A                                0.750000    7.921567   -7.171567 (VIOLATED)
_4106_/A                                0.750000    7.921567   -7.171567 (VIOLATED)
_4107_/A                                0.750000    7.921567   -7.171567 (VIOLATED)
_4108_/A                                0.750000    7.921567   -7.171567 (VIOLATED)
_4109_/A                                0.750000    7.921567   -7.171567 (VIOLATED)
_4110_/A                                0.750000    7.921567   -7.171567 (VIOLATED)
_4111_/A                                0.750000    7.921567   -7.171567 (VIOLATED)
_4112_/A                                0.750000    7.921567   -7.171567 (VIOLATED)
_4113_/A                                0.750000    7.921567   -7.171567 (VIOLATED)
_4114_/A                                0.750000    7.921567   -7.171567 (VIOLATED)
_4115_/A                                0.750000    7.921567   -7.171567 (VIOLATED)
_4116_/A                                0.750000    7.921567   -7.171567 (VIOLATED)
_4117_/A                                0.750000    7.921567   -7.171567 (VIOLATED)
_4118_/A                                0.750000    7.921567   -7.171567 (VIOLATED)
_4119_/A                                0.750000    7.921567   -7.171567 (VIOLATED)
_4120_/A                                0.750000    7.921567   -7.171567 (VIOLATED)
_4121_/A                                0.750000    7.921567   -7.171567 (VIOLATED)
_4122_/A                                0.750000    7.921567   -7.171567 (VIOLATED)
_4123_/A                                0.750000    7.921567   -7.171567 (VIOLATED)
_4124_/A                                0.750000    7.921567   -7.171567 (VIOLATED)
_4125_/A                                0.750000    7.921567   -7.171567 (VIOLATED)
_4126_/A                                0.750000    7.921567   -7.171567 (VIOLATED)
_4127_/A                                0.750000    7.921567   -7.171567 (VIOLATED)
_4128_/A                                0.750000    7.921567   -7.171567 (VIOLATED)
_4129_/A                                0.750000    7.921567   -7.171567 (VIOLATED)
_4130_/A                                0.750000    7.921567   -7.171567 (VIOLATED)
_4131_/A                                0.750000    7.921567   -7.171567 (VIOLATED)
_4132_/A                                0.750000    7.921567   -7.171567 (VIOLATED)
_4133_/A                                0.750000    7.921567   -7.171567 (VIOLATED)
_4134_/A                                0.750000    7.921567   -7.171567 (VIOLATED)
_4135_/A                                0.750000    7.921567   -7.171567 (VIOLATED)
_4136_/A                                0.750000    7.921567   -7.171567 (VIOLATED)
_4137_/A                                0.750000    7.921567   -7.171567 (VIOLATED)
_4138_/A                                0.750000    7.921567   -7.171567 (VIOLATED)
_4139_/A                                0.750000    7.921567   -7.171567 (VIOLATED)
_4140_/A                                0.750000    7.921567   -7.171567 (VIOLATED)
_4141_/A                                0.750000    7.921567   -7.171567 (VIOLATED)
_4142_/A                                0.750000    7.921567   -7.171567 (VIOLATED)
_4143_/A                                0.750000    7.921567   -7.171567 (VIOLATED)
_4144_/A                                0.750000    7.921567   -7.171567 (VIOLATED)
_4145_/A                                0.750000    7.921567   -7.171567 (VIOLATED)
_4146_/A                                0.750000    7.921567   -7.171567 (VIOLATED)
_4147_/A                                0.750000    7.921567   -7.171567 (VIOLATED)
_4148_/A                                0.750000    7.921567   -7.171567 (VIOLATED)
_4149_/A                                0.750000    7.921567   -7.171567 (VIOLATED)
_4150_/A                                0.750000    7.921567   -7.171567 (VIOLATED)
_4151_/A                                0.750000    7.921567   -7.171567 (VIOLATED)
_4152_/A                                0.750000    7.921567   -7.171567 (VIOLATED)
_4153_/A                                0.750000    7.921567   -7.171567 (VIOLATED)
_4154_/A                                0.750000    7.921567   -7.171567 (VIOLATED)
_4155_/A                                0.750000    7.921567   -7.171567 (VIOLATED)
_4156_/A                                0.750000    7.921567   -7.171567 (VIOLATED)
_4157_/A                                0.750000    7.921567   -7.171567 (VIOLATED)
_4158_/A                                0.750000    7.921567   -7.171567 (VIOLATED)
_4159_/A                                0.750000    7.921567   -7.171567 (VIOLATED)
_4160_/A                                0.750000    7.921567   -7.171567 (VIOLATED)
_4161_/A                                0.750000    7.921567   -7.171567 (VIOLATED)
_4162_/A                                0.750000    7.921567   -7.171567 (VIOLATED)
_4163_/A                                0.750000    7.921567   -7.171567 (VIOLATED)
_4164_/A                                0.750000    7.921567   -7.171567 (VIOLATED)
_4165_/A                                0.750000    7.921567   -7.171567 (VIOLATED)
_4166_/A                                0.750000    7.921567   -7.171567 (VIOLATED)
_4167_/A                                0.750000    7.921567   -7.171567 (VIOLATED)
_4168_/A                                0.750000    7.921567   -7.171567 (VIOLATED)
_4169_/A                                0.750000    7.921567   -7.171567 (VIOLATED)
_4170_/A                                0.750000    7.921567   -7.171567 (VIOLATED)
_4171_/A                                0.750000    7.921567   -7.171567 (VIOLATED)
_4172_/A                                0.750000    7.921567   -7.171567 (VIOLATED)
_4173_/A                                0.750000    7.921567   -7.171567 (VIOLATED)
_4174_/A                                0.750000    7.921567   -7.171567 (VIOLATED)
_4175_/A                                0.750000    7.921567   -7.171567 (VIOLATED)
_4176_/A                                0.750000    7.921567   -7.171567 (VIOLATED)
_4177_/A                                0.750000    7.921567   -7.171567 (VIOLATED)
_4178_/A                                0.750000    7.921567   -7.171567 (VIOLATED)
_4179_/A                                0.750000    7.921567   -7.171567 (VIOLATED)
_4180_/A                                0.750000    7.921567   -7.171567 (VIOLATED)
_4181_/A                                0.750000    7.921567   -7.171567 (VIOLATED)
_4182_/A                                0.750000    7.921567   -7.171567 (VIOLATED)
_4183_/A                                0.750000    7.921567   -7.171567 (VIOLATED)
_4184_/A                                0.750000    7.921567   -7.171567 (VIOLATED)
_4185_/A                                0.750000    7.921567   -7.171567 (VIOLATED)
_4186_/A                                0.750000    7.921567   -7.171567 (VIOLATED)
_4187_/A                                0.750000    7.921567   -7.171567 (VIOLATED)
_4188_/A                                0.750000    7.921567   -7.171567 (VIOLATED)
_4189_/A                                0.750000    7.921567   -7.171567 (VIOLATED)
_4190_/A                                0.750000    7.921567   -7.171567 (VIOLATED)
_4191_/A                                0.750000    7.921567   -7.171567 (VIOLATED)
_4192_/A                                0.750000    7.921567   -7.171567 (VIOLATED)
_4193_/A                                0.750000    7.921567   -7.171567 (VIOLATED)
_4194_/A                                0.750000    7.921567   -7.171567 (VIOLATED)
_4195_/A                                0.750000    7.921567   -7.171567 (VIOLATED)
_4196_/A                                0.750000    7.921567   -7.171567 (VIOLATED)
_4197_/A                                0.750000    7.921567   -7.171567 (VIOLATED)
_4198_/A                                0.750000    7.921567   -7.171567 (VIOLATED)
_4199_/A                                0.750000    7.921567   -7.171567 (VIOLATED)
_4200_/A                                0.750000    7.921567   -7.171567 (VIOLATED)
_4201_/A                                0.750000    7.921567   -7.171567 (VIOLATED)
_4202_/A                                0.750000    7.921567   -7.171567 (VIOLATED)
_4203_/A                                0.750000    7.921567   -7.171567 (VIOLATED)
_4204_/A                                0.750000    7.921567   -7.171567 (VIOLATED)
_4205_/A                                0.750000    7.921567   -7.171567 (VIOLATED)
_4206_/A                                0.750000    7.921567   -7.171567 (VIOLATED)
_4207_/A                                0.750000    7.921567   -7.171567 (VIOLATED)
_4208_/A                                0.750000    7.921567   -7.171567 (VIOLATED)
_4209_/A                                0.750000    7.921567   -7.171567 (VIOLATED)
_4210_/A                                0.750000    7.921567   -7.171567 (VIOLATED)
_4211_/A                                0.750000    7.921567   -7.171567 (VIOLATED)
_4212_/A                                0.750000    7.921567   -7.171567 (VIOLATED)
_4213_/A                                0.750000    7.921567   -7.171567 (VIOLATED)
_4214_/A                                0.750000    7.921567   -7.171567 (VIOLATED)
_4215_/A                                0.750000    7.921567   -7.171567 (VIOLATED)
_4216_/A                                0.750000    7.921567   -7.171567 (VIOLATED)
_4217_/A                                0.750000    7.921567   -7.171567 (VIOLATED)
_4218_/A                                0.750000    7.921567   -7.171567 (VIOLATED)
_4219_/A                                0.750000    7.921567   -7.171567 (VIOLATED)
_4220_/A                                0.750000    7.921567   -7.171567 (VIOLATED)
_4221_/A                                0.750000    7.921567   -7.171567 (VIOLATED)
_4222_/A                                0.750000    7.921567   -7.171567 (VIOLATED)
_4223_/A                                0.750000    7.921567   -7.171567 (VIOLATED)
_4224_/A                                0.750000    7.921567   -7.171567 (VIOLATED)
_4225_/A                                0.750000    7.921567   -7.171567 (VIOLATED)
_4226_/A                                0.750000    7.921567   -7.171567 (VIOLATED)
_4227_/A                                0.750000    7.921567   -7.171567 (VIOLATED)
_4228_/A                                0.750000    7.921567   -7.171567 (VIOLATED)
_4229_/A                                0.750000    7.921567   -7.171567 (VIOLATED)
_4230_/A                                0.750000    7.921567   -7.171567 (VIOLATED)
_4231_/A                                0.750000    7.921567   -7.171567 (VIOLATED)
_4232_/A                                0.750000    7.921567   -7.171567 (VIOLATED)
_4233_/A                                0.750000    7.921567   -7.171567 (VIOLATED)
_4234_/A                                0.750000    7.921567   -7.171567 (VIOLATED)
_4235_/A                                0.750000    7.921567   -7.171567 (VIOLATED)
_4236_/A                                0.750000    7.921567   -7.171567 (VIOLATED)
_4237_/A                                0.750000    7.921567   -7.171567 (VIOLATED)
_4238_/A                                0.750000    7.921567   -7.171567 (VIOLATED)
_4239_/A                                0.750000    7.921567   -7.171567 (VIOLATED)
_4240_/A                                0.750000    7.921567   -7.171567 (VIOLATED)
_4241_/A                                0.750000    7.921567   -7.171567 (VIOLATED)
_4242_/A                                0.750000    7.921567   -7.171567 (VIOLATED)
_4243_/A                                0.750000    7.921567   -7.171567 (VIOLATED)
_4244_/A                                0.750000    7.921567   -7.171567 (VIOLATED)
_4245_/A                                0.750000    7.921567   -7.171567 (VIOLATED)
_4246_/A                                0.750000    7.921567   -7.171567 (VIOLATED)
_4247_/A                                0.750000    7.921567   -7.171567 (VIOLATED)
_4248_/A                                0.750000    7.921567   -7.171567 (VIOLATED)
_4249_/A                                0.750000    7.921567   -7.171567 (VIOLATED)
_4250_/A                                0.750000    7.921567   -7.171567 (VIOLATED)
_4251_/A                                0.750000    7.921567   -7.171567 (VIOLATED)
_4252_/A                                0.750000    7.921567   -7.171567 (VIOLATED)
_4253_/A                                0.750000    7.921567   -7.171567 (VIOLATED)
_4254_/A                                0.750000    7.921567   -7.171567 (VIOLATED)
_4255_/A                                0.750000    7.921567   -7.171567 (VIOLATED)
_4256_/A                                0.750000    7.921567   -7.171567 (VIOLATED)
_4257_/A                                0.750000    7.921567   -7.171567 (VIOLATED)
_4258_/A                                0.750000    7.921567   -7.171567 (VIOLATED)
_4259_/A                                0.750000    7.921567   -7.171567 (VIOLATED)
_4260_/A                                0.750000    7.921567   -7.171567 (VIOLATED)
_4261_/A                                0.750000    7.921567   -7.171567 (VIOLATED)
_4262_/A                                0.750000    7.921567   -7.171567 (VIOLATED)
_4263_/A                                0.750000    7.921567   -7.171567 (VIOLATED)
_2136_/A                                0.750000    2.118090   -1.368090 (VIOLATED)
_2638_/B                                0.750000    2.118090   -1.368090 (VIOLATED)
_2649_/S                                0.750000    2.118090   -1.368090 (VIOLATED)
_2654_/S                                0.750000    2.118090   -1.368090 (VIOLATED)
_2661_/S                                0.750000    2.118090   -1.368090 (VIOLATED)
_2663_/S                                0.750000    2.118090   -1.368090 (VIOLATED)
_2689_/S                                0.750000    2.118090   -1.368090 (VIOLATED)
_2715_/S                                0.750000    2.118090   -1.368090 (VIOLATED)
_2717_/S                                0.750000    2.118090   -1.368090 (VIOLATED)
_2751_/S                                0.750000    2.118090   -1.368090 (VIOLATED)
_2790_/S                                0.750000    2.118090   -1.368090 (VIOLATED)
_2828_/S                                0.750000    2.118090   -1.368090 (VIOLATED)
_2872_/S                                0.750000    2.118090   -1.368090 (VIOLATED)
_2893_/S                                0.750000    2.118090   -1.368090 (VIOLATED)
_2921_/S                                0.750000    2.118090   -1.368090 (VIOLATED)
_2941_/S                                0.750000    2.118090   -1.368090 (VIOLATED)
_2959_/S                                0.750000    2.118090   -1.368090 (VIOLATED)
_2994_/S                                0.750000    2.118090   -1.368090 (VIOLATED)
_2999_/B2                               0.750000    2.118090   -1.368090 (VIOLATED)
_3002_/B2                               0.750000    2.118090   -1.368090 (VIOLATED)
_3005_/B2                               0.750000    2.118090   -1.368090 (VIOLATED)
_3007_/B2                               0.750000    2.118090   -1.368090 (VIOLATED)
_3012_/B2                               0.750000    2.118090   -1.368090 (VIOLATED)
_3014_/B2                               0.750000    2.118090   -1.368090 (VIOLATED)
_3017_/B2                               0.750000    2.118090   -1.368090 (VIOLATED)
_3019_/B2                               0.750000    2.118090   -1.368090 (VIOLATED)
_3021_/B2                               0.750000    2.118090   -1.368090 (VIOLATED)
_3023_/B2                               0.750000    2.118090   -1.368090 (VIOLATED)
_3025_/B2                               0.750000    2.118090   -1.368090 (VIOLATED)
_3028_/B2                               0.750000    2.118090   -1.368090 (VIOLATED)
_3031_/B2                               0.750000    2.118090   -1.368090 (VIOLATED)
_3033_/B2                               0.750000    2.118090   -1.368090 (VIOLATED)
_3036_/B2                               0.750000    2.118090   -1.368090 (VIOLATED)
_3038_/A1                               0.750000    2.118090   -1.368090 (VIOLATED)
_3071_/S                                0.750000    2.118090   -1.368090 (VIOLATED)
_3083_/S                                0.750000    2.118090   -1.368090 (VIOLATED)
_3103_/S                                0.750000    2.118090   -1.368090 (VIOLATED)
_3128_/S                                0.750000    2.118090   -1.368090 (VIOLATED)
_3161_/S                                0.750000    2.118090   -1.368090 (VIOLATED)
_3175_/S                                0.750000    2.118090   -1.368090 (VIOLATED)
_3176_/S                                0.750000    2.118090   -1.368090 (VIOLATED)
_3222_/S                                0.750000    2.118090   -1.368090 (VIOLATED)
_3258_/S                                0.750000    2.118090   -1.368090 (VIOLATED)
_3283_/S                                0.750000    2.118090   -1.368090 (VIOLATED)
_3307_/S                                0.750000    2.118090   -1.368090 (VIOLATED)
_3344_/S                                0.750000    2.118090   -1.368090 (VIOLATED)
_3368_/S                                0.750000    2.118090   -1.368090 (VIOLATED)
_3386_/S                                0.750000    2.118090   -1.368090 (VIOLATED)
_3399_/S                                0.750000    2.118090   -1.368090 (VIOLATED)
_3427_/S                                0.750000    2.118090   -1.368090 (VIOLATED)
_3432_/S                                0.750000    2.118090   -1.368090 (VIOLATED)
_3434_/A                                0.750000    2.118090   -1.368090 (VIOLATED)
_3435_/B1                               0.750000    2.118090   -1.368090 (VIOLATED)
_3436_/B                                0.750000    2.118090   -1.368090 (VIOLATED)
_3441_/S                                0.750000    2.118090   -1.368090 (VIOLATED)
_3443_/A                                0.750000    2.118090   -1.368090 (VIOLATED)
_3444_/B1                               0.750000    2.118090   -1.368090 (VIOLATED)
_3450_/S                                0.750000    2.118090   -1.368090 (VIOLATED)
_3453_/A                                0.750000    2.118090   -1.368090 (VIOLATED)
_3454_/B1                               0.750000    2.118090   -1.368090 (VIOLATED)
_3459_/S                                0.750000    2.118090   -1.368090 (VIOLATED)
_3461_/A                                0.750000    2.118090   -1.368090 (VIOLATED)
_3462_/B1                               0.750000    2.118090   -1.368090 (VIOLATED)
_3467_/S                                0.750000    2.118090   -1.368090 (VIOLATED)
_3469_/A                                0.750000    2.118090   -1.368090 (VIOLATED)
_3470_/B1                               0.750000    2.118090   -1.368090 (VIOLATED)
_3477_/A                                0.750000    2.118090   -1.368090 (VIOLATED)
_3478_/B1                               0.750000    2.118090   -1.368090 (VIOLATED)
_3481_/A                                0.750000    2.118090   -1.368090 (VIOLATED)
_3482_/B1                               0.750000    2.118090   -1.368090 (VIOLATED)
_3486_/A                                0.750000    2.118090   -1.368090 (VIOLATED)
_3487_/B1                               0.750000    2.118090   -1.368090 (VIOLATED)
_3492_/S                                0.750000    2.118090   -1.368090 (VIOLATED)
_3495_/B1                               0.750000    2.118090   -1.368090 (VIOLATED)
_3497_/A                                0.750000    2.118090   -1.368090 (VIOLATED)
_3500_/B                                0.750000    2.118090   -1.368090 (VIOLATED)
_3501_/B                                0.750000    2.118090   -1.368090 (VIOLATED)
_3503_/A                                0.750000    2.118090   -1.368090 (VIOLATED)
_3507_/A                                0.750000    2.118090   -1.368090 (VIOLATED)
_3511_/A                                0.750000    2.118090   -1.368090 (VIOLATED)
_3515_/A                                0.750000    2.118090   -1.368090 (VIOLATED)
_3519_/A                                0.750000    2.118090   -1.368090 (VIOLATED)
_3523_/A                                0.750000    2.118090   -1.368090 (VIOLATED)
_3525_/A                                0.750000    2.118090   -1.368090 (VIOLATED)
_3527_/A                                0.750000    2.118090   -1.368090 (VIOLATED)
_3531_/B1                               0.750000    2.118090   -1.368090 (VIOLATED)
_4503_/D                                0.750000    2.118090   -1.368090 (VIOLATED)
_4504_/Q                                0.750000    2.118090   -1.368090 (VIOLATED)
_2134_/A                                0.750000    1.577277   -0.827277 (VIOLATED)
_2138_/S                                0.750000    1.577277   -0.827277 (VIOLATED)
_2140_/S                                0.750000    1.577277   -0.827277 (VIOLATED)
_2142_/S                                0.750000    1.577277   -0.827277 (VIOLATED)
_2144_/S                                0.750000    1.577277   -0.827277 (VIOLATED)
_2146_/S                                0.750000    1.577277   -0.827277 (VIOLATED)
_2148_/S                                0.750000    1.577277   -0.827277 (VIOLATED)
_2150_/S                                0.750000    1.577277   -0.827277 (VIOLATED)
_2152_/S                                0.750000    1.577277   -0.827277 (VIOLATED)
_2154_/S                                0.750000    1.577277   -0.827277 (VIOLATED)
_2156_/S                                0.750000    1.577277   -0.827277 (VIOLATED)
_2158_/S                                0.750000    1.577277   -0.827277 (VIOLATED)
_2160_/S                                0.750000    1.577277   -0.827277 (VIOLATED)
_2162_/S                                0.750000    1.577277   -0.827277 (VIOLATED)
_2164_/S                                0.750000    1.577277   -0.827277 (VIOLATED)
_2166_/S                                0.750000    1.577277   -0.827277 (VIOLATED)
_2168_/S                                0.750000    1.577277   -0.827277 (VIOLATED)
_2170_/S                                0.750000    1.577277   -0.827277 (VIOLATED)
_2172_/S                                0.750000    1.577277   -0.827277 (VIOLATED)
_2174_/S                                0.750000    1.577277   -0.827277 (VIOLATED)
_2176_/S                                0.750000    1.577277   -0.827277 (VIOLATED)
_2178_/S                                0.750000    1.577277   -0.827277 (VIOLATED)
_2180_/S                                0.750000    1.577277   -0.827277 (VIOLATED)
_2182_/S                                0.750000    1.577277   -0.827277 (VIOLATED)
_2184_/S                                0.750000    1.577277   -0.827277 (VIOLATED)
_2186_/S                                0.750000    1.577277   -0.827277 (VIOLATED)
_2188_/S                                0.750000    1.577277   -0.827277 (VIOLATED)
_2190_/S                                0.750000    1.577277   -0.827277 (VIOLATED)
_2192_/S                                0.750000    1.577277   -0.827277 (VIOLATED)
_2194_/S                                0.750000    1.577277   -0.827277 (VIOLATED)
_2196_/S                                0.750000    1.577277   -0.827277 (VIOLATED)
_2198_/S                                0.750000    1.577277   -0.827277 (VIOLATED)
_2200_/S                                0.750000    1.577277   -0.827277 (VIOLATED)
_3544_/S                                0.750000    1.577277   -0.827277 (VIOLATED)
_3549_/S                                0.750000    1.577277   -0.827277 (VIOLATED)
_3557_/S                                0.750000    1.577277   -0.827277 (VIOLATED)
_3559_/S                                0.750000    1.577277   -0.827277 (VIOLATED)
_3585_/S                                0.750000    1.577277   -0.827277 (VIOLATED)
_3613_/S                                0.750000    1.577277   -0.827277 (VIOLATED)
_3615_/S                                0.750000    1.577277   -0.827277 (VIOLATED)
_3650_/S                                0.750000    1.577277   -0.827277 (VIOLATED)
_3689_/S                                0.750000    1.577277   -0.827277 (VIOLATED)
_3726_/S                                0.750000    1.577277   -0.827277 (VIOLATED)
_3769_/S                                0.750000    1.577277   -0.827277 (VIOLATED)
_3784_/S                                0.750000    1.577277   -0.827277 (VIOLATED)
_3817_/S                                0.750000    1.577277   -0.827277 (VIOLATED)
_3834_/S                                0.750000    1.577277   -0.827277 (VIOLATED)
_3856_/S                                0.750000    1.577277   -0.827277 (VIOLATED)
_3890_/S                                0.750000    1.577277   -0.827277 (VIOLATED)
_3898_/A                                0.750000    1.577277   -0.827277 (VIOLATED)
_3899_/A                                0.750000    1.577277   -0.827277 (VIOLATED)
_3903_/A1                               0.750000    1.577277   -0.827277 (VIOLATED)
_3907_/A1                               0.750000    1.577277   -0.827277 (VIOLATED)
_3911_/A1                               0.750000    1.577277   -0.827277 (VIOLATED)
_3918_/A1                               0.750000    1.577277   -0.827277 (VIOLATED)
_3925_/A1                               0.750000    1.577277   -0.827277 (VIOLATED)
_3929_/B2                               0.750000    1.577277   -0.827277 (VIOLATED)
_3933_/A1                               0.750000    1.577277   -0.827277 (VIOLATED)
_3936_/A1                               0.750000    1.577277   -0.827277 (VIOLATED)
_3940_/A1                               0.750000    1.577277   -0.827277 (VIOLATED)
_3944_/A1                               0.750000    1.577277   -0.827277 (VIOLATED)
_3947_/A1                               0.750000    1.577277   -0.827277 (VIOLATED)
_3949_/A                                0.750000    1.577277   -0.827277 (VIOLATED)
_3957_/B                                0.750000    1.577277   -0.827277 (VIOLATED)
_3958_/B                                0.750000    1.577277   -0.827277 (VIOLATED)
_3959_/A1                               0.750000    1.577277   -0.827277 (VIOLATED)
_3966_/B                                0.750000    1.577277   -0.827277 (VIOLATED)
_3974_/B                                0.750000    1.577277   -0.827277 (VIOLATED)
_3988_/B1                               0.750000    1.577277   -0.827277 (VIOLATED)
_4503_/Q                                0.750000    1.577277   -0.827277 (VIOLATED)
_2137_/X                                0.750000    0.868300   -0.118300 (VIOLATED)
_2139_/S                                0.750000    0.868300   -0.118300 (VIOLATED)
_2141_/S                                0.750000    0.868300   -0.118300 (VIOLATED)
_2143_/S                                0.750000    0.868300   -0.118300 (VIOLATED)
_2145_/S                                0.750000    0.868300   -0.118300 (VIOLATED)
_2147_/S                                0.750000    0.868300   -0.118300 (VIOLATED)
_2149_/S                                0.750000    0.868300   -0.118300 (VIOLATED)
_2151_/S                                0.750000    0.868300   -0.118300 (VIOLATED)
_2153_/S                                0.750000    0.868300   -0.118300 (VIOLATED)
_2155_/S                                0.750000    0.868300   -0.118300 (VIOLATED)
_2157_/S                                0.750000    0.868300   -0.118300 (VIOLATED)
_2159_/S                                0.750000    0.868300   -0.118300 (VIOLATED)
_2161_/S                                0.750000    0.868300   -0.118300 (VIOLATED)
_2163_/S                                0.750000    0.868300   -0.118300 (VIOLATED)
_2165_/S                                0.750000    0.868300   -0.118300 (VIOLATED)
_2167_/S                                0.750000    0.868300   -0.118300 (VIOLATED)
_2169_/S                                0.750000    0.868300   -0.118300 (VIOLATED)
_2171_/S                                0.750000    0.868300   -0.118300 (VIOLATED)
_2173_/S                                0.750000    0.868300   -0.118300 (VIOLATED)
_2175_/S                                0.750000    0.868300   -0.118300 (VIOLATED)
_2177_/S                                0.750000    0.868300   -0.118300 (VIOLATED)
_2179_/S                                0.750000    0.868300   -0.118300 (VIOLATED)
_2181_/S                                0.750000    0.868300   -0.118300 (VIOLATED)
_2183_/S                                0.750000    0.868300   -0.118300 (VIOLATED)
_2185_/S                                0.750000    0.868300   -0.118300 (VIOLATED)
_2187_/S                                0.750000    0.868300   -0.118300 (VIOLATED)
_2189_/S                                0.750000    0.868300   -0.118300 (VIOLATED)
_2191_/S                                0.750000    0.868300   -0.118300 (VIOLATED)
_2193_/S                                0.750000    0.868300   -0.118300 (VIOLATED)
_2195_/S                                0.750000    0.868300   -0.118300 (VIOLATED)
_2197_/S                                0.750000    0.868300   -0.118300 (VIOLATED)
_2199_/S                                0.750000    0.868300   -0.118300 (VIOLATED)
_2201_/S                                0.750000    0.868300   -0.118300 (VIOLATED)
_4468_/D                                0.750000    0.868300   -0.118300 (VIOLATED)
_2135_/Y                                0.750000    0.840578   -0.090578 (VIOLATED)
_3990_/C                                0.750000    0.840578   -0.090578 (VIOLATED)
_3998_/A                                0.750000    0.840578   -0.090578 (VIOLATED)
_4013_/C1                               0.750000    0.840578   -0.090578 (VIOLATED)
_4264_/RESET_B                          0.750000    0.840578   -0.090578 (VIOLATED)
_2133_/A                                0.750000    0.836765   -0.086765 (VIOLATED)
_2202_/A                                0.750000    0.836765   -0.086765 (VIOLATED)
_2203_/S                                0.750000    0.836765   -0.086765 (VIOLATED)
_2211_/S                                0.750000    0.836765   -0.086765 (VIOLATED)
_2214_/S                                0.750000    0.836765   -0.086765 (VIOLATED)
_2237_/S                                0.750000    0.836765   -0.086765 (VIOLATED)
_2251_/S                                0.750000    0.836765   -0.086765 (VIOLATED)
_2256_/S                                0.750000    0.836765   -0.086765 (VIOLATED)
_2320_/S                                0.750000    0.836765   -0.086765 (VIOLATED)
_2358_/S                                0.750000    0.836765   -0.086765 (VIOLATED)
_2394_/S                                0.750000    0.836765   -0.086765 (VIOLATED)
_2409_/S                                0.750000    0.836765   -0.086765 (VIOLATED)
_2472_/S                                0.750000    0.836765   -0.086765 (VIOLATED)
_2492_/S                                0.750000    0.836765   -0.086765 (VIOLATED)
_2508_/S                                0.750000    0.836765   -0.086765 (VIOLATED)
_2520_/S                                0.750000    0.836765   -0.086765 (VIOLATED)
_2526_/S                                0.750000    0.836765   -0.086765 (VIOLATED)
_2575_/S                                0.750000    0.836765   -0.086765 (VIOLATED)
_2579_/B2                               0.750000    0.836765   -0.086765 (VIOLATED)
_2581_/B2                               0.750000    0.836765   -0.086765 (VIOLATED)
_2584_/B2                               0.750000    0.836765   -0.086765 (VIOLATED)
_2586_/B2                               0.750000    0.836765   -0.086765 (VIOLATED)
_2593_/B2                               0.750000    0.836765   -0.086765 (VIOLATED)
_2596_/B2                               0.750000    0.836765   -0.086765 (VIOLATED)
_2599_/B2                               0.750000    0.836765   -0.086765 (VIOLATED)
_2601_/B2                               0.750000    0.836765   -0.086765 (VIOLATED)
_2604_/B2                               0.750000    0.836765   -0.086765 (VIOLATED)
_2606_/B2                               0.750000    0.836765   -0.086765 (VIOLATED)
_2608_/B2                               0.750000    0.836765   -0.086765 (VIOLATED)
_2610_/B2                               0.750000    0.836765   -0.086765 (VIOLATED)
_2612_/B2                               0.750000    0.836765   -0.086765 (VIOLATED)
_2615_/B2                               0.750000    0.836765   -0.086765 (VIOLATED)
_2618_/B2                               0.750000    0.836765   -0.086765 (VIOLATED)
_2620_/A1                               0.750000    0.836765   -0.086765 (VIOLATED)
_3993_/A                                0.750000    0.836765   -0.086765 (VIOLATED)
_4281_/Q                                0.750000    0.836765   -0.086765 (VIOLATED)
_4504_/D                                0.750000    0.836765   -0.086765 (VIOLATED)
_2638_/Y                                0.750000    0.806580   -0.056580 (VIOLATED)
_2999_/A2                               0.750000    0.806580   -0.056580 (VIOLATED)
_3002_/A2                               0.750000    0.806580   -0.056580 (VIOLATED)
_3005_/A2                               0.750000    0.806580   -0.056580 (VIOLATED)
_3007_/A2                               0.750000    0.806580   -0.056580 (VIOLATED)
_3012_/A2                               0.750000    0.806580   -0.056580 (VIOLATED)
_3014_/A2                               0.750000    0.806580   -0.056580 (VIOLATED)
_3017_/A2                               0.750000    0.806580   -0.056580 (VIOLATED)
_3019_/A2                               0.750000    0.806580   -0.056580 (VIOLATED)
_3021_/A2                               0.750000    0.806580   -0.056580 (VIOLATED)
_3023_/A2                               0.750000    0.806580   -0.056580 (VIOLATED)
_3025_/A2                               0.750000    0.806580   -0.056580 (VIOLATED)
_3028_/A2                               0.750000    0.806580   -0.056580 (VIOLATED)
_3031_/A2                               0.750000    0.806580   -0.056580 (VIOLATED)
_3033_/A2                               0.750000    0.806580   -0.056580 (VIOLATED)
_3036_/A2                               0.750000    0.806580   -0.056580 (VIOLATED)
_3038_/B1                               0.750000    0.806580   -0.056580 (VIOLATED)

max fanout

Pin                                   Limit Fanout  Slack
---------------------------------------------------------
rst                                      10    245   -235 (VIOLATED)
_4504_/Q                                 10     87    -77 (VIOLATED)
_4503_/Q                                 10     69    -59 (VIOLATED)
_4281_/Q                                 10     36    -26 (VIOLATED)
_2137_/X                                 10     33    -23 (VIOLATED)
_2136_/Y                                 10     27    -17 (VIOLATED)
_2134_/Y                                 10     22    -12 (VIOLATED)
_4284_/Q                                 10     19     -9 (VIOLATED)
D_a_00[0]                                10     18     -8 (VIOLATED)
D_b_00[0]                                10     18     -8 (VIOLATED)
D_b_00[1]                                10     18     -8 (VIOLATED)
D_b_00[7]                                10     18     -8 (VIOLATED)
_2133_/Y                                 10     18     -8 (VIOLATED)
_4514_/Q                                 10     18     -8 (VIOLATED)
D_a_00[3]                                10     17     -7 (VIOLATED)
D_a_00[5]                                10     17     -7 (VIOLATED)
D_a_00[7]                                10     17     -7 (VIOLATED)
D_b_00[3]                                10     17     -7 (VIOLATED)
D_b_00[4]                                10     17     -7 (VIOLATED)
D_b_00[5]                                10     17     -7 (VIOLATED)
_4345_/Q                                 10     17     -7 (VIOLATED)
_4398_/Q                                 10     17     -7 (VIOLATED)
_4444_/Q                                 10     17     -7 (VIOLATED)
_4445_/Q                                 10     17     -7 (VIOLATED)
_4505_/Q                                 10     17     -7 (VIOLATED)
_4507_/Q                                 10     17     -7 (VIOLATED)
_4512_/Q                                 10     17     -7 (VIOLATED)
_4517_/Q                                 10     17     -7 (VIOLATED)
_4518_/Q                                 10     17     -7 (VIOLATED)
D_a_00[1]                                10     16     -6 (VIOLATED)
D_a_00[2]                                10     16     -6 (VIOLATED)
D_a_00[4]                                10     16     -6 (VIOLATED)
D_a_00[6]                                10     16     -6 (VIOLATED)
_2202_/Y                                 10     16     -6 (VIOLATED)
_2621_/Y                                 10     16     -6 (VIOLATED)
_2638_/Y                                 10     16     -6 (VIOLATED)
_3039_/Y                                 10     16     -6 (VIOLATED)
_4341_/Q                                 10     16     -6 (VIOLATED)
_4342_/Q                                 10     16     -6 (VIOLATED)
_4396_/Q                                 10     16     -6 (VIOLATED)
_4397_/Q                                 10     16     -6 (VIOLATED)
_4403_/Q                                 10     16     -6 (VIOLATED)
_4421_/Q                                 10     16     -6 (VIOLATED)
_4422_/Q                                 10     16     -6 (VIOLATED)
_4424_/Q                                 10     16     -6 (VIOLATED)
_4425_/Q                                 10     16     -6 (VIOLATED)
_4427_/Q                                 10     16     -6 (VIOLATED)
_4447_/Q                                 10     16     -6 (VIOLATED)
_4448_/Q                                 10     16     -6 (VIOLATED)
_4506_/Q                                 10     16     -6 (VIOLATED)
_4510_/Q                                 10     16     -6 (VIOLATED)
_4513_/Q                                 10     16     -6 (VIOLATED)
_4515_/Q                                 10     16     -6 (VIOLATED)
_4520_/Q                                 10     16     -6 (VIOLATED)
_4343_/Q                                 10     15     -5 (VIOLATED)
_4344_/Q                                 10     15     -5 (VIOLATED)
_4347_/Q                                 10     15     -5 (VIOLATED)
_4399_/Q                                 10     15     -5 (VIOLATED)
_4423_/Q                                 10     15     -5 (VIOLATED)
_4451_/Q                                 10     15     -5 (VIOLATED)
_4509_/Q                                 10     15     -5 (VIOLATED)
_4516_/Q                                 10     15     -5 (VIOLATED)
_4519_/Q                                 10     15     -5 (VIOLATED)
D_b_00[2]                                10     14     -4 (VIOLATED)
D_b_00[6]                                10     14     -4 (VIOLATED)
_3498_/Y                                 10     14     -4 (VIOLATED)
_3500_/X                                 10     14     -4 (VIOLATED)
_3957_/X                                 10     14     -4 (VIOLATED)
_4340_/Q                                 10     14     -4 (VIOLATED)
_4400_/Q                                 10     14     -4 (VIOLATED)
_4402_/Q                                 10     14     -4 (VIOLATED)
_4446_/Q                                 10     14     -4 (VIOLATED)
_4450_/Q                                 10     14     -4 (VIOLATED)
_4508_/Q                                 10     14     -4 (VIOLATED)
_4511_/Q                                 10     14     -4 (VIOLATED)
_3954_/Y                                 10     13     -3 (VIOLATED)
_4346_/Q                                 10     13     -3 (VIOLATED)
_4401_/Q                                 10     13     -3 (VIOLATED)
_4420_/Q                                 10     13     -3 (VIOLATED)
_4449_/Q                                 10     13     -3 (VIOLATED)
_3895_/X                                 10     12     -2 (VIOLATED)
_3898_/Y                                 10     11        (VIOLATED)

max capacitance

Pin                                        Limit         Cap       Slack
------------------------------------------------------------------------
rst                                     0.200000    1.129207   -0.929207 (VIOLATED)
_4504_/Q                                0.200000    0.289163   -0.089163 (VIOLATED)
_4503_/Q                                0.200000    0.214229   -0.014229 (VIOLATED)



===========================================================================
report_parasitic_annotation -report_unannotated
============================================================================
Found 2429 unannotated drivers.
 D_a_00[0]
 D_a_00[1]
 D_a_00[2]
 D_a_00[3]
 D_a_00[4]
 D_a_00[5]
 D_a_00[6]
 D_a_00[7]
 D_a_10[0]
 D_a_10[1]
 D_a_10[2]
 D_a_10[3]
 D_a_10[4]
 D_a_10[5]
 D_a_10[6]
 D_a_10[7]
 D_b_00[0]
 D_b_00[1]
 D_b_00[2]
 D_b_00[3]
 D_b_00[4]
 D_b_00[5]
 D_b_00[6]
 D_b_00[7]
 D_b_01[0]
 D_b_01[1]
 D_b_01[2]
 D_b_01[3]
 D_b_01[4]
 D_b_01[5]
 D_b_01[6]
 D_b_01[7]
 a_ready
 b_ready
 clk
 num_matrix[0]
 num_matrix[1]
 num_matrix[2]
 rst
 _2131_/Y
 _2132_/Y
 _2133_/Y
 _2134_/Y
 _2135_/Y
 _2136_/Y
 _2137_/X
 _2138_/X
 _2139_/X
 _2140_/X
 _2141_/X
 _2142_/X
 _2143_/X
 _2144_/X
 _2145_/X
 _2146_/X
 _2147_/X
 _2148_/X
 _2149_/X
 _2150_/X
 _2151_/X
 _2152_/X
 _2153_/X
 _2154_/X
 _2155_/X
 _2156_/X
 _2157_/X
 _2158_/X
 _2159_/X
 _2160_/X
 _2161_/X
 _2162_/X
 _2163_/X
 _2164_/X
 _2165_/X
 _2166_/X
 _2167_/X
 _2168_/X
 _2169_/X
 _2170_/X
 _2171_/X
 _2172_/X
 _2173_/X
 _2174_/X
 _2175_/X
 _2176_/X
 _2177_/X
 _2178_/X
 _2179_/X
 _2180_/X
 _2181_/X
 _2182_/X
 _2183_/X
 _2184_/X
 _2185_/X
 _2186_/X
 _2187_/X
 _2188_/X
 _2189_/X
 _2190_/X
 _2191_/X
 _2192_/X
 _2193_/X
 _2194_/X
 _2195_/X
 _2196_/X
 _2197_/X
 _2198_/X
 _2199_/X
 _2200_/X
 _2201_/X
 _2202_/Y
 _2203_/X
 _2204_/Y
 _2205_/X
 _2206_/X
 _2207_/Y
 _2208_/X
 _2209_/Y
 _2210_/X
 _2211_/X
 _2212_/X
 _2213_/Y
 _2214_/X
 _2215_/X
 _2216_/Y
 _2217_/X
 _2218_/Y
 _2219_/Y
 _2220_/X
 _2221_/X
 _2222_/Y
 _2223_/Y
 _2224_/X
 _2225_/Y
 _2226_/X
 _2227_/X
 _2228_/X
 _2229_/X
 _2230_/X
 _2231_/Y
 _2232_/X
 _2233_/Y
 _2234_/Y
 _2235_/Y
 _2236_/X
 _2237_/X
 _2238_/X
 _2239_/Y
 _2240_/X
 _2241_/Y
 _2242_/X
 _2243_/Y
 _2244_/X
 _2245_/X
 _2246_/Y
 _2247_/Y
 _2248_/Y
 _2249_/X
 _2250_/Y
 _2251_/X
 _2252_/Y
 _2253_/Y
 _2254_/X
 _2255_/Y
 _2256_/X
 _2257_/X
 _2258_/Y
 _2259_/Y
 _2260_/Y
 _2261_/X
 _2262_/Y
 _2263_/X
 _2264_/X
 _2265_/Y
 _2266_/X
 _2267_/Y
 _2268_/X
 _2269_/X
 _2270_/Y
 _2271_/X
 _2272_/X
 _2273_/Y
 _2274_/X
 _2275_/Y
 _2276_/X
 _2277_/X
 _2278_/Y
 _2279_/Y
 _2280_/Y
 _2281_/Y
 _2282_/X
 _2283_/X
 _2284_/Y
 _2285_/Y
 _2286_/X
 _2287_/Y
 _2288_/Y
 _2289_/X
 _2290_/Y
 _2291_/Y
 _2292_/Y
 _2293_/X
 _2294_/X
 _2295_/Y
 _2296_/Y
 _2297_/X
 _2298_/X
 _2299_/Y
 _2300_/X
 _2301_/Y
 _2302_/X
 _2303_/Y
 _2304_/Y
 _2305_/X
 _2306_/X
 _2307_/Y
 _2308_/X
 _2309_/Y
 _2310_/X
 _2311_/Y
 _2312_/Y
 _2313_/X
 _2314_/Y
 _2315_/X
 _2316_/Y
 _2317_/Y
 _2318_/Y
 _2319_/X
 _2320_/X
 _2321_/X
 _2322_/Y
 _2323_/Y
 _2324_/X
 _2325_/X
 _2326_/Y
 _2327_/X
 _2328_/Y
 _2329_/Y
 _2330_/X
 _2331_/X
 _2332_/X
 _2333_/X
 _2334_/Y
 _2335_/Y
 _2336_/Y
 _2337_/X
 _2338_/X
 _2339_/X
 _2340_/X
 _2341_/Y
 _2342_/Y
 _2343_/X
 _2344_/Y
 _2345_/Y
 _2346_/Y
 _2347_/Y
 _2348_/X
 _2349_/Y
 _2350_/X
 _2351_/X
 _2352_/Y
 _2353_/X
 _2354_/X
 _2355_/X
 _2356_/X
 _2357_/Y
 _2358_/X
 _2359_/X
 _2360_/X
 _2361_/Y
 _2362_/X
 _2363_/X
 _2364_/X
 _2365_/Y
 _2366_/Y
 _2367_/Y
 _2368_/Y
 _2369_/X
 _2370_/X
 _2371_/Y
 _2372_/Y
 _2373_/Y
 _2374_/X
 _2375_/X
 _2376_/Y
 _2377_/X
 _2378_/Y
 _2379_/Y
 _2380_/X
 _2381_/X
 _2382_/Y
 _2383_/X
 _2384_/Y
 _2385_/Y
 _2386_/X
 _2387_/Y
 _2388_/Y
 _2389_/Y
 _2390_/X
 _2391_/Y
 _2392_/X
 _2393_/X
 _2394_/X
 _2395_/Y
 _2396_/X
 _2397_/Y
 _2398_/Y
 _2399_/Y
 _2400_/X
 _2401_/Y
 _2402_/Y
 _2403_/Y
 _2404_/Y
 _2405_/X
 _2406_/Y
 _2407_/X
 _2408_/Y
 _2409_/X
 _2410_/Y
 _2411_/X
 _2412_/Y
 _2413_/Y
 _2414_/X
 _2415_/Y
 _2416_/X
 _2417_/X
 _2418_/X
 _2419_/Y
 _2420_/X
 _2421_/X
 _2422_/Y
 _2423_/X
 _2424_/Y
 _2425_/Y
 _2426_/Y
 _2427_/X
 _2428_/Y
 _2429_/X
 _2430_/Y
 _2431_/X
 _2432_/Y
 _2433_/X
 _2434_/X
 _2435_/X
 _2436_/X
 _2437_/Y
 _2438_/Y
 _2439_/X
 _2440_/Y
 _2441_/X
 _2442_/Y
 _2443_/X
 _2444_/X
 _2445_/X
 _2446_/X
 _2447_/Y
 _2448_/X
 _2449_/Y
 _2450_/Y
 _2451_/Y
 _2452_/X
 _2453_/Y
 _2454_/Y
 _2455_/Y
 _2456_/X
 _2457_/X
 _2458_/Y
 _2459_/Y
 _2460_/X
 _2461_/Y
 _2462_/X
 _2463_/X
 _2464_/Y
 _2465_/X
 _2466_/X
 _2467_/X
 _2468_/Y
 _2469_/Y
 _2470_/Y
 _2471_/Y
 _2472_/X
 _2473_/Y
 _2474_/X
 _2475_/X
 _2476_/Y
 _2477_/Y
 _2478_/X
 _2479_/X
 _2480_/X
 _2481_/Y
 _2482_/X
 _2483_/Y
 _2484_/Y
 _2485_/X
 _2486_/X
 _2487_/Y
 _2488_/X
 _2489_/Y
 _2490_/X
 _2491_/Y
 _2492_/X
 _2493_/Y
 _2494_/X
 _2495_/Y
 _2496_/Y
 _2497_/Y
 _2498_/X
 _2499_/Y
 _2500_/X
 _2501_/Y
 _2502_/X
 _2503_/Y
 _2504_/Y
 _2505_/X
 _2506_/X
 _2507_/Y
 _2508_/X
 _2509_/Y
 _2510_/X
 _2511_/Y
 _2512_/X
 _2513_/X
 _2514_/X
 _2515_/X
 _2516_/Y
 _2517_/X
 _2518_/Y
 _2519_/X
 _2520_/X
 _2521_/X
 _2522_/X
 _2523_/X
 _2524_/Y
 _2525_/Y
 _2526_/X
 _2527_/Y
 _2528_/Y
 _2529_/X
 _2530_/X
 _2531_/X
 _2532_/Y
 _2533_/Y
 _2534_/Y
 _2535_/X
 _2536_/X
 _2537_/Y
 _2538_/X
 _2539_/Y
 _2540_/X
 _2541_/Y
 _2542_/Y
 _2543_/X
 _2544_/Y
 _2545_/Y
 _2546_/Y
 _2547_/Y
 _2548_/Y
 _2549_/X
 _2550_/Y
 _2551_/X
 _2552_/Y
 _2553_/X
 _2554_/X
 _2555_/X
 _2556_/X
 _2557_/Y
 _2558_/X
 _2559_/Y
 _2560_/X
 _2561_/Y
 _2562_/X
 _2563_/Y
 _2564_/Y
 _2565_/Y
 _2566_/X
 _2567_/Y
 _2568_/X
 _2569_/Y
 _2570_/Y
 _2571_/X
 _2572_/X
 _2573_/X
 _2574_/X
 _2575_/X
 _2576_/Y
 _2577_/Y
 _2578_/Y
 _2579_/X
 _2580_/X
 _2581_/X
 _2582_/X
 _2583_/Y
 _2584_/X
 _2585_/X
 _2586_/X
 _2587_/X
 _2588_/Y
 _2589_/Y
 _2590_/Y
 _2591_/X
 _2592_/X
 _2593_/X
 _2594_/X
 _2595_/X
 _2596_/X
 _2597_/Y
 _2598_/Y
 _2599_/X
 _2600_/X
 _2601_/X
 _2602_/Y
 _2603_/Y
 _2604_/X
 _2605_/Y
 _2606_/X
 _2607_/Y
 _2608_/X
 _2609_/Y
 _2610_/X
 _2611_/Y
 _2612_/X
 _2613_/Y
 _2614_/Y
 _2615_/X
 _2616_/X
 _2617_/Y
 _2618_/X
 _2619_/X
 _2620_/X
 _2621_/Y
 _2622_/X
 _2623_/X
 _2624_/X
 _2625_/X
 _2626_/X
 _2627_/X
 _2628_/X
 _2629_/X
 _2630_/X
 _2631_/X
 _2632_/X
 _2633_/X
 _2634_/X
 _2635_/X
 _2636_/X
 _2637_/X
 _2638_/Y
 _2639_/X
 _2640_/Y
 _2641_/Y
 _2642_/X
 _2643_/Y
 _2644_/Y
 _2645_/Y
 _2646_/X
 _2647_/X
 _2648_/Y
 _2649_/X
 _2650_/X
 _2651_/X
 _2652_/X
 _2653_/Y
 _2654_/X
 _2655_/Y
 _2656_/Y
 _2657_/Y
 _2658_/X
 _2659_/X
 _2660_/X
 _2661_/X
 _2662_/X
 _2663_/X
 _2664_/X
 _2665_/Y
 _2666_/Y
 _2667_/Y
 _2668_/X
 _2669_/Y
 _2670_/X
 _2671_/Y
 _2672_/X
 _2673_/Y
 _2674_/Y
 _2675_/Y
 _2676_/X
 _2677_/Y
 _2678_/Y
 _2679_/X
 _2680_/X
 _2681_/X
 _2682_/X
 _2683_/Y
 _2684_/Y
 _2685_/Y
 _2686_/X
 _2687_/X
 _2688_/X
 _2689_/X
 _2690_/X
 _2691_/Y
 _2692_/X
 _2693_/Y
 _2694_/X
 _2695_/Y
 _2696_/Y
 _2697_/Y
 _2698_/X
 _2699_/X
 _2700_/Y
 _2701_/Y
 _2702_/Y
 _2703_/X
 _2704_/X
 _2705_/Y
 _2706_/X
 _2707_/X
 _2708_/X
 _2709_/X
 _2710_/X
 _2711_/X
 _2712_/Y
 _2713_/Y
 _2714_/Y
 _2715_/X
 _2716_/X
 _2717_/X
 _2718_/X
 _2719_/X
 _2720_/Y
 _2721_/X
 _2722_/X
 _2723_/Y
 _2724_/Y
 _2725_/Y
 _2726_/X
 _2727_/Y
 _2728_/X
 _2729_/Y
 _2730_/X
 _2731_/Y
 _2732_/Y
 _2733_/X
 _2734_/Y
 _2735_/Y
 _2736_/X
 _2737_/Y
 _2738_/X
 _2739_/Y
 _2740_/X
 _2741_/Y
 _2742_/Y
 _2743_/Y
 _2744_/X
 _2745_/Y
 _2746_/X
 _2747_/X
 _2748_/Y
 _2749_/Y
 _2750_/Y
 _2751_/X
 _2752_/Y
 _2753_/X
 _2754_/Y
 _2755_/Y
 _2756_/X
 _2757_/X
 _2758_/X
 _2759_/Y
 _2760_/X
 _2761_/X
 _2762_/Y
 _2763_/X
 _2764_/Y
 _2765_/X
 _2766_/Y
 _2767_/Y
 _2768_/X
 _2769_/X
 _2770_/X
 _2771_/Y
 _2772_/X
 _2773_/Y
 _2774_/Y
 _2775_/Y
 _2776_/Y
 _2777_/X
 _2778_/X
 _2779_/X
 _2780_/X
 _2781_/Y
 _2782_/X
 _2783_/X
 _2784_/Y
 _2785_/Y
 _2786_/Y
 _2787_/X
 _2788_/Y
 _2789_/Y
 _2790_/X
 _2791_/Y
 _2792_/X
 _2793_/Y
 _2794_/Y
 _2795_/X
 _2796_/Y
 _2797_/Y
 _2798_/X
 _2799_/Y
 _2800_/Y
 _2801_/Y
 _2802_/X
 _2803_/Y
 _2804_/Y
 _2805_/X
 _2806_/Y
 _2807_/X
 _2808_/Y
 _2809_/X
 _2810_/Y
 _2811_/Y
 _2812_/Y
 _2813_/Y
 _2814_/Y
 _2815_/Y
 _2816_/Y
 _2817_/Y
 _2818_/Y
 _2819_/Y
 _2820_/X
 _2821_/Y
 _2822_/X
 _2823_/Y
 _2824_/X
 _2825_/Y
 _2826_/Y
 _2827_/Y
 _2828_/X
 _2829_/Y
 _2830_/X
 _2831_/Y
 _2832_/Y
 _2833_/X
 _2834_/Y
 _2835_/Y
 _2836_/X
 _2837_/X
 _2838_/X
 _2839_/Y
 _2840_/X
 _2841_/Y
 _2842_/X
 _2843_/Y
 _2844_/X
 _2845_/X
 _2846_/X
 _2847_/Y
 _2848_/X
 _2849_/Y
 _2850_/Y
 _2851_/Y
 _2852_/Y
 _2853_/X
 _2854_/Y
 _2855_/X
 _2856_/Y
 _2857_/Y
 _2858_/Y
 _2859_/Y
 _2860_/Y
 _2861_/X
 _2862_/Y
 _2863_/X
 _2864_/X
 _2865_/X
 _2866_/Y
 _2867_/X
 _2868_/X
 _2869_/X
 _2870_/Y
 _2871_/Y
 _2872_/X
 _2873_/Y
 _2874_/X
 _2875_/Y
 _2876_/Y
 _2877_/X
 _2878_/Y
 _2879_/Y
 _2880_/X
 _2881_/Y
 _2882_/X
 _2883_/X
 _2884_/X
 _2885_/Y
 _2886_/X
 _2887_/X
 _2888_/Y
 _2889_/Y
 _2890_/X
 _2891_/Y
 _2892_/Y
 _2893_/X
 _2894_/Y
 _2895_/X
 _2896_/Y
 _2897_/Y
 _2898_/X
 _2899_/Y
 _2900_/Y
 _2901_/X
 _2902_/Y
 _2903_/Y
 _2904_/Y
 _2905_/X
 _2906_/Y
 _2907_/X
 _2908_/X
 _2909_/Y
 _2910_/Y
 _2911_/Y
 _2912_/X
 _2913_/Y
 _2914_/Y
 _2915_/Y
 _2916_/Y
 _2917_/Y
 _2918_/X
 _2919_/Y
 _2920_/Y
 _2921_/X
 _2922_/Y
 _2923_/X
 _2924_/Y
 _2925_/Y
 _2926_/X
 _2927_/X
 _2928_/Y
 _2929_/X
 _2930_/Y
 _2931_/X
 _2932_/Y
 _2933_/Y
 _2934_/Y
 _2935_/X
 _2936_/X
 _2937_/Y
 _2938_/Y
 _2939_/Y
 _2940_/Y
 _2941_/X
 _2942_/X
 _2943_/Y
 _2944_/Y
 _2945_/Y
 _2946_/Y
 _2947_/X
 _2948_/X
 _2949_/X
 _2950_/Y
 _2951_/Y
 _2952_/Y
 _2953_/X
 _2954_/Y
 _2955_/Y
 _2956_/Y
 _2957_/Y
 _2958_/Y
 _2959_/X
 _2960_/Y
 _2961_/Y
 _2962_/Y
 _2963_/Y
 _2964_/Y
 _2965_/X
 _2966_/Y
 _2967_/Y
 _2968_/Y
 _2969_/X
 _2970_/X
 _2971_/Y
 _2972_/Y
 _2973_/X
 _2974_/Y
 _2975_/Y
 _2976_/Y
 _2977_/Y
 _2978_/Y
 _2979_/Y
 _2980_/X
 _2981_/Y
 _2982_/X
 _2983_/Y
 _2984_/X
 _2985_/X
 _2986_/X
 _2987_/Y
 _2988_/X
 _2989_/X
 _2990_/Y
 _2991_/X
 _2992_/X
 _2993_/Y
 _2994_/X
 _2995_/X
 _2996_/Y
 _2997_/Y
 _2998_/Y
 _2999_/X
 _3000_/Y
 _3001_/Y
 _3002_/X
 _3003_/X
 _3004_/Y
 _3005_/X
 _3006_/X
 _3007_/X
 _3008_/Y
 _3009_/Y
 _3010_/X
 _3011_/Y
 _3012_/X
 _3013_/Y
 _3014_/X
 _3015_/X
 _3016_/Y
 _3017_/X
 _3018_/Y
 _3019_/X
 _3020_/Y
 _3021_/X
 _3022_/X
 _3023_/X
 _3024_/Y
 _3025_/X
 _3026_/X
 _3027_/Y
 _3028_/X
 _3029_/Y
 _3030_/X
 _3031_/X
 _3032_/Y
 _3033_/X
 _3034_/Y
 _3035_/Y
 _3036_/X
 _3037_/X
 _3038_/X
 _3039_/Y
 _3040_/X
 _3041_/X
 _3042_/X
 _3043_/X
 _3044_/X
 _3045_/X
 _3046_/X
 _3047_/X
 _3048_/X
 _3049_/X
 _3050_/X
 _3051_/X
 _3052_/X
 _3053_/X
 _3054_/X
 _3055_/X
 _3056_/X
 _3057_/X
 _3058_/Y
 _3059_/Y
 _3060_/X
 _3061_/Y
 _3062_/X
 _3063_/X
 _3064_/X
 _3065_/Y
 _3066_/X
 _3067_/Y
 _3068_/Y
 _3069_/X
 _3070_/Y
 _3071_/X
 _3072_/Y
 _3073_/Y
 _3074_/Y
 _3075_/X
 _3076_/Y
 _3077_/X
 _3078_/Y
 _3079_/X
 _3080_/Y
 _3081_/X
 _3082_/X
 _3083_/X
 _3084_/Y
 _3085_/Y
 _3086_/X
 _3087_/X
 _3088_/X
 _3089_/Y
 _3090_/Y
 _3091_/X
 _3092_/Y
 _3093_/X
 _3094_/Y
 _3095_/X
 _3096_/Y
 _3097_/X
 _3098_/Y
 _3099_/X
 _3100_/Y
 _3101_/X
 _3102_/X
 _3103_/X
 _3104_/Y
 _3105_/X
 _3106_/Y
 _3107_/Y
 _3108_/Y
 _3109_/Y
 _3110_/Y
 _3111_/X
 _3112_/Y
 _3113_/Y
 _3114_/X
 _3115_/Y
 _3116_/X
 _3117_/X
 _3118_/Y
 _3119_/Y
 _3120_/X
 _3121_/X
 _3122_/Y
 _3123_/Y
 _3124_/Y
 _3125_/X
 _3126_/Y
 _3127_/X
 _3128_/X
 _3129_/X
 _3130_/Y
 _3131_/Y
 _3132_/Y
 _3133_/Y
 _3134_/Y
 _3135_/Y
 _3136_/Y
 _3137_/Y
 _3138_/Y
 _3139_/Y
 _3140_/X
 _3141_/Y
 _3142_/Y
 _3143_/Y
 _3144_/X
 _3145_/Y
 _3146_/X
 _3147_/X
 _3148_/Y
 _3149_/X
 _3150_/X
 _3151_/X
 _3152_/X
 _3153_/X
 _3154_/Y
 _3155_/Y
 _3156_/Y
 _3157_/X
 _3158_/X
 _3159_/X
 _3160_/X
 _3161_/X
 _3162_/Y
 _3163_/X
 _3164_/X
 _3165_/Y
 _3166_/X
 _3167_/X
 _3168_/X
 _3169_/X
 _3170_/X
 _3171_/Y
 _3172_/X
 _3173_/X
 _3174_/X
 _3175_/X
 _3176_/X
 _3177_/Y
 _3178_/Y
 _3179_/X
 _3180_/X
 _3181_/Y
 _3182_/Y
 _3183_/X
 _3184_/Y
 _3185_/X
 _3186_/X
 _3187_/Y
 _3188_/X
 _3189_/Y
 _3190_/Y
 _3191_/X
 _3192_/Y
 _3193_/X
 _3194_/Y
 _3195_/Y
 _3196_/Y
 _3197_/X
 _3198_/X
 _3199_/X
 _3200_/Y
 _3201_/Y
 _3202_/Y
 _3203_/X
 _3204_/Y
 _3205_/Y
 _3206_/X
 _3207_/Y
 _3208_/X
 _3209_/X
 _3210_/Y
 _3211_/X
 _3212_/Y
 _3213_/X
 _3214_/X
 _3215_/Y
 _3216_/X
 _3217_/Y
 _3218_/X
 _3219_/Y
 _3220_/Y
 _3221_/X
 _3222_/X
 _3223_/X
 _3224_/Y
 _3225_/Y
 _3226_/X
 _3227_/X
 _3228_/Y
 _3229_/Y
 _3230_/Y
 _3231_/Y
 _3232_/X
 _3233_/X
 _3234_/Y
 _3235_/Y
 _3236_/X
 _3237_/Y
 _3238_/X
 _3239_/X
 _3240_/X
 _3241_/Y
 _3242_/X
 _3243_/Y
 _3244_/X
 _3245_/Y
 _3246_/Y
 _3247_/Y
 _3248_/X
 _3249_/X
 _3250_/Y
 _3251_/Y
 _3252_/Y
 _3253_/Y
 _3254_/X
 _3255_/Y
 _3256_/Y
 _3257_/X
 _3258_/X
 _3259_/X
 _3260_/Y
 _3261_/Y
 _3262_/Y
 _3263_/X
 _3264_/Y
 _3265_/Y
 _3266_/Y
 _3267_/Y
 _3268_/X
 _3269_/Y
 _3270_/Y
 _3271_/Y
 _3272_/X
 _3273_/X
 _3274_/Y
 _3275_/X
 _3276_/Y
 _3277_/X
 _3278_/X
 _3279_/X
 _3280_/Y
 _3281_/Y
 _3282_/X
 _3283_/X
 _3284_/X
 _3285_/X
 _3286_/Y
 _3287_/Y
 _3288_/X
 _3289_/X
 _3290_/X
 _3291_/X
 _3292_/Y
 _3293_/X
 _3294_/Y
 _3295_/Y
 _3296_/Y
 _3297_/X
 _3298_/X
 _3299_/Y
 _3300_/Y
 _3301_/Y
 _3302_/X
 _3303_/Y
 _3304_/X
 _3305_/Y
 _3306_/X
 _3307_/X
 _3308_/X
 _3309_/X
 _3310_/X
 _3311_/Y
 _3312_/X
 _3313_/X
 _3314_/Y
 _3315_/Y
 _3316_/X
 _3317_/Y
 _3318_/Y
 _3319_/X
 _3320_/X
 _3321_/Y
 _3322_/X
 _3323_/X
 _3324_/Y
 _3325_/Y
 _3326_/X
 _3327_/Y
 _3328_/Y
 _3329_/X
 _3330_/Y
 _3331_/X
 _3332_/Y
 _3333_/Y
 _3334_/X
 _3335_/Y
 _3336_/X
 _3337_/Y
 _3338_/X
 _3339_/X
 _3340_/Y
 _3341_/Y
 _3342_/Y
 _3343_/X
 _3344_/X
 _3345_/X
 _3346_/X
 _3347_/Y
 _3348_/Y
 _3349_/X
 _3350_/Y
 _3351_/Y
 _3352_/X
 _3353_/X
 _3354_/Y
 _3355_/X
 _3356_/Y
 _3357_/Y
 _3358_/X
 _3359_/Y
 _3360_/X
 _3361_/X
 _3362_/X
 _3363_/X
 _3364_/Y
 _3365_/Y
 _3366_/Y
 _3367_/X
 _3368_/X
 _3369_/Y
 _3370_/Y
 _3371_/X
 _3372_/X
 _3373_/X
 _3374_/Y
 _3375_/Y
 _3376_/X
 _3377_/Y
 _3378_/X
 _3379_/X
 _3380_/X
 _3381_/Y
 _3382_/X
 _3383_/X
 _3384_/Y
 _3385_/X
 _3386_/X
 _3387_/X
 _3388_/X
 _3389_/X
 _3390_/Y
 _3391_/X
 _3392_/X
 _3393_/X
 _3394_/X
 _3395_/X
 _3396_/X
 _3397_/X
 _3398_/Y
 _3399_/X
 _3400_/Y
 _3401_/Y
 _3402_/X
 _3403_/X
 _3404_/X
 _3405_/X
 _3406_/Y
 _3407_/X
 _3408_/X
 _3409_/Y
 _3410_/X
 _3411_/X
 _3412_/Y
 _3413_/X
 _3414_/Y
 _3415_/Y
 _3416_/Y
 _3417_/X
 _3418_/X
 _3419_/X
 _3420_/Y
 _3421_/X
 _3422_/X
 _3423_/X
 _3424_/Y
 _3425_/X
 _3426_/Y
 _3427_/X
 _3428_/Y
 _3429_/Y
 _3430_/Y
 _3431_/Y
 _3432_/X
 _3433_/Y
 _3434_/Y
 _3435_/X
 _3436_/Y
 _3437_/X
 _3438_/X
 _3439_/Y
 _3440_/Y
 _3441_/X
 _3442_/Y
 _3443_/Y
 _3444_/X
 _3445_/X
 _3446_/X
 _3447_/X
 _3448_/Y
 _3449_/Y
 _3450_/X
 _3451_/Y
 _3452_/X
 _3453_/Y
 _3454_/X
 _3455_/X
 _3456_/X
 _3457_/Y
 _3458_/Y
 _3459_/X
 _3460_/Y
 _3461_/Y
 _3462_/X
 _3463_/X
 _3464_/X
 _3465_/Y
 _3466_/X
 _3467_/X
 _3468_/X
 _3469_/Y
 _3470_/X
 _3471_/X
 _3472_/X
 _3473_/X
 _3474_/X
 _3475_/Y
 _3476_/X
 _3477_/Y
 _3478_/X
 _3479_/X
 _3480_/Y
 _3481_/Y
 _3482_/X
 _3483_/X
 _3484_/Y
 _3485_/X
 _3486_/Y
 _3487_/X
 _3488_/X
 _3489_/X
 _3490_/X
 _3491_/Y
 _3492_/X
 _3493_/X
 _3494_/X
 _3495_/X
 _3496_/X
 _3497_/X
 _3498_/Y
 _3499_/X
 _3500_/X
 _3501_/Y
 _3502_/X
 _3503_/Y
 _3504_/X
 _3505_/X
 _3506_/X
 _3507_/Y
 _3508_/X
 _3509_/X
 _3510_/X
 _3511_/Y
 _3512_/X
 _3513_/X
 _3514_/X
 _3515_/Y
 _3516_/X
 _3517_/X
 _3518_/X
 _3519_/Y
 _3520_/X
 _3521_/X
 _3522_/X
 _3523_/Y
 _3524_/X
 _3525_/Y
 _3526_/X
 _3527_/Y
 _3528_/X
 _3529_/X
 _3530_/X
 _3531_/X
 _3532_/X
 _3533_/X
 _3534_/Y
 _3535_/Y
 _3536_/X
 _3537_/Y
 _3538_/Y
 _3539_/Y
 _3540_/Y
 _3541_/Y
 _3542_/X
 _3543_/Y
 _3544_/X
 _3545_/X
 _3546_/X
 _3547_/Y
 _3548_/Y
 _3549_/X
 _3550_/Y
 _3551_/Y
 _3552_/Y
 _3553_/X
 _3554_/X
 _3555_/X
 _3556_/Y
 _3557_/X
 _3558_/X
 _3559_/X
 _3560_/Y
 _3561_/Y
 _3562_/X
 _3563_/Y
 _3564_/X
 _3565_/Y
 _3566_/X
 _3567_/Y
 _3568_/Y
 _3569_/X
 _3570_/Y
 _3571_/X
 _3572_/X
 _3573_/Y
 _3574_/X
 _3575_/Y
 _3576_/Y
 _3577_/X
 _3578_/X
 _3579_/X
 _3580_/Y
 _3581_/Y
 _3582_/X
 _3583_/X
 _3584_/Y
 _3585_/X
 _3586_/X
 _3587_/Y
 _3588_/X
 _3589_/Y
 _3590_/X
 _3591_/Y
 _3592_/Y
 _3593_/Y
 _3594_/X
 _3595_/X
 _3596_/Y
 _3597_/X
 _3598_/Y
 _3599_/Y
 _3600_/X
 _3601_/Y
 _3602_/X
 _3603_/X
 _3604_/X
 _3605_/X
 _3606_/Y
 _3607_/Y
 _3608_/Y
 _3609_/X
 _3610_/X
 _3611_/Y
 _3612_/Y
 _3613_/X
 _3614_/X
 _3615_/X
 _3616_/X
 _3617_/X
 _3618_/Y
 _3619_/X
 _3620_/X
 _3621_/Y
 _3622_/X
 _3623_/X
 _3624_/X
 _3625_/Y
 _3626_/X
 _3627_/X
 _3628_/Y
 _3629_/Y
 _3630_/X
 _3631_/Y
 _3632_/X
 _3633_/X
 _3634_/X
 _3635_/X
 _3636_/Y
 _3637_/X
 _3638_/Y
 _3639_/Y
 _3640_/X
 _3641_/X
 _3642_/Y
 _3643_/Y
 _3644_/Y
 _3645_/Y
 _3646_/Y
 _3647_/Y
 _3648_/Y
 _3649_/Y
 _3650_/X
 _3651_/Y
 _3652_/X
 _3653_/Y
 _3654_/Y
 _3655_/X
 _3656_/X
 _3657_/X
 _3658_/X
 _3659_/Y
 _3660_/X
 _3661_/Y
 _3662_/X
 _3663_/Y
 _3664_/X
 _3665_/Y
 _3666_/Y
 _3667_/X
 _3668_/Y
 _3669_/Y
 _3670_/X
 _3671_/X
 _3672_/X
 _3673_/Y
 _3674_/X
 _3675_/Y
 _3676_/Y
 _3677_/Y
 _3678_/Y
 _3679_/X
 _3680_/X
 _3681_/X
 _3682_/Y
 _3683_/Y
 _3684_/Y
 _3685_/Y
 _3686_/X
 _3687_/Y
 _3688_/Y
 _3689_/X
 _3690_/Y
 _3691_/X
 _3692_/Y
 _3693_/Y
 _3694_/X
 _3695_/Y
 _3696_/Y
 _3697_/X
 _3698_/Y
 _3699_/Y
 _3700_/Y
 _3701_/X
 _3702_/Y
 _3703_/X
 _3704_/X
 _3705_/Y
 _3706_/Y
 _3707_/X
 _3708_/X
 _3709_/X
 _3710_/Y
 _3711_/Y
 _3712_/X
 _3713_/Y
 _3714_/Y
 _3715_/Y
 _3716_/X
 _3717_/X
 _3718_/X
 _3719_/Y
 _3720_/Y
 _3721_/X
 _3722_/Y
 _3723_/X
 _3724_/Y
 _3725_/Y
 _3726_/X
 _3727_/Y
 _3728_/X
 _3729_/Y
 _3730_/Y
 _3731_/X
 _3732_/Y
 _3733_/Y
 _3734_/X
 _3735_/X
 _3736_/X
 _3737_/Y
 _3738_/X
 _3739_/Y
 _3740_/X
 _3741_/X
 _3742_/X
 _3743_/X
 _3744_/Y
 _3745_/Y
 _3746_/X
 _3747_/X
 _3748_/Y
 _3749_/Y
 _3750_/X
 _3751_/Y
 _3752_/X
 _3753_/Y
 _3754_/Y
 _3755_/Y
 _3756_/X
 _3757_/X
 _3758_/Y
 _3759_/X
 _3760_/X
 _3761_/X
 _3762_/Y
 _3763_/X
 _3764_/X
 _3765_/X
 _3766_/X
 _3767_/Y
 _3768_/Y
 _3769_/X
 _3770_/Y
 _3771_/X
 _3772_/Y
 _3773_/Y
 _3774_/X
 _3775_/Y
 _3776_/Y
 _3777_/X
 _3778_/Y
 _3779_/X
 _3780_/Y
 _3781_/X
 _3782_/Y
 _3783_/Y
 _3784_/X
 _3785_/Y
 _3786_/X
 _3787_/Y
 _3788_/Y
 _3789_/X
 _3790_/Y
 _3791_/Y
 _3792_/X
 _3793_/X
 _3794_/X
 _3795_/Y
 _3796_/X
 _3797_/Y
 _3798_/X
 _3799_/X
 _3800_/X
 _3801_/Y
 _3802_/X
 _3803_/Y
 _3804_/Y
 _3805_/X
 _3806_/Y
 _3807_/X
 _3808_/X
 _3809_/X
 _3810_/Y
 _3811_/Y
 _3812_/X
 _3813_/Y
 _3814_/X
 _3815_/Y
 _3816_/Y
 _3817_/X
 _3818_/Y
 _3819_/X
 _3820_/Y
 _3821_/X
 _3822_/X
 _3823_/Y
 _3824_/Y
 _3825_/X
 _3826_/Y
 _3827_/Y
 _3828_/Y
 _3829_/Y
 _3830_/X
 _3831_/Y
 _3832_/Y
 _3833_/Y
 _3834_/X
 _3835_/X
 _3836_/Y
 _3837_/Y
 _3838_/Y
 _3839_/X
 _3840_/X
 _3841_/X
 _3842_/X
 _3843_/Y
 _3844_/Y
 _3845_/Y
 _3846_/X
 _3847_/Y
 _3848_/Y
 _3849_/Y
 _3850_/Y
 _3851_/X
 _3852_/Y
 _3853_/Y
 _3854_/Y
 _3855_/Y
 _3856_/X
 _3857_/Y
 _3858_/Y
 _3859_/Y
 _3860_/X
 _3861_/X
 _3862_/Y
 _3863_/Y
 _3864_/X
 _3865_/Y
 _3866_/X
 _3867_/Y
 _3868_/Y
 _3869_/X
 _3870_/X
 _3871_/X
 _3872_/Y
 _3873_/Y
 _3874_/X
 _3875_/Y
 _3876_/Y
 _3877_/X
 _3878_/X
 _3879_/X
 _3880_/X
 _3881_/X
 _3882_/X
 _3883_/X
 _3884_/X
 _3885_/X
 _3886_/Y
 _3887_/X
 _3888_/Y
 _3889_/Y
 _3890_/X
 _3891_/X
 _3892_/Y
 _3893_/Y
 _3894_/Y
 _3895_/X
 _3896_/Y
 _3897_/X
 _3898_/Y
 _3899_/X
 _3900_/X
 _3901_/Y
 _3902_/X
 _3903_/X
 _3904_/Y
 _3905_/X
 _3906_/X
 _3907_/X
 _3908_/Y
 _3909_/X
 _3910_/X
 _3911_/X
 _3912_/X
 _3913_/X
 _3914_/X
 _3915_/X
 _3916_/X
 _3917_/X
 _3918_/X
 _3919_/X
 _3920_/Y
 _3921_/X
 _3922_/X
 _3923_/Y
 _3924_/X
 _3925_/X
 _3926_/X
 _3927_/X
 _3928_/X
 _3929_/X
 _3930_/X
 _3931_/Y
 _3932_/X
 _3933_/X
 _3934_/Y
 _3935_/X
 _3936_/X
 _3937_/Y
 _3938_/Y
 _3939_/X
 _3940_/X
 _3941_/Y
 _3942_/X
 _3943_/X
 _3944_/X
 _3945_/Y
 _3946_/X
 _3947_/X
 _3948_/X
 _3949_/X
 _3950_/X
 _3951_/X
 _3952_/X
 _3953_/X
 _3954_/Y
 _3955_/Y
 _3956_/X
 _3957_/X
 _3958_/Y
 _3959_/X
 _3960_/X
 _3961_/X
 _3962_/X
 _3963_/X
 _3964_/X
 _3965_/X
 _3966_/X
 _3967_/X
 _3968_/X
 _3969_/X
 _3970_/X
 _3971_/X
 _3972_/X
 _3973_/X
 _3974_/X
 _3975_/X
 _3976_/X
 _3977_/X
 _3978_/X
 _3979_/X
 _3980_/X
 _3981_/X
 _3982_/X
 _3983_/X
 _3984_/X
 _3985_/X
 _3986_/X
 _3987_/X
 _3988_/X
 _3989_/X
 _3990_/X
 _3991_/X
 _3992_/X
 _3993_/X
 _3994_/X
 _3995_/X
 _3996_/X
 _3997_/Y
 _3998_/X
 _3999_/Y
 _4000_/X
 _4001_/X
 _4002_/Y
 _4003_/Y
 _4004_/Y
 _4005_/X
 _4006_/X
 _4007_/Y
 _4008_/X
 _4009_/Y
 _4010_/X
 _4011_/X
 _4012_/X
 _4013_/X
 _4014_/X
 _4015_/Y
 _4016_/Y
 _4017_/X
 _4018_/Y
 _4019_/X
 _4020_/Y
 _4021_/Y
 _4022_/Y
 _4023_/Y
 _4024_/Y
 _4025_/Y
 _4026_/Y
 _4027_/Y
 _4028_/Y
 _4029_/Y
 _4030_/Y
 _4031_/Y
 _4032_/Y
 _4033_/Y
 _4034_/Y
 _4035_/Y
 _4036_/Y
 _4037_/Y
 _4038_/Y
 _4039_/Y
 _4040_/Y
 _4041_/Y
 _4042_/Y
 _4043_/Y
 _4044_/Y
 _4045_/Y
 _4046_/Y
 _4047_/Y
 _4048_/Y
 _4049_/Y
 _4050_/Y
 _4051_/Y
 _4052_/Y
 _4053_/Y
 _4054_/Y
 _4055_/Y
 _4056_/Y
 _4057_/Y
 _4058_/Y
 _4059_/Y
 _4060_/Y
 _4061_/Y
 _4062_/Y
 _4063_/Y
 _4064_/Y
 _4065_/Y
 _4066_/Y
 _4067_/Y
 _4068_/Y
 _4069_/Y
 _4070_/Y
 _4071_/Y
 _4072_/Y
 _4073_/Y
 _4074_/Y
 _4075_/Y
 _4076_/Y
 _4077_/Y
 _4078_/Y
 _4079_/Y
 _4080_/Y
 _4081_/Y
 _4082_/Y
 _4083_/Y
 _4084_/Y
 _4085_/Y
 _4086_/Y
 _4087_/Y
 _4088_/Y
 _4089_/Y
 _4090_/Y
 _4091_/Y
 _4092_/Y
 _4093_/Y
 _4094_/Y
 _4095_/Y
 _4096_/Y
 _4097_/Y
 _4098_/Y
 _4099_/Y
 _4100_/Y
 _4101_/Y
 _4102_/Y
 _4103_/Y
 _4104_/Y
 _4105_/Y
 _4106_/Y
 _4107_/Y
 _4108_/Y
 _4109_/Y
 _4110_/Y
 _4111_/Y
 _4112_/Y
 _4113_/Y
 _4114_/Y
 _4115_/Y
 _4116_/Y
 _4117_/Y
 _4118_/Y
 _4119_/Y
 _4120_/Y
 _4121_/Y
 _4122_/Y
 _4123_/Y
 _4124_/Y
 _4125_/Y
 _4126_/Y
 _4127_/Y
 _4128_/Y
 _4129_/Y
 _4130_/Y
 _4131_/Y
 _4132_/Y
 _4133_/Y
 _4134_/Y
 _4135_/Y
 _4136_/Y
 _4137_/Y
 _4138_/Y
 _4139_/Y
 _4140_/Y
 _4141_/Y
 _4142_/Y
 _4143_/Y
 _4144_/Y
 _4145_/Y
 _4146_/Y
 _4147_/Y
 _4148_/Y
 _4149_/Y
 _4150_/Y
 _4151_/Y
 _4152_/Y
 _4153_/Y
 _4154_/Y
 _4155_/Y
 _4156_/Y
 _4157_/Y
 _4158_/Y
 _4159_/Y
 _4160_/Y
 _4161_/Y
 _4162_/Y
 _4163_/Y
 _4164_/Y
 _4165_/Y
 _4166_/Y
 _4167_/Y
 _4168_/Y
 _4169_/Y
 _4170_/Y
 _4171_/Y
 _4172_/Y
 _4173_/Y
 _4174_/Y
 _4175_/Y
 _4176_/Y
 _4177_/Y
 _4178_/Y
 _4179_/Y
 _4180_/Y
 _4181_/Y
 _4182_/Y
 _4183_/Y
 _4184_/Y
 _4185_/Y
 _4186_/Y
 _4187_/Y
 _4188_/Y
 _4189_/Y
 _4190_/Y
 _4191_/Y
 _4192_/Y
 _4193_/Y
 _4194_/Y
 _4195_/Y
 _4196_/Y
 _4197_/Y
 _4198_/Y
 _4199_/Y
 _4200_/Y
 _4201_/Y
 _4202_/Y
 _4203_/Y
 _4204_/Y
 _4205_/Y
 _4206_/Y
 _4207_/Y
 _4208_/Y
 _4209_/Y
 _4210_/Y
 _4211_/Y
 _4212_/Y
 _4213_/Y
 _4214_/Y
 _4215_/Y
 _4216_/Y
 _4217_/Y
 _4218_/Y
 _4219_/Y
 _4220_/Y
 _4221_/Y
 _4222_/Y
 _4223_/Y
 _4224_/Y
 _4225_/Y
 _4226_/Y
 _4227_/Y
 _4228_/Y
 _4229_/Y
 _4230_/Y
 _4231_/Y
 _4232_/Y
 _4233_/Y
 _4234_/Y
 _4235_/Y
 _4236_/Y
 _4237_/Y
 _4238_/Y
 _4239_/Y
 _4240_/Y
 _4241_/Y
 _4242_/Y
 _4243_/Y
 _4244_/Y
 _4245_/Y
 _4246_/Y
 _4247_/Y
 _4248_/Y
 _4249_/Y
 _4250_/Y
 _4251_/Y
 _4252_/Y
 _4253_/Y
 _4254_/Y
 _4255_/Y
 _4256_/Y
 _4257_/Y
 _4258_/Y
 _4259_/Y
 _4260_/Y
 _4261_/Y
 _4262_/Y
 _4263_/Y
 _4264_/Q
 _4265_/Q
 _4266_/Q
 _4267_/Q
 _4268_/Q
 _4269_/Q
 _4270_/Q
 _4271_/Q
 _4272_/Q
 _4273_/Q
 _4274_/Q
 _4275_/Q
 _4276_/Q
 _4277_/Q
 _4278_/Q
 _4279_/Q
 _4280_/Q
 _4281_/Q
 _4282_/Q
 _4283_/Q
 _4284_/Q
 _4285_/Q
 _4286_/Q
 _4287_/Q
 _4288_/Q
 _4289_/Q
 _4290_/Q
 _4291_/Q
 _4292_/Q
 _4293_/Q
 _4294_/Q
 _4295_/Q
 _4296_/Q
 _4297_/Q
 _4298_/Q
 _4299_/Q
 _4300_/Q
 _4301_/Q
 _4302_/Q
 _4303_/Q
 _4304_/Q
 _4305_/Q
 _4306_/Q
 _4307_/Q
 _4308_/Q
 _4309_/Q
 _4310_/Q
 _4311_/Q
 _4312_/Q
 _4313_/Q
 _4314_/Q
 _4315_/Q
 _4316_/Q
 _4317_/Q
 _4318_/Q
 _4319_/Q
 _4320_/Q
 _4321_/Q
 _4322_/Q
 _4323_/Q
 _4324_/Q
 _4325_/Q
 _4326_/Q
 _4327_/Q
 _4328_/Q
 _4329_/Q
 _4330_/Q
 _4331_/Q
 _4332_/Q
 _4333_/Q
 _4334_/Q
 _4335_/Q
 _4336_/Q
 _4337_/Q
 _4338_/Q
 _4339_/Q
 _4340_/Q
 _4341_/Q
 _4342_/Q
 _4343_/Q
 _4344_/Q
 _4345_/Q
 _4346_/Q
 _4347_/Q
 _4348_/Q
 _4349_/Q
 _4350_/Q
 _4351_/Q
 _4352_/Q
 _4353_/Q
 _4354_/Q
 _4355_/Q
 _4356_/Q
 _4357_/Q
 _4358_/Q
 _4359_/Q
 _4360_/Q
 _4361_/Q
 _4362_/Q
 _4363_/Q
 _4364_/Q
 _4365_/Q
 _4366_/Q
 _4367_/Q
 _4368_/Q
 _4369_/Q
 _4370_/Q
 _4371_/Q
 _4372_/Q
 _4373_/Q
 _4374_/Q
 _4375_/Q
 _4376_/Q
 _4377_/Q
 _4378_/Q
 _4379_/Q
 _4380_/Q
 _4381_/Q
 _4382_/Q
 _4383_/Q
 _4384_/Q
 _4385_/Q
 _4386_/Q
 _4387_/Q
 _4388_/Q
 _4389_/Q
 _4390_/Q
 _4391_/Q
 _4392_/Q
 _4393_/Q
 _4394_/Q
 _4395_/Q
 _4396_/Q
 _4397_/Q
 _4398_/Q
 _4399_/Q
 _4400_/Q
 _4401_/Q
 _4402_/Q
 _4403_/Q
 _4404_/Q
 _4405_/Q
 _4406_/Q
 _4407_/Q
 _4408_/Q
 _4409_/Q
 _4410_/Q
 _4411_/Q
 _4412_/Q
 _4413_/Q
 _4414_/Q
 _4415_/Q
 _4416_/Q
 _4417_/Q
 _4418_/Q
 _4419_/Q
 _4420_/Q
 _4421_/Q
 _4422_/Q
 _4423_/Q
 _4424_/Q
 _4425_/Q
 _4426_/Q
 _4427_/Q
 _4428_/Q
 _4429_/Q
 _4430_/Q
 _4431_/Q
 _4432_/Q
 _4433_/Q
 _4434_/Q
 _4435_/Q
 _4436_/Q
 _4437_/Q
 _4438_/Q
 _4439_/Q
 _4440_/Q
 _4441_/Q
 _4442_/Q
 _4443_/Q
 _4444_/Q
 _4445_/Q
 _4446_/Q
 _4447_/Q
 _4448_/Q
 _4449_/Q
 _4450_/Q
 _4451_/Q
 _4452_/Q
 _4453_/Q
 _4454_/Q
 _4455_/Q
 _4456_/Q
 _4457_/Q
 _4458_/Q
 _4459_/Q
 _4460_/Q
 _4461_/Q
 _4462_/Q
 _4463_/Q
 _4464_/Q
 _4465_/Q
 _4466_/Q
 _4467_/Q
 _4468_/Q
 _4469_/Q
 _4470_/Q
 _4471_/Q
 _4472_/Q
 _4473_/Q
 _4474_/Q
 _4475_/Q
 _4476_/Q
 _4477_/Q
 _4478_/Q
 _4479_/Q
 _4480_/Q
 _4481_/Q
 _4482_/Q
 _4483_/Q
 _4484_/Q
 _4485_/Q
 _4486_/Q
 _4487_/Q
 _4488_/Q
 _4489_/Q
 _4490_/Q
 _4491_/Q
 _4492_/Q
 _4493_/Q
 _4494_/Q
 _4495_/Q
 _4496_/Q
 _4497_/Q
 _4498_/Q
 _4499_/Q
 _4500_/Q
 _4501_/Q
 _4502_/Q
 _4503_/Q
 _4504_/Q
 _4505_/Q
 _4506_/Q
 _4507_/Q
 _4508_/Q
 _4509_/Q
 _4510_/Q
 _4511_/Q
 _4512_/Q
 _4513_/Q
 _4514_/Q
 _4515_/Q
 _4516_/Q
 _4517_/Q
 _4518_/Q
 _4519_/Q
 _4520_/Q
Found 0 partially unannotated drivers.

===========================================================================
max slew violation count 497
max fanout violation count 82
max cap violation count 3
============================================================================

===========================================================================
check_setup -verbose -unconstrained_endpoints -multiple_clock -no_clock -no_input_delay -loops -generated_clocks
===========================================================================
