Clock: clk
Sources: clk 
Generated: no
Virtual: no
Propagated: no
Period: 10.000000

===========================================================================
report_clock_properties
============================================================================
Clock                   Period          Waveform
----------------------------------------------------
clk                  10.000000    0.000000  5.000000

===========================================================================
report_clock_latency
============================================================================
Clock clk
rise -> rise
    min     max
0.000000 0.000000 source latency
2.269260         network latency _4264_/CLK
        2.269260 network latency _4264_/CLK
---------------
2.269260 2.269260 latency
        0.000000 skew

fall -> fall
    min     max
0.000000 0.000000 source latency
1.254827         network latency _4264_/CLK
        1.254827 network latency _4264_/CLK
---------------
1.254827 1.254827 latency
        0.000000 skew



===========================================================================
report_clock_min_period
============================================================================
clk period_min = 13.70 fmax = 73.00
