
===========================================================================
 report_power
============================================================================
======================= nom_ss_100C_1v60 Corner ===================================

Group                    Internal    Switching      Leakage        Total
                            Power        Power        Power        Power (Watts)
------------------------------------------------------------------------
Sequential           1.161888e-03 1.619186e-04 4.941153e-06 1.328747e-03  19.3%
Combinational        3.376432e-03 2.172109e-03 1.138309e-05 5.559924e-03  80.7%
Clock                0.000000e+00 0.000000e+00 0.000000e+00 0.000000e+00   0.0%
Macro                0.000000e+00 0.000000e+00 0.000000e+00 0.000000e+00   0.0%
Pad                  0.000000e+00 0.000000e+00 0.000000e+00 0.000000e+00   0.0%
------------------------------------------------------------------------
Total                4.538320e-03 2.334027e-03 1.632424e-05 6.888670e-03 100.0%
                            65.9%        33.9%         0.2%

