
===========================================================================
Violator List
============================================================================
[setup reg-reg] _4504_/Q -> _4323_/D : -3.698217
[setup reg-reg] _4504_/Q -> _4339_/D : -3.505172
[setup reg-reg] _4504_/Q -> _4322_/D : -3.234538
[setup reg-reg] _4504_/Q -> _4338_/D : -3.151582
[setup reg-reg] _4504_/Q -> _4337_/D : -2.666404
[setup reg-reg] _4504_/Q -> _4321_/D : -2.377012
[setup reg-reg] _4504_/Q -> _4320_/D : -2.084617
[setup reg-reg] _4504_/Q -> _4336_/D : -1.957527
[setup reg-reg] _4504_/Q -> _4335_/D : -1.589560
[setup in-reg] D_b_00[3] -> _4395_/D : -1.583832
[setup reg-reg] _4504_/Q -> _4334_/D : -1.579616
[setup reg-reg] _4504_/Q -> _4318_/D : -1.536595
[setup in-reg] D_b_00[3] -> _4419_/D : -1.500889
[setup in-reg] D_b_00[3] -> _4391_/D : -1.434751
[setup in-reg] D_b_00[3] -> _4393_/D : -1.371980
[setup in-reg] D_b_00[3] -> _4415_/D : -1.350291
[setup reg-reg] _4504_/Q -> _4319_/D : -1.300165
[setup in-reg] D_b_00[3] -> _4417_/D : -1.289051
[setup in-reg] D_b_00[3] -> _4394_/D : -1.288912
[setup reg-reg] _4504_/Q -> _4363_/D : -1.280386
[setup in-reg] D_b_00[3] -> _4418_/D : -1.205244
[setup reg-reg] _4504_/Q -> _4379_/D : -1.201787
[setup reg-reg] _4504_/Q -> _4361_/D : -1.155192
[setup reg-reg] _4504_/Q -> _4333_/D : -1.138420
[setup reg-reg] _4504_/Q -> _4377_/D : -1.076608
[setup reg-reg] _4503_/Q -> _4279_/D : -1.025940
[setup reg-reg] _4503_/Q -> _4307_/D : -1.024944
[setup in-reg] D_b_00[3] -> _4392_/D : -1.021044
[setup reg-reg] _4504_/Q -> _4316_/D : -1.001492
[setup in-reg] D_b_00[3] -> _4416_/D : -0.938467
[setup reg-reg] _4503_/Q -> _4303_/D : -0.911271
[setup reg-reg] _4504_/Q -> _4362_/D : -0.879355
[setup reg-reg] _4504_/Q -> _4332_/D : -0.874403
[setup reg-reg] _4504_/Q -> _4378_/D : -0.849681
[setup reg-reg] _4504_/Q -> _4317_/D : -0.849243
[setup reg-reg] _4503_/Q -> _4275_/D : -0.772356
[setup reg-reg] _4504_/Q -> _4360_/D : -0.769581
[setup in-reg] D_b_00[3] -> _4390_/D : -0.729425
[setup reg-reg] _4503_/Q -> _4306_/D : -0.699646
[setup reg-reg] _4503_/Q -> _4278_/D : -0.697717
[setup reg-reg] _4504_/Q -> _4376_/D : -0.690888
[setup in-reg] D_b_00[3] -> _4414_/D : -0.647573
[setup reg-reg] _4503_/Q -> _4301_/D : -0.638907
[setup reg-reg] _4504_/Q -> _4331_/D : -0.474563
[setup in-reg] rst -> _4287_/D : -0.334468
[setup in-reg] D_b_00[3] -> _4389_/D : -0.332572
[setup reg-reg] _4503_/Q -> _4304_/D : -0.302965
[setup reg-reg] _4503_/Q -> _4276_/D : -0.301037
[setup reg-reg] _4504_/Q -> _4314_/D : -0.275793
[setup in-reg] rst -> _4280_/D : -0.269892
[setup in-reg] rst -> _4281_/D : -0.269892
[setup in-reg] rst -> _4282_/D : -0.269892
[setup in-reg] rst -> _4283_/D : -0.269892
[setup in-reg] rst -> _4284_/D : -0.269892
[setup in-reg] D_b_00[3] -> _4413_/D : -0.249375
[setup in-reg] rst -> _4285_/D : -0.228261
[setup reg-reg] _4503_/Q -> _4305_/D : -0.225435
[setup in-reg] rst -> _4289_/D : -0.225123
[setup reg-reg] _4503_/Q -> _4277_/D : -0.223507
[setup reg-reg] _4504_/Q -> _4315_/D : -0.185142
[setup in-reg] rst -> _4291_/D : -0.184331
[setup reg-reg] _4503_/Q -> _4273_/D : -0.159025
[setup reg-reg] _4504_/Q -> _4330_/D : -0.147528
[setup in-reg] D_b_00[3] -> _4388_/D : -0.091424
[setup reg-reg] _4504_/Q -> _4359_/D : -0.088786
[setup reg-reg] _4503_/Q -> _4302_/D : -0.050854
[setup reg-reg] _4503_/Q -> _4274_/D : -0.048926
[setup in-reg] rst -> _4290_/D : -0.025207
[setup reg-reg] _4504_/Q -> _4375_/D : -0.010202
[setup in-reg] D_b_00[3] -> _4412_/D : -0.006486
[setup in-reg] rst -> _4286_/D : -0.000709
