Clock: clk
Sources: clk 
Generated: no
Virtual: yes
Propagated: no
Period: 10.000000

===========================================================================
report_clock_properties
============================================================================
Clock                   Period          Waveform
----------------------------------------------------
clk                  10.000000    0.000000  5.000000

===========================================================================
report_clock_latency
============================================================================
Clock clk
rise -> rise
    min     max
0.000000 0.000000 source latency
0.851184         network latency _4503_/CLK
        1.162114 network latency _4454_/CLK
---------------
0.851184 1.162114 latency
        0.310930 skew

fall -> fall
    min     max
0.000000 0.000000 source latency
0.763092         network latency _4503_/CLK
        1.067205 network latency _4287_/CLK
---------------
0.763092 1.067205 latency
        0.304113 skew



===========================================================================
report_clock_min_period
============================================================================
clk period_min = 10.55 fmax = 94.79
