
===========================================================================
 report_power
============================================================================
======================= nom_ss_100C_1v60 Corner ===================================

Group                    Internal    Switching      Leakage        Total
                            Power        Power        Power        Power (Watts)
------------------------------------------------------------------------
Sequential           1.114839e-03 1.839536e-04 4.776084e-06 1.303568e-03  18.6%
Combinational        2.483378e-03 2.436778e-03 1.157282e-05 4.931728e-03  70.3%
Clock                3.955952e-04 3.794782e-04 6.677869e-07 7.757412e-04  11.1%
Macro                0.000000e+00 0.000000e+00 0.000000e+00 0.000000e+00   0.0%
Pad                  0.000000e+00 0.000000e+00 0.000000e+00 0.000000e+00   0.0%
------------------------------------------------------------------------
Total                3.993811e-03 3.000208e-03 1.701668e-05 7.011036e-03 100.0%
                            57.0%        42.8%         0.2%

