
===========================================================================
Violator List
============================================================================
[setup reg-reg] _4503_/Q -> _4307_/D : -0.549731
[setup reg-reg] _4503_/Q -> _4279_/D : -0.537110
[setup reg-reg] _4504_/Q -> _4363_/D : -0.449788
[setup reg-reg] _4504_/Q -> _4379_/D : -0.396089
[setup reg-reg] _4504_/Q -> _4323_/D : -0.385265
[setup reg-reg] _4504_/Q -> _4339_/D : -0.378622
[setup reg-reg] _4503_/Q -> _4303_/D : -0.258547
[setup reg-reg] _4504_/Q -> _4361_/D : -0.233727
[setup reg-reg] _4503_/Q -> _4306_/D : -0.224388
[setup in-reg] D_a_00[1] -> _4395_/D : -0.209849
[setup reg-reg] _4503_/Q -> _4278_/D : -0.194115
[setup reg-reg] _4503_/Q -> _4275_/D : -0.187065
[setup reg-reg] _4504_/Q -> _4377_/D : -0.170201
[setup reg-reg] _4504_/Q -> _4362_/D : -0.165295
[setup reg-reg] _4504_/Q -> _4378_/D : -0.164963
[setup in-reg] D_a_00[1] -> _4419_/D : -0.116561
[setup reg-reg] _4503_/Q -> _4301_/D : -0.098212
[setup reg-reg] _4504_/Q -> _4322_/D : -0.081450
[setup reg-reg] _4504_/Q -> _4338_/D : -0.031435
