Clock: clk
Sources: clk 
Generated: no
Virtual: yes
Propagated: no
Period: 10.000000

===========================================================================
report_clock_properties
============================================================================
Clock                   Period          Waveform
----------------------------------------------------
clk                  10.000000    0.000000  5.000000

===========================================================================
report_clock_latency
============================================================================
Clock clk
rise -> rise
    min     max
0.000000 0.000000 source latency
0.498358         network latency _4503_/CLK
        0.674766 network latency _4454_/CLK
---------------
0.498358 0.674766 latency
        0.176408 skew

fall -> fall
    min     max
0.000000 0.000000 source latency
0.429460         network latency _4503_/CLK
        0.601629 network latency _4454_/CLK
---------------
0.429460 0.601629 latency
        0.172168 skew



===========================================================================
report_clock_min_period
============================================================================
clk period_min = 5.48 fmax = 182.42
