
===========================================================================
 report_power
============================================================================
======================= nom_tt_025C_1v80 Corner ===================================

Group                    Internal    Switching      Leakage        Total
                            Power        Power        Power        Power (Watts)
------------------------------------------------------------------------
Sequential           1.441770e-03 2.365624e-04 3.052980e-09 1.678335e-03  19.0%
Combinational        3.047291e-03 3.119933e-03 9.477544e-09 6.167233e-03  69.9%
Clock                4.811556e-04 4.899919e-04 5.949046e-09 9.711534e-04  11.0%
Macro                0.000000e+00 0.000000e+00 0.000000e+00 0.000000e+00   0.0%
Pad                  0.000000e+00 0.000000e+00 0.000000e+00 0.000000e+00   0.0%
------------------------------------------------------------------------
Total                4.970214e-03 3.846487e-03 1.847976e-08 8.816720e-03 100.0%
                            56.4%        43.6%         0.0%

