Clock: clk
Sources: clk 
Generated: no
Virtual: no
Propagated: no
Period: 10.000000

===========================================================================
report_clock_properties
============================================================================
Clock                   Period          Waveform
----------------------------------------------------
clk                  10.000000    0.000000  5.000000

===========================================================================
report_clock_latency
============================================================================
Clock clk
rise -> rise
    min     max
0.000000 0.000000 source latency
1.472394         network latency _4264_/CLK
        1.472394 network latency _4264_/CLK
---------------
1.472394 1.472394 latency
        0.000000 skew

fall -> fall
    min     max
0.000000 0.000000 source latency
0.716716         network latency _4264_/CLK
        0.716716 network latency _4264_/CLK
---------------
0.716716 0.716716 latency
        0.000000 skew



===========================================================================
report_clock_min_period
============================================================================
clk period_min = 6.68 fmax = 149.69
