
===========================================================================
 report_power
============================================================================
======================= nom_tt_025C_1v80 Corner ===================================

Group                    Internal    Switching      Leakage        Total
                            Power        Power        Power        Power (Watts)
------------------------------------------------------------------------
Sequential           1.494503e-03 2.081717e-04 2.795189e-09 1.702678e-03  19.8%
Combinational        4.125956e-03 2.770060e-03 8.824845e-09 6.896024e-03  80.2%
Clock                0.000000e+00 0.000000e+00 0.000000e+00 0.000000e+00   0.0%
Macro                0.000000e+00 0.000000e+00 0.000000e+00 0.000000e+00   0.0%
Pad                  0.000000e+00 0.000000e+00 0.000000e+00 0.000000e+00   0.0%
------------------------------------------------------------------------
Total                5.620460e-03 2.978230e-03 1.162002e-08 8.598701e-03 100.0%
                            65.4%        34.6%         0.0%

