                                                                       Cells by Function                                                                        
┏━━━━━━━━━━━━━━━━━━━━━━━━━━━━━━━━━━━━━━━━━━━━━━━━━━━━━━━━━━━━━━━━━━━━━━━━━━━━━━━━━━━━━━━━━━━━━━━━━━━━━━━━━━━━━━━━━━━━━━━━━━━━━━━━━┳━━━━━━━━━━━━━━━━━━━━━━━━━━━━┓
┃ Cell Function                                                                                                                   ┃ Count                      ┃
┡━━━━━━━━━━━━━━━━━━━━━━━━━━━━━━━━━━━━━━━━━━━━━━━━━━━━━━━━━━━━━━━━━━━━━━━━━━━━━━━━━━━━━━━━━━━━━━━━━━━━━━━━━━━━━━━━━━━━━━━━━━━━━━━━━╇━━━━━━━━━━━━━━━━━━━━━━━━━━━━┩
│ sky130_ef_sc_hd__decap                                                                                                          │ 1731                       │
│ sky130_fd_sc_hd__a2111o                                                                                                         │ 1                          │
│ sky130_fd_sc_hd__a211o                                                                                                          │ 13                         │
│ sky130_fd_sc_hd__a211oi                                                                                                         │ 11                         │
│ sky130_fd_sc_hd__a21bo                                                                                                          │ 26                         │
│ sky130_fd_sc_hd__a21boi                                                                                                         │ 18                         │
│ sky130_fd_sc_hd__a21o                                                                                                           │ 124                        │
│ sky130_fd_sc_hd__a21oi                                                                                                          │ 74                         │
│ sky130_fd_sc_hd__a221o                                                                                                          │ 13                         │
│ sky130_fd_sc_hd__a22o                                                                                                           │ 143                        │
│ sky130_fd_sc_hd__a22oi                                                                                                          │ 35                         │
│ sky130_fd_sc_hd__a2bb2o                                                                                                         │ 1                          │
│ sky130_fd_sc_hd__a31o                                                                                                           │ 34                         │
│ sky130_fd_sc_hd__a31oi                                                                                                          │ 2                          │
│ sky130_fd_sc_hd__a32o                                                                                                           │ 6                          │
│ sky130_fd_sc_hd__a32oi                                                                                                          │ 1                          │
│ sky130_fd_sc_hd__a41o                                                                                                           │ 2                          │
│ sky130_fd_sc_hd__and2                                                                                                           │ 70                         │
│ sky130_fd_sc_hd__and2b                                                                                                          │ 42                         │
│ sky130_fd_sc_hd__and3                                                                                                           │ 84                         │
│ sky130_fd_sc_hd__and3b                                                                                                          │ 5                          │
│ sky130_fd_sc_hd__and4                                                                                                           │ 43                         │
│ sky130_fd_sc_hd__and4b                                                                                                          │ 1                          │
│ sky130_fd_sc_hd__and4bb                                                                                                         │ 12                         │
│ sky130_fd_sc_hd__buf                                                                                                            │ 167                        │
│ sky130_fd_sc_hd__bufinv                                                                                                         │ 1                          │
│ sky130_fd_sc_hd__clkbuf                                                                                                         │ 144                        │
│ sky130_fd_sc_hd__clkinv                                                                                                         │ 8                          │
│ sky130_fd_sc_hd__clkinvlp                                                                                                       │ 3                          │
│ sky130_fd_sc_hd__decap                                                                                                          │ 1701                       │
│ sky130_fd_sc_hd__dfrtp                                                                                                          │ 245                        │
│ sky130_fd_sc_hd__dfxtp                                                                                                          │ 12                         │
│ sky130_fd_sc_hd__diode                                                                                                          │ 5                          │
│ sky130_fd_sc_hd__dlygate4sd1                                                                                                    │ 3                          │
│ sky130_fd_sc_hd__dlygate4sd3                                                                                                    │ 136                        │
│ sky130_fd_sc_hd__dlymetal6s2s                                                                                                   │ 9                          │
│ sky130_fd_sc_hd__fill                                                                                                           │ 1270                       │
│ sky130_fd_sc_hd__inv                                                                                                            │ 281                        │
│ sky130_fd_sc_hd__mux2                                                                                                           │ 143                        │
│ sky130_fd_sc_hd__nand2                                                                                                          │ 168                        │
│ sky130_fd_sc_hd__nand2b                                                                                                         │ 34                         │
│ sky130_fd_sc_hd__nand3                                                                                                          │ 62                         │
│ sky130_fd_sc_hd__nand3b                                                                                                         │ 3                          │
│ sky130_fd_sc_hd__nand4                                                                                                          │ 28                         │
│ sky130_fd_sc_hd__nor2                                                                                                           │ 125                        │
│ sky130_fd_sc_hd__nor3                                                                                                           │ 19                         │
│ sky130_fd_sc_hd__nor3b                                                                                                          │ 2                          │
│ sky130_fd_sc_hd__nor4                                                                                                           │ 1                          │
│ sky130_fd_sc_hd__o211a                                                                                                          │ 16                         │
│ sky130_fd_sc_hd__o211ai                                                                                                         │ 10                         │
│ sky130_fd_sc_hd__o21a                                                                                                           │ 34                         │
│ sky130_fd_sc_hd__o21ai                                                                                                          │ 28                         │
│ sky130_fd_sc_hd__o21ba                                                                                                          │ 8                          │
│ sky130_fd_sc_hd__o21bai                                                                                                         │ 7                          │
│ sky130_fd_sc_hd__o221a                                                                                                          │ 8                          │
│ sky130_fd_sc_hd__o221ai                                                                                                         │ 1                          │
│ sky130_fd_sc_hd__o22a                                                                                                           │ 2                          │
│ sky130_fd_sc_hd__o22ai                                                                                                          │ 1                          │
│ sky130_fd_sc_hd__o2bb2a                                                                                                         │ 12                         │
│ sky130_fd_sc_hd__o311a                                                                                                          │ 1                          │
│ sky130_fd_sc_hd__o31a                                                                                                           │ 3                          │
│ sky130_fd_sc_hd__o31ai                                                                                                          │ 2                          │
│ sky130_fd_sc_hd__o32a                                                                                                           │ 1                          │
│ sky130_fd_sc_hd__or2                                                                                                            │ 75                         │
│ sky130_fd_sc_hd__or3                                                                                                            │ 28                         │
│ sky130_fd_sc_hd__or3b                                                                                                           │ 5                          │
│ sky130_fd_sc_hd__or4                                                                                                            │ 1                          │
│ sky130_fd_sc_hd__or4b                                                                                                           │ 1                          │
│ sky130_fd_sc_hd__tapvpwrvgnd                                                                                                    │ 912                        │
│ sky130_fd_sc_hd__xnor2                                                                                                          │ 199                        │
│ sky130_fd_sc_hd__xor2                                                                                                           │ 76                         │
└─────────────────────────────────────────────────────────────────────────────────────────────────────────────────────────────────┴────────────────────────────┘
