[WARNING ORD-0039] .openroad ignored with -python
                                Cells by Master                                 
┏━━━━━━━━━━━━━━━━━━━━━━━━━━━━━━━━━━━━━━━━━━━━━━━━━━━━━━━━━━━━━━━━┳━━━━━━━━━━━━━┓
┃ Cell                                                           ┃ Count       ┃
┡━━━━━━━━━━━━━━━━━━━━━━━━━━━━━━━━━━━━━━━━━━━━━━━━━━━━━━━━━━━━━━━━╇━━━━━━━━━━━━━┩
│ sky130_ef_sc_hd__decap_12                                      │ 1731        │
│ sky130_fd_sc_hd__a2111o_1                                      │ 1           │
│ sky130_fd_sc_hd__a211o_1                                       │ 13          │
│ sky130_fd_sc_hd__a211oi_1                                      │ 5           │
│ sky130_fd_sc_hd__a211oi_2                                      │ 6           │
│ sky130_fd_sc_hd__a21bo_1                                       │ 26          │
│ sky130_fd_sc_hd__a21boi_1                                      │ 16          │
│ sky130_fd_sc_hd__a21boi_2                                      │ 2           │
│ sky130_fd_sc_hd__a21o_1                                        │ 124         │
│ sky130_fd_sc_hd__a21oi_1                                       │ 72          │
│ sky130_fd_sc_hd__a21oi_2                                       │ 1           │
│ sky130_fd_sc_hd__a21oi_4                                       │ 1           │
│ sky130_fd_sc_hd__a221o_1                                       │ 13          │
│ sky130_fd_sc_hd__a22o_1                                        │ 143         │
│ sky130_fd_sc_hd__a22oi_1                                       │ 33          │
│ sky130_fd_sc_hd__a22oi_2                                       │ 2           │
│ sky130_fd_sc_hd__a2bb2o_1                                      │ 1           │
│ sky130_fd_sc_hd__a31o_1                                        │ 34          │
│ sky130_fd_sc_hd__a31oi_1                                       │ 2           │
│ sky130_fd_sc_hd__a32o_1                                        │ 6           │
│ sky130_fd_sc_hd__a32oi_4                                       │ 1           │
│ sky130_fd_sc_hd__a41o_1                                        │ 1           │
│ sky130_fd_sc_hd__a41o_2                                        │ 1           │
│ sky130_fd_sc_hd__and2_1                                        │ 68          │
│ sky130_fd_sc_hd__and2_2                                        │ 2           │
│ sky130_fd_sc_hd__and2b_1                                       │ 42          │
│ sky130_fd_sc_hd__and3_1                                        │ 81          │
│ sky130_fd_sc_hd__and3_2                                        │ 1           │
│ sky130_fd_sc_hd__and3_4                                        │ 2           │
│ sky130_fd_sc_hd__and3b_1                                       │ 5           │
│ sky130_fd_sc_hd__and4_1                                        │ 43          │
│ sky130_fd_sc_hd__and4b_1                                       │ 1           │
│ sky130_fd_sc_hd__and4bb_1                                      │ 12          │
│ sky130_fd_sc_hd__buf_1                                         │ 16          │
│ sky130_fd_sc_hd__buf_12                                        │ 1           │
│ sky130_fd_sc_hd__buf_2                                         │ 123         │
│ sky130_fd_sc_hd__buf_4                                         │ 25          │
│ sky130_fd_sc_hd__buf_6                                         │ 1           │
│ sky130_fd_sc_hd__buf_8                                         │ 1           │
│ sky130_fd_sc_hd__bufinv_16                                     │ 1           │
│ sky130_fd_sc_hd__clkbuf_1                                      │ 33          │
│ sky130_fd_sc_hd__clkbuf_16                                     │ 5           │
│ sky130_fd_sc_hd__clkbuf_2                                      │ 36          │
│ sky130_fd_sc_hd__clkbuf_4                                      │ 36          │
│ sky130_fd_sc_hd__clkbuf_8                                      │ 34          │
│ sky130_fd_sc_hd__clkinv_2                                      │ 2           │
│ sky130_fd_sc_hd__clkinv_4                                      │ 3           │
│ sky130_fd_sc_hd__clkinv_8                                      │ 3           │
│ sky130_fd_sc_hd__clkinvlp_4                                    │ 3           │
│ sky130_fd_sc_hd__decap_3                                       │ 530         │
│ sky130_fd_sc_hd__decap_4                                       │ 366         │
│ sky130_fd_sc_hd__decap_6                                       │ 346         │
│ sky130_fd_sc_hd__decap_8                                       │ 459         │
│ sky130_fd_sc_hd__dfrtp_1                                       │ 235         │
│ sky130_fd_sc_hd__dfrtp_2                                       │ 5           │
│ sky130_fd_sc_hd__dfrtp_4                                       │ 5           │
│ sky130_fd_sc_hd__dfxtp_1                                       │ 12          │
│ sky130_fd_sc_hd__diode_2                                       │ 5           │
│ sky130_fd_sc_hd__dlygate4sd1_1                                 │ 3           │
│ sky130_fd_sc_hd__dlygate4sd3_1                                 │ 136         │
│ sky130_fd_sc_hd__dlymetal6s2s_1                                │ 9           │
│ sky130_fd_sc_hd__fill_1                                        │ 876         │
│ sky130_fd_sc_hd__fill_2                                        │ 394         │
│ sky130_fd_sc_hd__inv_2                                         │ 268         │
│ sky130_fd_sc_hd__inv_4                                         │ 1           │
│ sky130_fd_sc_hd__inv_6                                         │ 11          │
│ sky130_fd_sc_hd__inv_8                                         │ 1           │
│ sky130_fd_sc_hd__mux2_1                                        │ 139         │
│ sky130_fd_sc_hd__mux2_2                                        │ 3           │
│ sky130_fd_sc_hd__mux2_4                                        │ 1           │
│ sky130_fd_sc_hd__nand2_1                                       │ 168         │
│ sky130_fd_sc_hd__nand2b_1                                      │ 34          │
│ sky130_fd_sc_hd__nand3_1                                       │ 55          │
│ sky130_fd_sc_hd__nand3_2                                       │ 6           │
│ sky130_fd_sc_hd__nand3_4                                       │ 1           │
│ sky130_fd_sc_hd__nand3b_1                                      │ 1           │
│ sky130_fd_sc_hd__nand3b_2                                      │ 2           │
│ sky130_fd_sc_hd__nand4_1                                       │ 25          │
│ sky130_fd_sc_hd__nand4_2                                       │ 3           │
│ sky130_fd_sc_hd__nor2_1                                        │ 122         │
│ sky130_fd_sc_hd__nor2_2                                        │ 2           │
│ sky130_fd_sc_hd__nor2_4                                        │ 1           │
│ sky130_fd_sc_hd__nor3_1                                        │ 18          │
│ sky130_fd_sc_hd__nor3_2                                        │ 1           │
│ sky130_fd_sc_hd__nor3b_1                                       │ 1           │
│ sky130_fd_sc_hd__nor3b_2                                       │ 1           │
│ sky130_fd_sc_hd__nor4_1                                        │ 1           │
│ sky130_fd_sc_hd__o211a_1                                       │ 16          │
│ sky130_fd_sc_hd__o211ai_1                                      │ 8           │
│ sky130_fd_sc_hd__o211ai_2                                      │ 2           │
│ sky130_fd_sc_hd__o21a_1                                        │ 34          │
│ sky130_fd_sc_hd__o21ai_1                                       │ 25          │
│ sky130_fd_sc_hd__o21ai_2                                       │ 3           │
│ sky130_fd_sc_hd__o21ba_1                                       │ 8           │
│ sky130_fd_sc_hd__o21bai_1                                      │ 7           │
│ sky130_fd_sc_hd__o221a_1                                       │ 8           │
│ sky130_fd_sc_hd__o221ai_4                                      │ 1           │
│ sky130_fd_sc_hd__o22a_1                                        │ 2           │
│ sky130_fd_sc_hd__o22ai_1                                       │ 1           │
│ sky130_fd_sc_hd__o2bb2a_1                                      │ 12          │
│ sky130_fd_sc_hd__o311a_4                                       │ 1           │
│ sky130_fd_sc_hd__o31a_1                                        │ 3           │
│ sky130_fd_sc_hd__o31ai_2                                       │ 2           │
│ sky130_fd_sc_hd__o32a_1                                        │ 1           │
│ sky130_fd_sc_hd__or2_1                                         │ 74          │
│ sky130_fd_sc_hd__or2_4                                         │ 1           │
│ sky130_fd_sc_hd__or3_1                                         │ 24          │
│ sky130_fd_sc_hd__or3_4                                         │ 4           │
│ sky130_fd_sc_hd__or3b_1                                        │ 4           │
│ sky130_fd_sc_hd__or3b_4                                        │ 1           │
│ sky130_fd_sc_hd__or4_4                                         │ 1           │
│ sky130_fd_sc_hd__or4b_4                                        │ 1           │
│ sky130_fd_sc_hd__tapvpwrvgnd_1                                 │ 912         │
│ sky130_fd_sc_hd__xnor2_1                                       │ 180         │
│ sky130_fd_sc_hd__xnor2_2                                       │ 19          │
│ sky130_fd_sc_hd__xor2_1                                        │ 67          │
│ sky130_fd_sc_hd__xor2_2                                        │ 9           │
└────────────────────────────────────────────────────────────────┴─────────────┘
                               Cells by Function                                
┏━━━━━━━━━━━━━━━━━━━━━━━━━━━━━━━━━━━━━━━━━━━━━━━━━━━━━━━━━━━━━━━┳━━━━━━━━━━━━━━┓
┃ Cell Function                                                 ┃ Count        ┃
┡━━━━━━━━━━━━━━━━━━━━━━━━━━━━━━━━━━━━━━━━━━━━━━━━━━━━━━━━━━━━━━━╇━━━━━━━━━━━━━━┩
│ sky130_ef_sc_hd__decap                                        │ 1731         │
│ sky130_fd_sc_hd__a2111o                                       │ 1            │
│ sky130_fd_sc_hd__a211o                                        │ 13           │
│ sky130_fd_sc_hd__a211oi                                       │ 11           │
│ sky130_fd_sc_hd__a21bo                                        │ 26           │
│ sky130_fd_sc_hd__a21boi                                       │ 18           │
│ sky130_fd_sc_hd__a21o                                         │ 124          │
│ sky130_fd_sc_hd__a21oi                                        │ 74           │
│ sky130_fd_sc_hd__a221o                                        │ 13           │
│ sky130_fd_sc_hd__a22o                                         │ 143          │
│ sky130_fd_sc_hd__a22oi                                        │ 35           │
│ sky130_fd_sc_hd__a2bb2o                                       │ 1            │
│ sky130_fd_sc_hd__a31o                                         │ 34           │
│ sky130_fd_sc_hd__a31oi                                        │ 2            │
│ sky130_fd_sc_hd__a32o                                         │ 6            │
│ sky130_fd_sc_hd__a32oi                                        │ 1            │
│ sky130_fd_sc_hd__a41o                                         │ 2            │
│ sky130_fd_sc_hd__and2                                         │ 70           │
│ sky130_fd_sc_hd__and2b                                        │ 42           │
│ sky130_fd_sc_hd__and3                                         │ 84           │
│ sky130_fd_sc_hd__and3b                                        │ 5            │
│ sky130_fd_sc_hd__and4                                         │ 43           │
│ sky130_fd_sc_hd__and4b                                        │ 1            │
│ sky130_fd_sc_hd__and4bb                                       │ 12           │
│ sky130_fd_sc_hd__buf                                          │ 167          │
│ sky130_fd_sc_hd__bufinv                                       │ 1            │
│ sky130_fd_sc_hd__clkbuf                                       │ 144          │
│ sky130_fd_sc_hd__clkinv                                       │ 8            │
│ sky130_fd_sc_hd__clkinvlp                                     │ 3            │
│ sky130_fd_sc_hd__decap                                        │ 1701         │
│ sky130_fd_sc_hd__dfrtp                                        │ 245          │
│ sky130_fd_sc_hd__dfxtp                                        │ 12           │
│ sky130_fd_sc_hd__diode                                        │ 5            │
│ sky130_fd_sc_hd__dlygate4sd1                                  │ 3            │
│ sky130_fd_sc_hd__dlygate4sd3                                  │ 136          │
│ sky130_fd_sc_hd__dlymetal6s2s                                 │ 9            │
│ sky130_fd_sc_hd__fill                                         │ 1270         │
│ sky130_fd_sc_hd__inv                                          │ 281          │
│ sky130_fd_sc_hd__mux2                                         │ 143          │
│ sky130_fd_sc_hd__nand2                                        │ 168          │
│ sky130_fd_sc_hd__nand2b                                       │ 34           │
│ sky130_fd_sc_hd__nand3                                        │ 62           │
│ sky130_fd_sc_hd__nand3b                                       │ 3            │
│ sky130_fd_sc_hd__nand4                                        │ 28           │
│ sky130_fd_sc_hd__nor2                                         │ 125          │
│ sky130_fd_sc_hd__nor3                                         │ 19           │
│ sky130_fd_sc_hd__nor3b                                        │ 2            │
│ sky130_fd_sc_hd__nor4                                         │ 1            │
│ sky130_fd_sc_hd__o211a                                        │ 16           │
│ sky130_fd_sc_hd__o211ai                                       │ 10           │
│ sky130_fd_sc_hd__o21a                                         │ 34           │
│ sky130_fd_sc_hd__o21ai                                        │ 28           │
│ sky130_fd_sc_hd__o21ba                                        │ 8            │
│ sky130_fd_sc_hd__o21bai                                       │ 7            │
│ sky130_fd_sc_hd__o221a                                        │ 8            │
│ sky130_fd_sc_hd__o221ai                                       │ 1            │
│ sky130_fd_sc_hd__o22a                                         │ 2            │
│ sky130_fd_sc_hd__o22ai                                        │ 1            │
│ sky130_fd_sc_hd__o2bb2a                                       │ 12           │
│ sky130_fd_sc_hd__o311a                                        │ 1            │
│ sky130_fd_sc_hd__o31a                                         │ 3            │
│ sky130_fd_sc_hd__o31ai                                        │ 2            │
│ sky130_fd_sc_hd__o32a                                         │ 1            │
│ sky130_fd_sc_hd__or2                                          │ 75           │
│ sky130_fd_sc_hd__or3                                          │ 28           │
│ sky130_fd_sc_hd__or3b                                         │ 5            │
│ sky130_fd_sc_hd__or4                                          │ 1            │
│ sky130_fd_sc_hd__or4b                                         │ 1            │
│ sky130_fd_sc_hd__tapvpwrvgnd                                  │ 912          │
│ sky130_fd_sc_hd__xnor2                                        │ 199          │
│ sky130_fd_sc_hd__xor2                                         │ 76           │
└───────────────────────────────────────────────────────────────┴──────────────┘
                                  Cells by SCL                                  
┏━━━━━━━━━━━━━━━━━━━━━━━━━━━━━━━━━━━━━━━━━━━━━━━━━━━━━━━┳━━━━━━━━━━━━━━━━━━━━━━┓
┃ SCL                                                   ┃ Count                ┃
┡━━━━━━━━━━━━━━━━━━━━━━━━━━━━━━━━━━━━━━━━━━━━━━━━━━━━━━━╇━━━━━━━━━━━━━━━━━━━━━━┩
│ sky130_ef_sc_hd                                       │ 1731                 │
│ sky130_fd_sc_hd                                       │ 6762                 │
└───────────────────────────────────────────────────────┴──────────────────────┘
                             Buffers by Cell Master                             
┏━━━━━━━━━━━━━━━━━━━━━━━━━━━━━━━━━━━━━━━━━━━━━━━━━━━━━━━━━━━━━━━━┳━━━━━━━━━━━━━┓
┃ Buffer                                                         ┃ Count       ┃
┡━━━━━━━━━━━━━━━━━━━━━━━━━━━━━━━━━━━━━━━━━━━━━━━━━━━━━━━━━━━━━━━━╇━━━━━━━━━━━━━┩
│ sky130_fd_sc_hd__buf_1                                         │ 16          │
│ sky130_fd_sc_hd__buf_12                                        │ 1           │
│ sky130_fd_sc_hd__buf_2                                         │ 123         │
│ sky130_fd_sc_hd__buf_4                                         │ 25          │
│ sky130_fd_sc_hd__buf_6                                         │ 1           │
│ sky130_fd_sc_hd__buf_8                                         │ 1           │
│ sky130_fd_sc_hd__clkbuf_1                                      │ 33          │
│ sky130_fd_sc_hd__clkbuf_16                                     │ 5           │
│ sky130_fd_sc_hd__clkbuf_2                                      │ 36          │
│ sky130_fd_sc_hd__clkbuf_4                                      │ 36          │
│ sky130_fd_sc_hd__clkbuf_8                                      │ 34          │
│ sky130_fd_sc_hd__dlygate4sd1_1                                 │ 3           │
│ sky130_fd_sc_hd__dlygate4sd3_1                                 │ 136         │
│ sky130_fd_sc_hd__dlymetal6s2s_1                                │ 9           │
└────────────────────────────────────────────────────────────────┴─────────────┘
