Reading OpenROAD database at '/home/vraj/Hardware/TPU/runs/RUN_2026-09-14_15-30-22/36-openroad-resizertimingpostcts/control_systolic.odb'…
Reading library file at '/home/vraj/.ciel/ciel/sky130/versions/0fe599b2afb6708d281543108caf8310912f54af/sky130A/libs.ref/sky130_fd_sc_hd/lib/sky130_fd_sc_hd__tt_025C_1v80.lib'…
Reading design constraints file at '/nix/store/41c5n1rfapbw2k2daig2yag6mbsifckg-python3-3.11.9-env/lib/python3.11/site-packages/librelane/scripts/base.sdc'…
[INFO] Using clock clk…
[INFO] Setting output delay to: 2
[INFO] Setting input delay to: 2
[INFO] Setting load to: 0.033442
[INFO] Setting clock uncertainty to: 0.25
[INFO] Setting clock transition to: 0.1499999999999999944488848768742172978818416595458984375
[INFO] Setting timing derate to: 5%
[INFO] Setting signal min routing layer to: met1 and clock min routing layer to met1. 
[INFO] Setting signal max routing layer to: met5 and clock max routing layer to met5. 
-congestion_iterations 50 -verbose
[INFO GRT-0020] Min routing layer: met1
[INFO GRT-0021] Max routing layer: met5
[INFO GRT-0022] Global adjustment: 30%
[INFO GRT-0023] Grid origin: (0, 0)
[INFO GRT-0043] No OR_DEFAULT vias defined.
[INFO GRT-0088] Layer li1     Track-Pitch = 0.4600  line-2-Via Pitch: 0.3400
[INFO GRT-0088] Layer met1    Track-Pitch = 0.3400  line-2-Via Pitch: 0.3400
[INFO GRT-0088] Layer met2    Track-Pitch = 0.4600  line-2-Via Pitch: 0.3500
[INFO GRT-0088] Layer met3    Track-Pitch = 0.6800  line-2-Via Pitch: 0.6150
[INFO GRT-0088] Layer met4    Track-Pitch = 0.9200  line-2-Via Pitch: 1.0400
[INFO GRT-0088] Layer met5    Track-Pitch = 3.4000  line-2-Via Pitch: 3.1100
[INFO GRT-0019] Found 38 clock nets.
[INFO GRT-0001] Minimum degree: 2
[INFO GRT-0002] Maximum degree: 16
[INFO GRT-0003] Macros: 0
[INFO GRT-0043] No OR_DEFAULT vias defined.
[INFO GRT-0004] Blockages: 3738

[INFO GRT-0053] Routing resources analysis:
          Routing      Original      Derated      Resource
Layer     Direction    Resources     Resources    Reduction (%)
---------------------------------------------------------------
li1        Vertical            0             0          0.00%
met1       Horizontal      30626         14802          51.67%
met2       Vertical        23270         15106          35.08%
met3       Horizontal      15294         10384          32.10%
met4       Vertical         9412          5864          37.70%
met5       Horizontal       3036          1406          53.69%
---------------------------------------------------------------

[INFO GRT-0197] Via related to pin nodes: 14483
[INFO GRT-0198] Via related Steiner nodes: 216
[INFO GRT-0199] Via filling finished.
[INFO GRT-0111] Final number of vias: 17749
[INFO GRT-0112] Final usage 3D: 62625

[INFO GRT-0096] Final congestion report:
Layer         Resource        Demand        Usage (%)    Max H / Max V / Total Overflow
---------------------------------------------------------------------------------------
li1                  0             0            0.00%             0 /  0 /  0
met1             14802          4214           28.47%             0 /  0 /  0
met2             15106          4693           31.07%             0 /  0 /  0
met3             10384           276            2.66%             0 /  0 /  0
met4              5864           195            3.33%             0 /  0 /  0
met5              1406             0            0.00%             0 /  0 /  0
---------------------------------------------------------------------------------------
Total            47562          9378           19.72%             0 /  0 /  0

[INFO GRT-0018] Total wirelength: 103886 um
[INFO GRT-0014] Routed nets: 2882
%OL_CREATE_REPORT antenna.rpt
[INFO GRT-0043] No OR_DEFAULT vias defined.
Net: _1897_
  Pin:   _2195_/A1 (sky130_fd_sc_hd__mux2_1)
    Layer: mcon
      Partial area ratio:    0.23
      Required ratio:    3.00 (Gate area) 
      Cumulative area ratio:    0.23
      Required ratio:    0.00 (Cumulative area) 

    Layer: met1
      Partial area ratio:  109.79
      Required ratio:    0.00 (Gate area) 
      Cumulative area ratio:  109.79
      Required ratio:    0.00 (Cumulative area) 
      Partial area ratio:  547.50
      Required ratio:  400.00 (Side area) (VIOLATED)
      Cumulative area ratio:  547.50
      Required ratio:    0.00 (Cumulative side area) 

    Layer: via
      Partial area ratio:    0.36
      Required ratio:    6.00 (Gate area) 
      Cumulative area ratio:    0.59
      Required ratio:    0.00 (Cumulative area) 

    Layer: met2
      Partial area ratio:    9.95
      Required ratio:    0.00 (Gate area) 
      Cumulative area ratio:  119.75
      Required ratio:    0.00 (Cumulative area) 
      Partial area ratio:   48.67
      Required ratio: 2771.60 (Side area) 
      Cumulative area ratio:  596.17
      Required ratio:    0.00 (Cumulative side area) 



Net: net277
  Pin:   _4503_/D (sky130_fd_sc_hd__dfrtp_4)
    Layer: mcon
      Partial area ratio:    0.23
      Required ratio:    3.00 (Gate area) 
      Cumulative area ratio:    0.23
      Required ratio:    0.00 (Cumulative area) 

    Layer: met1
      Partial area ratio:    3.37
      Required ratio:    0.00 (Gate area) 
      Cumulative area ratio:    3.37
      Required ratio:    0.00 (Cumulative area) 
      Partial area ratio:   15.39
      Required ratio:  400.00 (Side area) 
      Cumulative area ratio:   15.39
      Required ratio:    0.00 (Cumulative side area) 

    Layer: via
      Partial area ratio:    0.36
      Required ratio:    6.00 (Gate area) 
      Cumulative area ratio:    0.59
      Required ratio:    0.00 (Cumulative area) 

    Layer: met2
      Partial area ratio:    1.48
      Required ratio:    0.00 (Gate area) 
      Cumulative area ratio:    4.85
      Required ratio:    0.00 (Cumulative area) 
      Partial area ratio:    6.83
      Required ratio:  400.00 (Side area) 
      Cumulative area ratio:   22.22
      Required ratio:    0.00 (Cumulative side area) 

    Layer: via2
      Partial area ratio:    0.32
      Required ratio:    6.00 (Gate area) 
      Cumulative area ratio:    0.90
      Required ratio:    0.00 (Cumulative area) 

    Layer: met3
      Partial area ratio:  214.56
      Required ratio:    0.00 (Gate area) 
      Cumulative area ratio:  219.41
      Required ratio:    0.00 (Cumulative area) 
      Partial area ratio: 1148.00
      Required ratio:  400.00 (Side area) (VIOLATED)
      Cumulative area ratio: 1170.22
      Required ratio:    0.00 (Cumulative side area) 

    Layer: via3
      Partial area ratio:    0.32
      Required ratio:    6.00 (Gate area) 
      Cumulative area ratio:    1.22
      Required ratio:    0.00 (Cumulative area) 

    Layer: met4
      Partial area ratio:  132.37
      Required ratio:    0.00 (Gate area) 
      Cumulative area ratio:  351.78
      Required ratio:    0.00 (Cumulative area) 
      Partial area ratio:  709.71
      Required ratio: 2771.60 (Side area) 
      Cumulative area ratio: 1879.94
      Required ratio:    0.00 (Cumulative side area) 



[INFO ANT-0002] Found 2 net violations.
[INFO ANT-0001] Found 2 pin violations.
%OL_END_REPORT
[INFO] Setting RC values…
Setting global connections for newly added cells…
[INFO] Setting global connections...
Updating metrics…
Cell type report:                       Count       Area
  Fill cell                               188     705.68
  Tap cell                                912    1141.09
  Clock buffer                             43     616.84
  Timing Repair Buffer                    416    2960.34
  Inverter                                268    1005.96
  Clock inverter                           25     251.49
  Sequential cell                         257    6396.13
  Multi-Input combinational cell         1865   14040.97
  Total                                  3974   27118.51
Writing OpenROAD database to '/home/vraj/Hardware/TPU/runs/RUN_2026-09-14_15-30-22/38-openroad-globalrouting/control_systolic.odb'…
Writing layout to '/home/vraj/Hardware/TPU/runs/RUN_2026-09-14_15-30-22/38-openroad-globalrouting/control_systolic.def'…
