Reading timing models for corner nom_tt_025C_1v80…
Reading timing library for the 'nom_tt_025C_1v80' corner at '/home/vraj/.ciel/ciel/sky130/versions/0fe599b2afb6708d281543108caf8310912f54af/sky130A/libs.ref/sky130_fd_sc_hd/lib/sky130_fd_sc_hd__tt_025C_1v80.lib'…
Reading timing models for corner nom_ff_n40C_1v95…
Reading timing library for the 'nom_ff_n40C_1v95' corner at '/home/vraj/.ciel/ciel/sky130/versions/0fe599b2afb6708d281543108caf8310912f54af/sky130A/libs.ref/sky130_fd_sc_hd/lib/sky130_fd_sc_hd__ff_n40C_1v95.lib'…
Reading timing models for corner nom_ss_100C_1v60…
Reading timing library for the 'nom_ss_100C_1v60' corner at '/home/vraj/.ciel/ciel/sky130/versions/0fe599b2afb6708d281543108caf8310912f54af/sky130A/libs.ref/sky130_fd_sc_hd/lib/sky130_fd_sc_hd__ss_100C_1v60.lib'…
Reading OpenROAD database at '/home/vraj/Hardware/TPU/runs/RUN_2026-09-14_15-30-22/34-openroad-cts/control_systolic.odb'…
Reading design constraints file at '/nix/store/41c5n1rfapbw2k2daig2yag6mbsifckg-python3-3.11.9-env/lib/python3.11/site-packages/librelane/scripts/base.sdc'…
[INFO] Using clock clk…
[INFO] Setting output delay to: 2
[INFO] Setting input delay to: 2
[INFO] Setting load to: 0.033442
[INFO] Setting clock uncertainty to: 0.25
[INFO] Setting clock transition to: 0.1499999999999999944488848768742172978818416595458984375
[INFO] Setting timing derate to: 5%
[INFO] Setting RC values…
[INFO RSZ-0094] Found 23 endpoints with setup violations.
[INFO RSZ-0099] Repairing 23 out of 23 (100.00%) violating endpoints...
   Iter   | Removed | Resized | Inserted | Cloned |  Pin  |    WNS   |   TNS      |  Viol  | Worst
          | Buffers |  Gates  | Buffers  |  Gates | Swaps |          |            | Endpts | Endpt
---------------------------------------------------------------------------------------------------
        0 |       0 |       0 |        0 |      0 |     0 |   -1.325 |       -8.5 |     23 | _4323_/D
       10 |       0 |       9 |        0 |      0 |     0 |   -0.716 |       -5.1 |     23 | _4323_/D
       20 |       0 |      17 |        3 |      0 |     1 |   -0.399 |       -2.6 |     23 | _4323_/D
       30 |       0 |      23 |        8 |      0 |     3 |   -0.222 |       -1.2 |     23 | _4323_/D
       40 |       0 |      28 |        8 |      0 |     8 |   -0.306 |       -1.0 |     23 | _4323_/D
       50 |       0 |      35 |        8 |      0 |    11 |   -0.128 |       -0.3 |     23 | _4323_/D
       60 |       0 |      41 |       15 |      0 |    12 |   -0.308 |       -0.6 |     23 | _4339_/D
       67 |       0 |      37 |       12 |      0 |    11 |   -0.128 |       -0.3 |     23 | _4323_/D
       70 |       0 |      37 |       17 |      0 |    11 |   -0.308 |       -0.7 |     23 | _4323_/D
       80 |       0 |      45 |       22 |      0 |    11 |   -0.132 |       -0.2 |     23 | _4323_/D
       80 |       0 |      39 |       16 |      0 |    11 |   -0.128 |       -0.3 |     22 | _4323_/D
       81 |       0 |      39 |       16 |      0 |    11 |   -0.128 |       -0.3 |     21 | _4323_/D
       82 |       0 |      39 |       16 |      0 |    11 |   -0.128 |       -0.3 |     20 | _4323_/D
       83 |       0 |      39 |       16 |      0 |    11 |   -0.128 |       -0.3 |     19 | _4323_/D
       89 |       0 |      44 |       16 |      0 |    11 |   -0.128 |       -0.3 |     17 | _4323_/D
       90 |       0 |      44 |       16 |      0 |    11 |   -0.128 |       -0.3 |     17 | _4323_/D
       90 |       0 |      44 |       16 |      0 |    11 |   -0.128 |       -0.3 |     16 | _4323_/D
       93 |       0 |      46 |       16 |      0 |    11 |   -0.128 |       -0.2 |     14 | _4323_/D
       94 |       0 |      46 |       16 |      0 |    11 |   -0.128 |       -0.2 |     13 | _4323_/D
       95 |       0 |      46 |       16 |      0 |    11 |   -0.128 |       -0.2 |     12 | _4323_/D
       96 |       0 |      46 |       16 |      0 |    11 |   -0.128 |       -0.2 |     11 | _4323_/D
       97 |       0 |      46 |       16 |      0 |    11 |   -0.128 |       -0.2 |     10 | _4323_/D
       98 |       0 |      46 |       16 |      0 |    11 |   -0.128 |       -0.2 |      9 | _4323_/D
       99 |       0 |      46 |       16 |      0 |    11 |   -0.128 |       -0.2 |      8 | _4323_/D
      100 |       0 |      46 |       16 |      0 |    11 |   -0.128 |       -0.2 |      8 | _4323_/D
      100 |       0 |      46 |       16 |      0 |    11 |   -0.128 |       -0.2 |      7 | _4323_/D
      101 |       0 |      46 |       16 |      0 |    11 |   -0.128 |       -0.2 |      6 | _4323_/D
      102 |       0 |      46 |       16 |      0 |    11 |   -0.128 |       -0.2 |      5 | _4323_/D
      104 |       0 |      47 |       16 |      0 |    11 |   -0.128 |       -0.2 |      3 | _4323_/D
      105 |       0 |      47 |       16 |      0 |    11 |   -0.128 |       -0.2 |      2 | _4323_/D
      106 |       0 |      47 |       16 |      0 |    11 |   -0.128 |       -0.2 |      1 | _4323_/D
      107 |       0 |      47 |       16 |      0 |    11 |   -0.128 |       -0.2 |      0 | _4323_/D
      108 |       0 |      47 |       16 |      0 |    11 |   -0.128 |       -0.2 |      0 | _4323_/D
      109 |       0 |      47 |       16 |      0 |    11 |   -0.128 |       -0.2 |      0 | _4323_/D
     110* |       0 |      47 |       16 |      0 |    11 |   -0.128 |       -0.2 |      2 | _4323_/D
     112* |       0 |      49 |       16 |      0 |    11 |   -0.102 |       -0.2 |      2 | _4323_/D
     113* |       0 |      49 |       16 |      0 |    11 |   -0.102 |       -0.2 |      2 | _4323_/D
    final |       0 |      49 |       16 |      0 |    11 |   -0.102 |       -0.2 |      2 | _4323_/D
---------------------------------------------------------------------------------------------------
[INFO RSZ-0040] Inserted 5 buffers.
[INFO RSZ-0041] Resized 49 instances.
[INFO RSZ-0043] Swapped pins on 11 instances.
[WARNING RSZ-0062] Unable to repair all setup violations.
[INFO RSZ-0046] Found 151 endpoints with hold violations.
Iteration | Resized | Buffers | Cloned Gates |   WNS   |   TNS   | Endpoint
---------------------------------------------------------------------------
        0 |       0 |       0 |            0 |  -0.004 |  -0.031 | _4490_/D
    final |       0 |     136 |            0 |   0.022 |   0.000 | _4473_/D
---------------------------------------------------------------------------
[WARNING RSZ-0064] Unable to repair all hold checks within margin.
[INFO RSZ-0032] Inserted 136 hold buffers.
Placement Analysis
---------------------------------
total displacement       1029.1 u
average displacement        0.3 u
max displacement           12.9 u
original HPWL           59414.0 u
legalized HPWL          62132.1 u
delta HPWL                    5 %

[INFO DPL-0020] Mirrored 1272 instances
[INFO DPL-0021] HPWL before           62132.1 u
[INFO DPL-0022] HPWL after            60014.2 u
[INFO DPL-0023] HPWL delta               -3.4 %
[INFO] Setting RC values…
Setting global connections for newly added cells…
[INFO] Setting global connections...
Updating metrics…
Cell type report:                       Count       Area
  Fill cell                               188     705.68
  Tap cell                                912    1141.09
  Clock buffer                             43     616.84
  Timing Repair Buffer                    416    2960.34
  Inverter                                268    1005.96
  Clock inverter                           25     251.49
  Sequential cell                         257    6396.13
  Multi-Input combinational cell         1865   14040.97
  Total                                  3974   27118.51
Writing OpenROAD database to '/home/vraj/Hardware/TPU/runs/RUN_2026-09-14_15-30-22/36-openroad-resizertimingpostcts/control_systolic.odb'…
Writing netlist to '/home/vraj/Hardware/TPU/runs/RUN_2026-09-14_15-30-22/36-openroad-resizertimingpostcts/control_systolic.nl.v'…
Writing powered netlist to '/home/vraj/Hardware/TPU/runs/RUN_2026-09-14_15-30-22/36-openroad-resizertimingpostcts/control_systolic.pnl.v'…
Writing layout to '/home/vraj/Hardware/TPU/runs/RUN_2026-09-14_15-30-22/36-openroad-resizertimingpostcts/control_systolic.def'…
Writing timing constraints to '/home/vraj/Hardware/TPU/runs/RUN_2026-09-14_15-30-22/36-openroad-resizertimingpostcts/control_systolic.sdc'…
