Clock: clk
Sources: clk 
Generated: no
Virtual: yes
Propagated: no
Period: 10.000000

===========================================================================
report_clock_properties
============================================================================
Clock                   Period          Waveform
----------------------------------------------------
clk                  10.000000    0.000000  5.000000

===========================================================================
report_clock_latency
============================================================================
Clock clk
rise -> rise
    min     max
0.000000 0.000000 source latency
0.480968         network latency _4503_/CLK
        0.654001 network latency _4454_/CLK
---------------
0.480968 0.654001 latency
        0.173033 skew

fall -> fall
    min     max
0.000000 0.000000 source latency
0.417424         network latency _4503_/CLK
        0.586926 network latency _4454_/CLK
---------------
0.417424 0.586926 latency
        0.169502 skew



===========================================================================
report_clock_min_period
============================================================================
clk period_min = 5.42 fmax = 184.49
