
===========================================================================
 report_power
============================================================================
======================= min_tt_025C_1v80 Corner ===================================

Group                    Internal    Switching      Leakage        Total
                            Power        Power        Power        Power (Watts)
------------------------------------------------------------------------
Sequential           1.441779e-03 2.248907e-04 3.052980e-09 1.666673e-03  19.2%
Combinational        3.046037e-03 3.021030e-03 9.477544e-09 6.067076e-03  69.8%
Clock                4.809050e-04 4.733235e-04 5.949046e-09 9.542344e-04  11.0%
Macro                0.000000e+00 0.000000e+00 0.000000e+00 0.000000e+00   0.0%
Pad                  0.000000e+00 0.000000e+00 0.000000e+00 0.000000e+00   0.0%
------------------------------------------------------------------------
Total                4.968722e-03 3.719243e-03 1.847976e-08 8.687984e-03 100.0%
                            57.2%        42.8%         0.0%

