117. Printing statistics.

=== control_systolic ===

   Number of wires:               2559
   Number of wire bits:           2824
   Number of public wires:          41
   Number of public wire bits:     298
   Number of ports:                 12
   Number of port bits:             73
   Number of memories:               0
   Number of memory bits:            0
   Number of processes:              0
   Number of cells:               2779
     $_ANDNOT_                     601
     $_AND_                        155
     $_MUX_                        337
     $_NAND_                       165
     $_NOR_                         44
     $_NOT_                        353
     $_ORNOT_                       48
     $_OR_                         218
     $_XNOR_                       104
     $_XOR_                        497
     sky130_fd_sc_hd__dfrtp_2      245
     sky130_fd_sc_hd__dfxtp_2       12

   Area for cell type $_NOT_ is unknown!
   Area for cell type $_AND_ is unknown!
   Area for cell type $_NAND_ is unknown!
   Area for cell type $_OR_ is unknown!
   Area for cell type $_NOR_ is unknown!
   Area for cell type $_XOR_ is unknown!
   Area for cell type $_XNOR_ is unknown!
   Area for cell type $_ANDNOT_ is unknown!
   Area for cell type $_ORNOT_ is unknown!
   Area for cell type $_MUX_ is unknown!

   Chip area for module '\control_systolic': 6692.668800
     of which used for sequential elements: 6692.668800 (100.00%)

