111. Printing statistics.

=== control_systolic ===

   Number of wires:               2138
   Number of wire bits:           2403
   Number of public wires:          41
   Number of public wire bits:     298
   Number of ports:                 12
   Number of port bits:             73
   Number of memories:               0
   Number of memory bits:            0
   Number of processes:              0
   Number of cells:               2358
     $_ANDNOT_                     601
     $_AND_                        155
     $_DFFE_PP0P_                  160
     $_DFF_PP0_                     85
     $_MUX_                        161
     $_NAND_                       165
     $_NOR_                         44
     $_NOT_                        108
     $_ORNOT_                       48
     $_OR_                         218
     $_SDFFE_PP0P_                   4
     $_SDFF_PP0_                     8
     $_XNOR_                       104
     $_XOR_                        497

   Area for cell type $_NOT_ is unknown!
   Area for cell type $_AND_ is unknown!
   Area for cell type $_NAND_ is unknown!
   Area for cell type $_OR_ is unknown!
   Area for cell type $_NOR_ is unknown!
   Area for cell type $_XOR_ is unknown!
   Area for cell type $_XNOR_ is unknown!
   Area for cell type $_ANDNOT_ is unknown!
   Area for cell type $_ORNOT_ is unknown!
   Area for cell type $_MUX_ is unknown!
   Area for cell type $_DFF_PP0_ is unknown!
   Area for cell type $_DFFE_PP0P_ is unknown!
   Area for cell type $_SDFF_PP0_ is unknown!
   Area for cell type $_SDFFE_PP0P_ is unknown!

