Clock: clk
Sources: clk 
Generated: no
Virtual: yes
Propagated: no
Period: 10.000000

===========================================================================
report_clock_properties
============================================================================
Clock                   Period          Waveform
----------------------------------------------------
clk                  10.000000    0.000000  5.000000

===========================================================================
report_clock_latency
============================================================================
Clock clk
rise -> rise
    min     max
0.000000 0.000000 source latency
0.335641         network latency _4503_/CLK
        0.453643 network latency _4454_/CLK
---------------
0.335641 0.453643 latency
        0.118002 skew

fall -> fall
    min     max
0.000000 0.000000 source latency
0.286879         network latency _4503_/CLK
        0.403477 network latency _4454_/CLK
---------------
0.286879 0.403477 latency
        0.116598 skew



===========================================================================
report_clock_min_period
============================================================================
clk period_min = 3.52 fmax = 283.77
