Clock: clk
Sources: clk 
Generated: no
Virtual: yes
Propagated: no
Period: 10.000000

===========================================================================
report_clock_properties
============================================================================
Clock                   Period          Waveform
----------------------------------------------------
clk                  10.000000    0.000000  5.000000

===========================================================================
report_clock_latency
============================================================================
Clock clk
rise -> rise
    min     max
0.000000 0.000000 source latency
0.418691         network latency _4503_/CLK
        0.585337 network latency _4291_/CLK
---------------
0.418691 0.585337 latency
        0.166646 skew

fall -> fall
    min     max
0.000000 0.000000 source latency
0.378594         network latency _4503_/CLK
        0.543496 network latency _4291_/CLK
---------------
0.378594 0.543496 latency
        0.164902 skew



===========================================================================
report_clock_min_period
============================================================================
clk period_min = 5.36 fmax = 186.53
