
===========================================================================
 report_power
============================================================================
======================= nom_tt_025C_1v80 Corner ===================================

Group                    Internal    Switching      Leakage        Total
                            Power        Power        Power        Power (Watts)
------------------------------------------------------------------------
Sequential           1.441983e-03 2.047135e-04 3.052980e-09 1.646699e-03  19.1%
Combinational        3.050100e-03 2.980625e-03 9.477544e-09 6.030734e-03  70.1%
Clock                4.805327e-04 4.415999e-04 1.046816e-09 9.221337e-04  10.7%
Macro                0.000000e+00 0.000000e+00 0.000000e+00 0.000000e+00   0.0%
Pad                  0.000000e+00 0.000000e+00 0.000000e+00 0.000000e+00   0.0%
------------------------------------------------------------------------
Total                4.972615e-03 3.626938e-03 1.357735e-08 8.599567e-03 100.0%
                            57.8%        42.2%         0.0%
Writing metric power__internal__total: 0.00497261481359601
Writing metric power__switching__total: 0.00362693821080029
Writing metric power__leakage__total: 1.3577349911031433e-8
Writing metric power__total: 0.008599567227065563

