Reading OpenROAD database at '/home/vraj/Hardware/TPU/runs/RUN_2026-09-14_15-30-22/17-openroad-cutrows/control_systolic.odb'…
Reading library file at '/home/vraj/.ciel/ciel/sky130/versions/0fe599b2afb6708d281543108caf8310912f54af/sky130A/libs.ref/sky130_fd_sc_hd/lib/sky130_fd_sc_hd__tt_025C_1v80.lib'…
Reading design constraints file at '/nix/store/41c5n1rfapbw2k2daig2yag6mbsifckg-python3-3.11.9-env/lib/python3.11/site-packages/librelane/scripts/base.sdc'…
[INFO] Using clock clk…
[INFO] Setting output delay to: 2
[INFO] Setting input delay to: 2
[INFO] Setting load to: 0.033442
[INFO] Setting clock uncertainty to: 0.25
[INFO] Setting clock transition to: 0.1499999999999999944488848768742172978818416595458984375
[INFO] Setting timing derate to: 5%
[INFO TAP-0004] Inserted 188 endcaps.
[INFO TAP-0005] Inserted 912 tapcells.
Setting global connections for newly added cells…
[INFO] Setting global connections...
Updating metrics…
Cell type report:                       Count       Area
  Fill cell                               188     705.68
  Tap cell                                912    1141.09
  Inverter                                268    1005.96
  Sequential cell                         257    6692.67
  Multi-Input combinational cell         1865   18625.36
  Total                                  3490   28170.77
Writing OpenROAD database to '/home/vraj/Hardware/TPU/runs/RUN_2026-09-14_15-30-22/18-openroad-tapendcapinsertion/control_systolic.odb'…
Writing netlist to '/home/vraj/Hardware/TPU/runs/RUN_2026-09-14_15-30-22/18-openroad-tapendcapinsertion/control_systolic.nl.v'…
Writing powered netlist to '/home/vraj/Hardware/TPU/runs/RUN_2026-09-14_15-30-22/18-openroad-tapendcapinsertion/control_systolic.pnl.v'…
Writing layout to '/home/vraj/Hardware/TPU/runs/RUN_2026-09-14_15-30-22/18-openroad-tapendcapinsertion/control_systolic.def'…
Writing timing constraints to '/home/vraj/Hardware/TPU/runs/RUN_2026-09-14_15-30-22/18-openroad-tapendcapinsertion/control_systolic.sdc'…
