Reading OpenROAD database at '/home/vraj/Hardware/TPU/runs/RUN_2026-09-14_15-30-22/24-openroad-ioplacement/control_systolic.odb'…
Reading library file at '/home/vraj/.ciel/ciel/sky130/versions/0fe599b2afb6708d281543108caf8310912f54af/sky130A/libs.ref/sky130_fd_sc_hd/lib/sky130_fd_sc_hd__tt_025C_1v80.lib'…
Reading design constraints file at '/nix/store/41c5n1rfapbw2k2daig2yag6mbsifckg-python3-3.11.9-env/lib/python3.11/site-packages/librelane/scripts/base.sdc'…
[INFO] Using clock clk…
[INFO] Setting output delay to: 2
[INFO] Setting input delay to: 2
[INFO] Setting load to: 0.033442
[INFO] Setting clock uncertainty to: 0.25
[INFO] Setting clock transition to: 0.1499999999999999944488848768742172978818416595458984375
[INFO] Setting timing derate to: 5%
[INFO] Setting RC values…
[INFO] Setting signal min routing layer to: met1 and clock min routing layer to met1. 
[INFO] Setting signal max routing layer to: met5 and clock max routing layer to met5. 
+ global_placement -density 0.5192479999999999 -timing_driven -routability_driven -pad_right 0 -pad_left 0 -init_wirelength_coef 0.25
[INFO GPL-0002] DBU: 1000
[INFO GPL-0003] SiteSize: (  0.460  2.720 ) um
[INFO GPL-0004] CoreBBox: (  5.520 10.880 ) ( 261.740 266.560 ) um
[INFO GPL-0006] NumInstances:              3490
[INFO GPL-0007] NumPlaceInstances:         2390
[INFO GPL-0008] NumFixedInstances:         1100
[INFO GPL-0009] NumDummyInstances:            0
[INFO GPL-0010] NumNets:                   2429
[INFO GPL-0011] NumPins:                   8736
[INFO GPL-0012] DieBBox:  (  0.000  0.000 ) ( 267.575 278.295 ) um
[INFO GPL-0013] CoreBBox: (  5.520 10.880 ) ( 261.740 266.560 ) um
[INFO GPL-0016] CoreArea:             65510.330 um^2
[INFO GPL-0017] NonPlaceInstsArea:     1846.771 um^2
[INFO GPL-0018] PlaceInstsArea:       26323.997 um^2
[INFO GPL-0019] Util:                    41.349 %
[INFO GPL-0020] StdInstsArea:         26323.997 um^2
[INFO GPL-0021] MacroInstsArea:           0.000 um^2
[InitialPlace]  Iter: 1 CG residual: 0.00013831 HPWL: 59788689
[InitialPlace]  Iter: 2 CG residual: 0.00027354 HPWL: 34761161
[InitialPlace]  Iter: 3 CG residual: 0.00002285 HPWL: 34749334
[InitialPlace]  Iter: 4 CG residual: 0.00010195 HPWL: 34753758
[InitialPlace]  Iter: 5 CG residual: 0.00004342 HPWL: 34648755
[InitialPlace]  Iter: 6 CG residual: 0.00001574 HPWL: 34631374
[InitialPlace]  Iter: 7 CG residual: 0.00001552 HPWL: 34592752
[InitialPlace]  Iter: 8 CG residual: 0.00000679 HPWL: 34591075
[INFO GPL-0031] FillerInit:NumGCells:      3027
[INFO GPL-0032] FillerInit:NumGNets:       2429
[INFO GPL-0033] FillerInit:NumGPins:       8736
[INFO GPL-0023] TargetDensity:            0.519
[INFO GPL-0024] AvrgPlaceInstArea:       11.014 um^2
[INFO GPL-0025] IdealBinArea:            21.212 um^2
[INFO GPL-0026] IdealBinCnt:               3088
[INFO GPL-0027] TotalBinArea:         65510.330 um^2
[INFO GPL-0028] BinCnt:        32     32
[INFO GPL-0029] BinSize: (  8.007  7.990 )
[INFO GPL-0030] NumBins: 1024
[NesterovSolve] Iter:    1 overflow: 0.929 HPWL: 17445970
[NesterovSolve] Iter:   10 overflow: 0.857 HPWL: 20954124
[NesterovSolve] Iter:   20 overflow: 0.833 HPWL: 22020667
[NesterovSolve] Iter:   30 overflow: 0.828 HPWL: 22231214
[NesterovSolve] Iter:   40 overflow: 0.823 HPWL: 22364497
[NesterovSolve] Iter:   50 overflow: 0.820 HPWL: 22492490
[NesterovSolve] Iter:   60 overflow: 0.825 HPWL: 22503542
[NesterovSolve] Iter:   70 overflow: 0.825 HPWL: 22416151
[NesterovSolve] Iter:   80 overflow: 0.825 HPWL: 22315186
[NesterovSolve] Iter:   90 overflow: 0.824 HPWL: 22265786
[NesterovSolve] Iter:  100 overflow: 0.826 HPWL: 22277772
[NesterovSolve] Iter:  110 overflow: 0.824 HPWL: 22334156
[NesterovSolve] Iter:  120 overflow: 0.824 HPWL: 22412354
[NesterovSolve] Iter:  130 overflow: 0.822 HPWL: 22500691
[NesterovSolve] Iter:  140 overflow: 0.819 HPWL: 22615483
[NesterovSolve] Iter:  150 overflow: 0.819 HPWL: 22801871
[NesterovSolve] Iter:  160 overflow: 0.816 HPWL: 23117336
[NesterovSolve] Iter:  170 overflow: 0.810 HPWL: 23614057
[NesterovSolve] Iter:  180 overflow: 0.798 HPWL: 24352628
[NesterovSolve] Iter:  190 overflow: 0.786 HPWL: 25407243
[INFO GPL-0100] Timing-driven: executing resizer for reweighting nets.
[INFO GPL-0101] Timing-driven: worst slack 4.34e-09
[INFO GPL-0103] Timing-driven: weighted 242 nets.
[NesterovSolve] Iter:  200 overflow: 0.770 HPWL: 26506101
[NesterovSolve] Iter:  210 overflow: 0.746 HPWL: 27988773
[NesterovSolve] Iter:  220 overflow: 0.710 HPWL: 29607748
[NesterovSolve] Iter:  230 overflow: 0.672 HPWL: 30863901
[NesterovSolve] Iter:  240 overflow: 0.638 HPWL: 32223673
[INFO GPL-0100] Timing-driven: executing resizer for reweighting nets.
[INFO GPL-0101] Timing-driven: worst slack 4.03e-09
[INFO GPL-0103] Timing-driven: weighted 239 nets.
[NesterovSolve] Snapshot saved at iter = 247
[NesterovSolve] Iter:  250 overflow: 0.588 HPWL: 33784769
[NesterovSolve] Iter:  260 overflow: 0.546 HPWL: 35054466
[NesterovSolve] Iter:  270 overflow: 0.501 HPWL: 36320669
[INFO GPL-0100] Timing-driven: executing resizer for reweighting nets.
[INFO GPL-0101] Timing-driven: worst slack 4.01e-09
[INFO GPL-0103] Timing-driven: weighted 242 nets.
[NesterovSolve] Iter:  280 overflow: 0.454 HPWL: 37200647
[NesterovSolve] Iter:  290 overflow: 0.401 HPWL: 38133727
[NesterovSolve] Iter:  300 overflow: 0.350 HPWL: 38604160
[NesterovSolve] Iter:  310 overflow: 0.310 HPWL: 38857116
[INFO GPL-0075] Routability numCall: 1 inflationIterCnt: 1 bloatIterCnt: 0
[INFO GPL-0036] TileBBox: (    0    0 ) ( 6900 6900 ) DBU
[INFO GPL-0038] TileCnt:      38   40
[INFO GPL-0040] NumTiles: 1520
[INFO GPL-0081] TotalRouteOverflow: 0
[INFO GPL-0082] OverflowTileCnt: 0
[INFO GPL-0083] 0.5%RC: 0.820512093603611
[INFO GPL-0084] 1.0%RC: 0.7996918708086014
[INFO GPL-0085] 2.0%RC: 0.7754895514057528
[INFO GPL-0086] 5.0%RC: 0.7404787705132836
[INFO GPL-0087] FinalRC: 0.810102
[INFO GPL-0077] FinalRC lower than targetRC(1.01), routability not needed.
[INFO GPL-0100] Timing-driven: executing resizer for reweighting nets.
[INFO GPL-0101] Timing-driven: worst slack 4.3e-09
[INFO GPL-0103] Timing-driven: weighted 241 nets.
[NesterovSolve] Iter:  320 overflow: 0.272 HPWL: 38774973
[NesterovSolve] Iter:  330 overflow: 0.242 HPWL: 38967523
[NesterovSolve] Iter:  340 overflow: 0.210 HPWL: 38909034
[INFO GPL-0100] Timing-driven: executing resizer for reweighting nets.
[INFO GPL-0101] Timing-driven: worst slack 4.04e-09
[INFO GPL-0103] Timing-driven: weighted 242 nets.
[NesterovSolve] Iter:  350 overflow: 0.185 HPWL: 39064237
[NesterovSolve] Iter:  360 overflow: 0.161 HPWL: 39239733
[NesterovSolve] Iter:  370 overflow: 0.144 HPWL: 39444564
[INFO GPL-0100] Timing-driven: executing resizer for reweighting nets.
[INFO GPL-0101] Timing-driven: worst slack 4.32e-09
[INFO GPL-0103] Timing-driven: weighted 241 nets.
[NesterovSolve] Iter:  380 overflow: 0.123 HPWL: 39607288
[NesterovSolve] Iter:  390 overflow: 0.105 HPWL: 39686614
[NesterovSolve] Finished with Overflow: 0.099204
[INFO] Setting RC values…
Setting global connections for newly added cells…
[INFO] Setting global connections...
Updating metrics…
Cell type report:                       Count       Area
  Fill cell                               188     705.68
  Tap cell                                912    1141.09
  Inverter                                268    1005.96
  Sequential cell                         257    6692.67
  Multi-Input combinational cell         1865   18625.36
  Total                                  3490   28170.77
Writing OpenROAD database to '/home/vraj/Hardware/TPU/runs/RUN_2026-09-14_15-30-22/27-openroad-globalplacement/control_systolic.odb'…
Writing netlist to '/home/vraj/Hardware/TPU/runs/RUN_2026-09-14_15-30-22/27-openroad-globalplacement/control_systolic.nl.v'…
Writing powered netlist to '/home/vraj/Hardware/TPU/runs/RUN_2026-09-14_15-30-22/27-openroad-globalplacement/control_systolic.pnl.v'…
Writing layout to '/home/vraj/Hardware/TPU/runs/RUN_2026-09-14_15-30-22/27-openroad-globalplacement/control_systolic.def'…
Writing timing constraints to '/home/vraj/Hardware/TPU/runs/RUN_2026-09-14_15-30-22/27-openroad-globalplacement/control_systolic.sdc'…
