Clock: clk
Sources: clk 
Generated: no
Virtual: yes
Propagated: no
Period: 10.000000

===========================================================================
report_clock_properties
============================================================================
Clock                   Period          Waveform
----------------------------------------------------
clk                  10.000000    0.000000  5.000000

===========================================================================
report_clock_latency
============================================================================
Clock clk
rise -> rise
    min     max
0.000000 0.000000 source latency
0.515060         network latency _4503_/CLK
        0.695412 network latency _4454_/CLK
---------------
0.515060 0.695412 latency
        0.180352 skew

fall -> fall
    min     max
0.000000 0.000000 source latency
0.441482         network latency _4503_/CLK
        0.617062 network latency _4454_/CLK
---------------
0.441482 0.617062 latency
        0.175580 skew



===========================================================================
report_clock_min_period
============================================================================
clk period_min = 5.54 fmax = 180.41
