
===========================================================================
 report_power
============================================================================
======================= max_tt_025C_1v80 Corner ===================================

Group                    Internal    Switching      Leakage        Total
                            Power        Power        Power        Power (Watts)
------------------------------------------------------------------------
Sequential           1.441653e-03 2.496599e-04 3.052980e-09 1.691316e-03  18.9%
Combinational        3.048195e-03 3.224528e-03 9.477544e-09 6.272732e-03  70.1%
Clock                4.813710e-04 5.076922e-04 5.949046e-09 9.890691e-04  11.0%
Macro                0.000000e+00 0.000000e+00 0.000000e+00 0.000000e+00   0.0%
Pad                  0.000000e+00 0.000000e+00 0.000000e+00 0.000000e+00   0.0%
------------------------------------------------------------------------
Total                4.971220e-03 3.981879e-03 1.847976e-08 8.953117e-03 100.0%
                            55.5%        44.5%         0.0%

