Clock: clk
Sources: clk 
Generated: no
Virtual: no
Propagated: no
Period: 10.000000

===========================================================================
report_clock_properties
============================================================================
Clock                   Period          Waveform
----------------------------------------------------
clk                  10.000000    0.000000  5.000000

===========================================================================
report_clock_latency
============================================================================
Clock clk
rise -> rise
    min     max
0.000000 0.000000 source latency
1.172695         network latency _4264_/CLK
        1.172695 network latency _4264_/CLK
---------------
1.172695 1.172695 latency
        0.000000 skew

fall -> fall
    min     max
0.000000 0.000000 source latency
0.512309         network latency _4264_/CLK
        0.512309 network latency _4264_/CLK
---------------
0.512309 0.512309 latency
        0.000000 skew



===========================================================================
report_clock_min_period
============================================================================
clk period_min = 4.18 fmax = 239.15
