
===========================================================================
 report_power
============================================================================
======================= nom_ff_n40C_1v95 Corner ===================================

Group                    Internal    Switching      Leakage        Total
                            Power        Power        Power        Power (Watts)
------------------------------------------------------------------------
Sequential           1.748297e-03 2.500784e-04 4.910840e-09 1.998380e-03  20.1%
Combinational        4.671009e-03 3.273399e-03 2.151984e-08 7.944430e-03  79.9%
Clock                0.000000e+00 0.000000e+00 0.000000e+00 0.000000e+00   0.0%
Macro                0.000000e+00 0.000000e+00 0.000000e+00 0.000000e+00   0.0%
Pad                  0.000000e+00 0.000000e+00 0.000000e+00 0.000000e+00   0.0%
------------------------------------------------------------------------
Total                6.419308e-03 3.523480e-03 2.643066e-08 9.942814e-03 100.0%
                            64.6%        35.4%         0.0%

