
===========================================================================
 report_power
============================================================================
======================= nom_tt_025C_1v80 Corner ===================================

Group                    Internal    Switching      Leakage        Total
                            Power        Power        Power        Power (Watts)
------------------------------------------------------------------------
Sequential           1.443079e-03 2.046004e-04 3.052980e-09 1.647682e-03  21.0%
Combinational        2.756029e-03 2.553718e-03 8.683997e-09 5.309755e-03  67.7%
Clock                4.798671e-04 4.095773e-04 1.046794e-09 8.894454e-04  11.3%
Macro                0.000000e+00 0.000000e+00 0.000000e+00 0.000000e+00   0.0%
Pad                  0.000000e+00 0.000000e+00 0.000000e+00 0.000000e+00   0.0%
------------------------------------------------------------------------
Total                4.678976e-03 3.167896e-03 1.278378e-08 7.846885e-03 100.0%
                            59.6%        40.4%         0.0%
Writing metric power__internal__total: 0.004678976256400347
Writing metric power__switching__total: 0.0031678962986916304
Writing metric power__leakage__total: 1.2783780256597765e-8
Writing metric power__total: 0.007846885360777378

